src/app/[locale]/(dashboard)/accounting/journal-entries/page.tsx(14,150): error TS2353: Object literal may only specify known properties, and 'total_debit' does not exist in type 'JournalEntry'.
src/app/[locale]/(dashboard)/accounting/journal-entries/page.tsx(15,159): error TS2353: Object literal may only specify known properties, and 'total_debit' does not exist in type 'JournalEntry'.
src/app/[locale]/(dashboard)/accounting/journal-entries/page.tsx(16,157): error TS2353: Object literal may only specify known properties, and 'total_debit' does not exist in type 'JournalEntry'.
src/app/[locale]/(dashboard)/accounting/journal-entries/page.tsx(17,155): error TS2353: Object literal may only specify known properties, and 'total_debit' does not exist in type 'JournalEntry'.
src/app/[locale]/(dashboard)/accounting/month-closing/page.tsx(9,26): error TS2307: Cannot find module '@/components/ui/progress' or its corresponding type declarations.
src/app/[locale]/(dashboard)/directories/counterparties/[id]/page.tsx(67,32): error TS2339: Property 'name' does not exist on type 'AxiosResponse<any, any, {}>'.
src/app/[locale]/(dashboard)/directories/counterparties/[id]/page.tsx(135,39): error TS2339: Property 'total_balance' does not exist on type 'AxiosResponse<any, any, {}>'.
src/app/[locale]/(dashboard)/directories/counterparties/[id]/page.tsx(143,71): error TS2339: Property 'name' does not exist on type 'AxiosResponse<any, any, {}>'.
src/app/[locale]/(dashboard)/directories/counterparties/[id]/page.tsx(144,78): error TS2339: Property 'inn' does not exist on type 'AxiosResponse<any, any, {}>'.
src/app/[locale]/(dashboard)/directories/counterparties/[id]/page.tsx(148,51): error TS2339: Property 'is_active' does not exist on type 'AxiosResponse<any, any, {}>'.
src/app/[locale]/(dashboard)/directories/counterparties/[id]/page.tsx(149,40): error TS2339: Property 'is_active' does not exist on type 'AxiosResponse<any, any, {}>'.
src/app/[locale]/(dashboard)/directories/counterparties/[id]/page.tsx(186,75): error TS2339: Property 'name' does not exist on type 'AxiosResponse<any, any, {}>'.
src/app/[locale]/(dashboard)/directories/counterparties/[id]/page.tsx(190,75): error TS2339: Property 'inn' does not exist on type 'AxiosResponse<any, any, {}>'.
src/app/[locale]/(dashboard)/directories/counterparties/[id]/page.tsx(194,75): error TS2339: Property 'type' does not exist on type 'AxiosResponse<any, any, {}>'.
src/app/[locale]/(dashboard)/directories/counterparties/[id]/page.tsx(198,75): error TS2339: Property 'email' does not exist on type 'AxiosResponse<any, any, {}>'.
src/app/[locale]/(dashboard)/directories/counterparties/[id]/page.tsx(202,75): error TS2339: Property 'phone' does not exist on type 'AxiosResponse<any, any, {}>'.
src/app/[locale]/(dashboard)/directories/counterparties/[id]/page.tsx(216,52): error TS2339: Property 'balances' does not exist on type 'AxiosResponse<any, any, {}>'.
src/app/[locale]/(dashboard)/directories/counterparties/[id]/page.tsx(230,54): error TS2339: Property 'documents' does not exist on type 'AxiosResponse<any, any, {}>'.
src/app/[locale]/(dashboard)/directories/counterparties/[id]/page.tsx(245,79): error TS2339: Property 'created_at' does not exist on type 'AxiosResponse<any, any, {}>'.
src/app/[locale]/(dashboard)/directories/counterparties/[id]/page.tsx(249,79): error TS2339: Property 'updated_at' does not exist on type 'AxiosResponse<any, any, {}>'.
src/app/[locale]/(dashboard)/directories/fixed-assets/page.tsx(189,52): error TS2322: Type 'string | undefined' is not assignable to type 'string | number | Date'.
  Type 'undefined' is not assignable to type 'string | number | Date'.
src/app/[locale]/(dashboard)/directories/intangible-assets/page.tsx(188,52): error TS2322: Type 'string | undefined' is not assignable to type 'string | number | Date'.
  Type 'undefined' is not assignable to type 'string | number | Date'.
src/app/[locale]/(dashboard)/directories/items/[id]/page.tsx(68,24): error TS2339: Property 'name' does not exist on type 'AxiosResponse<any, any, {}>'.
src/app/[locale]/(dashboard)/directories/items/[id]/page.tsx(139,63): error TS2339: Property 'name' does not exist on type 'AxiosResponse<any, any, {}>'.
src/app/[locale]/(dashboard)/directories/items/[id]/page.tsx(140,70): error TS2339: Property 'sku' does not exist on type 'AxiosResponse<any, any, {}>'.
src/app/[locale]/(dashboard)/directories/items/[id]/page.tsx(144,43): error TS2339: Property 'is_active' does not exist on type 'AxiosResponse<any, any, {}>'.
src/app/[locale]/(dashboard)/directories/items/[id]/page.tsx(145,32): error TS2339: Property 'is_active' does not exist on type 'AxiosResponse<any, any, {}>'.
src/app/[locale]/(dashboard)/directories/items/[id]/page.tsx(166,67): error TS2339: Property 'name' does not exist on type 'AxiosResponse<any, any, {}>'.
src/app/[locale]/(dashboard)/directories/items/[id]/page.tsx(170,67): error TS2339: Property 'sku' does not exist on type 'AxiosResponse<any, any, {}>'.
src/app/[locale]/(dashboard)/directories/items/[id]/page.tsx(174,67): error TS2339: Property 'item_type' does not exist on type 'AxiosResponse<any, any, {}>'.
src/app/[locale]/(dashboard)/directories/items/[id]/page.tsx(178,67): error TS2339: Property 'base_unit' does not exist on type 'AxiosResponse<any, any, {}>'.
src/app/[locale]/(dashboard)/directories/items/[id]/page.tsx(182,68): error TS2339: Property 'purchase_price' does not exist on type 'AxiosResponse<any, any, {}>'.
src/app/[locale]/(dashboard)/directories/items/[id]/page.tsx(186,68): error TS2339: Property 'sale_price' does not exist on type 'AxiosResponse<any, any, {}>'.
src/app/[locale]/(dashboard)/directories/items/[id]/page.tsx(200,53): error TS2339: Property 'balances' does not exist on type 'AxiosResponse<any, any, {}>'.
src/app/[locale]/(dashboard)/directories/items/[id]/page.tsx(214,54): error TS2339: Property 'documents' does not exist on type 'AxiosResponse<any, any, {}>'.
src/app/[locale]/(dashboard)/directories/items/[id]/page.tsx(229,71): error TS2339: Property 'created_at' does not exist on type 'AxiosResponse<any, any, {}>'.
src/app/[locale]/(dashboard)/directories/items/[id]/page.tsx(233,71): error TS2339: Property 'updated_at' does not exist on type 'AxiosResponse<any, any, {}>'.
src/app/[locale]/(dashboard)/directories/warehouses/[id]/page.tsx(52,29): error TS2339: Property 'name' does not exist on type 'AxiosResponse<any, any, {}>'.
src/app/[locale]/(dashboard)/directories/warehouses/[id]/page.tsx(91,38): error TS2339: Property 'balances' does not exist on type 'AxiosResponse<any, any, {}>'.
src/app/[locale]/(dashboard)/directories/warehouses/[id]/page.tsx(99,68): error TS2339: Property 'name' does not exist on type 'AxiosResponse<any, any, {}>'.
src/app/[locale]/(dashboard)/directories/warehouses/[id]/page.tsx(100,70): error TS2339: Property 'address' does not exist on type 'AxiosResponse<any, any, {}>'.
src/app/[locale]/(dashboard)/directories/warehouses/[id]/page.tsx(104,48): error TS2339: Property 'is_active' does not exist on type 'AxiosResponse<any, any, {}>'.
src/app/[locale]/(dashboard)/directories/warehouses/[id]/page.tsx(105,37): error TS2339: Property 'is_active' does not exist on type 'AxiosResponse<any, any, {}>'.
src/app/[locale]/(dashboard)/directories/warehouses/[id]/page.tsx(118,78): error TS2339: Property 'balances' does not exist on type 'AxiosResponse<any, any, {}>'.
src/app/[locale]/(dashboard)/directories/warehouses/[id]/page.tsx(143,72): error TS2339: Property 'name' does not exist on type 'AxiosResponse<any, any, {}>'.
src/app/[locale]/(dashboard)/directories/warehouses/[id]/page.tsx(147,72): error TS2339: Property 'warehouse_type' does not exist on type 'AxiosResponse<any, any, {}>'.
src/app/[locale]/(dashboard)/directories/warehouses/[id]/page.tsx(151,72): error TS2339: Property 'address' does not exist on type 'AxiosResponse<any, any, {}>'.
src/app/[locale]/(dashboard)/directories/warehouses/[id]/page.tsx(165,53): error TS2339: Property 'balances' does not exist on type 'AxiosResponse<any, any, {}>'.
src/app/[locale]/(dashboard)/directories/warehouses/[id]/page.tsx(180,76): error TS2339: Property 'created_at' does not exist on type 'AxiosResponse<any, any, {}>'.
src/app/[locale]/(dashboard)/directories/warehouses/[id]/page.tsx(184,76): error TS2339: Property 'updated_at' does not exist on type 'AxiosResponse<any, any, {}>'.
src/app/[locale]/(dashboard)/documents/cash-orders/page.tsx(140,21): error TS2322: Type '{ id: number; type: string; label: string | number | null | undefined; className: string; onClick: () => void; }' is not assignable to type 'IntrinsicAttributes & ReferenceLinkProps'.
  Property 'onClick' does not exist on type 'IntrinsicAttributes & ReferenceLinkProps'.
src/app/[locale]/(dashboard)/documents/cash-orders/page.tsx(301,48): error TS2322: Type '"cash-orders"' is not assignable to type '"sales-list" | "purchase-list" | "counterparty-list" | "item-list" | "transfer-list" | "document-form" | undefined'.
src/app/[locale]/(dashboard)/documents/fa-receipts/[id]/page.tsx(36,60): error TS2367: This comparison appears to be unintentional because the types 'DocumentStatus' and '"POSTED"' have no overlap.
src/app/[locale]/(dashboard)/documents/fa-receipts/page.tsx(177,52): error TS2322: Type 'string | undefined' is not assignable to type 'string | number | Date'.
  Type 'undefined' is not assignable to type 'string | number | Date'.
src/app/[locale]/(dashboard)/documents/ia-receipts/[id]/page.tsx(36,60): error TS2367: This comparison appears to be unintentional because the types 'DocumentStatus' and '"POSTED"' have no overlap.
src/app/[locale]/(dashboard)/documents/ia-receipts/page.tsx(177,52): error TS2322: Type 'string | undefined' is not assignable to type 'string | number | Date'.
  Type 'undefined' is not assignable to type 'string | number | Date'.
src/app/[locale]/(dashboard)/documents/orders/page.tsx(15,3): error TS2739: Type '{ id: number; tenant: number; number: string; date: string; status: "posted"; comment: string; counterparty: number; contract: number; warehouse: number; currency: number; exchange_rate: number; delivery_date: string; ... 8 more ...; updated_at: string; }' is missing the following properties from type 'SalesOrder': rate, order_date, total_amount, total_amount_base, is_posted
src/app/[locale]/(dashboard)/documents/orders/page.tsx(16,3): error TS2739: Type '{ id: number; tenant: number; number: string; date: string; status: "draft"; comment: string; counterparty: number; contract: null; warehouse: number; currency: number; exchange_rate: number; delivery_date: string; ... 8 more ...; updated_at: string; }' is missing the following properties from type 'SalesOrder': rate, order_date, total_amount, total_amount_base, is_posted
src/app/[locale]/(dashboard)/documents/payments/page.tsx(22,99): error TS2820: Type '"incoming"' is not assignable to type 'PaymentType'. Did you mean '"INCOMING"'?
src/app/[locale]/(dashboard)/documents/payments/page.tsx(23,99): error TS2820: Type '"outgoing"' is not assignable to type 'PaymentType'. Did you mean '"OUTGOING"'?
src/app/[locale]/(dashboard)/documents/payments/page.tsx(24,98): error TS2820: Type '"incoming"' is not assignable to type 'PaymentType'. Did you mean '"INCOMING"'?
src/app/[locale]/(dashboard)/documents/payments/page.tsx(162,74): error TS2367: This comparison appears to be unintentional because the types 'PaymentType' and '"incoming"' have no overlap.
src/app/[locale]/(dashboard)/documents/payments/page.tsx(163,14): error TS2367: This comparison appears to be unintentional because the types 'PaymentType' and '"incoming"' have no overlap.
src/app/[locale]/(dashboard)/documents/transit/page.tsx(13,3): error TS2741: Property 'is_posted' is missing in type '{ id: number; tenant: number; number: string; date: string; status: "posted"; comment: string; source_document: number; source_warehouse: number; target_warehouse: number; shipped_date: string; ... 8 more ...; updated_at: string; }' but required in type 'GoodsInTransit'.
src/app/[locale]/(dashboard)/documents/transit/page.tsx(14,3): error TS2741: Property 'is_posted' is missing in type '{ id: number; tenant: number; number: string; date: string; status: "posted"; comment: string; source_document: number; source_warehouse: number; target_warehouse: number; shipped_date: string; ... 8 more ...; updated_at: string; }' but required in type 'GoodsInTransit'.
src/app/[locale]/(dashboard)/documents/transit/page.tsx(15,3): error TS2741: Property 'is_posted' is missing in type '{ id: number; tenant: number; number: string; date: string; status: "posted"; comment: string; source_document: number; source_warehouse: number; target_warehouse: number; shipped_date: string; ... 8 more ...; updated_at: string; }' but required in type 'GoodsInTransit'.
src/app/[locale]/(dashboard)/reports/account-card/page.tsx(143,25): error TS2322: Type '{ columns: ColumnDef<AccountCardEntry>[]; data: AccountCardEntry[]; isLoading: boolean; pagination: boolean; }' is not assignable to type 'IntrinsicAttributes & DataTableProps<AccountCardEntry, unknown> & { onRowClick?: ((row: AccountCardEntry) => void) | undefined; onRowDoubleClick?: ((row: AccountCardEntry) => void) | undefined; commandBar?: ReactNode; getRowClassName?: ((row: AccountCardEntry) => string) | undefined; }'.
  Property 'pagination' does not exist on type 'IntrinsicAttributes & DataTableProps<AccountCardEntry, unknown> & { onRowClick?: ((row: AccountCardEntry) => void) | undefined; onRowDoubleClick?: ((row: AccountCardEntry) => void) | undefined; commandBar?: ReactNode; getRowClassName?: ((row: AccountCardEntry) => string) | undefined; }'.
src/components/accounting/operation-form.tsx(82,9): error TS2322: Type 'Resolver<{ number: string; date: string; entries: { debit_account: unknown; credit_account: unknown; amount: unknown; description?: string | undefined; }[]; comment?: string | undefined; }, any, { number: string; date: string; entries: { ...; }[]; comment?: string | undefined; }>' is not assignable to type 'Resolver<{ number: string; date: string; entries: { debit_account: number; credit_account: number; amount: number; description?: string | undefined; }[]; comment?: string | undefined; }, any, { number: string; date: string; entries: { ...; }[]; comment?: string | undefined; }>'.
  Types of parameters 'options' and 'options' are incompatible.
    Type 'ResolverOptions<{ number: string; date: string; entries: { debit_account: number; credit_account: number; amount: number; description?: string | undefined; }[]; comment?: string | undefined; }>' is not assignable to type 'ResolverOptions<{ number: string; date: string; entries: { debit_account: unknown; credit_account: unknown; amount: unknown; description?: string | undefined; }[]; comment?: string | undefined; }>'.
      Type '{ debit_account: unknown; credit_account: unknown; amount: unknown; description?: string | undefined; }[]' is not assignable to type '{ debit_account: number; credit_account: number; amount: number; description?: string | undefined; }[]'.
        Type '{ debit_account: unknown; credit_account: unknown; amount: unknown; description?: string | undefined; }' is not assignable to type '{ debit_account: number; credit_account: number; amount: number; description?: string | undefined; }'.
          Types of property 'debit_account' are incompatible.
            Type 'unknown' is not assignable to type 'number'.
src/components/accounting/operation-form.tsx(151,40): error TS2345: Argument of type '(values: FormValues) => void' is not assignable to parameter of type 'SubmitHandler<TFieldValues>'.
  Types of parameters 'values' and 'data' are incompatible.
    Type 'TFieldValues' is not assignable to type '{ number: string; date: string; entries: { debit_account: number; credit_account: number; amount: number; description?: string | undefined; }[]; comment?: string | undefined; }'.
      Type 'FieldValues' is missing the following properties from type '{ number: string; date: string; entries: { debit_account: number; credit_account: number; amount: number; description?: string | undefined; }[]; comment?: string | undefined; }': number, date, entries
src/components/accounting/operation-form.tsx(158,40): error TS2345: Argument of type '(values: FormValues) => void' is not assignable to parameter of type 'SubmitHandler<TFieldValues>'.
  Types of parameters 'values' and 'data' are incompatible.
    Type 'TFieldValues' is not assignable to type '{ number: string; date: string; entries: { debit_account: number; credit_account: number; amount: number; description?: string | undefined; }[]; comment?: string | undefined; }'.
      Type 'FieldValues' is missing the following properties from type '{ number: string; date: string; entries: { debit_account: number; credit_account: number; amount: number; description?: string | undefined; }[]; comment?: string | undefined; }': number, date, entries
src/components/accounting/operation-form.tsx(181,33): error TS2322: Type 'Control<{ number: string; date: string; entries: { debit_account: number; credit_account: number; amount: number; description?: string | undefined; }[]; comment?: string | undefined; }, any, TFieldValues>' is not assignable to type 'Control<{ number: string; date: string; entries: { debit_account: number; credit_account: number; amount: number; description?: string | undefined; }[]; comment?: string | undefined; }, any, { number: string; date: string; entries: { ...; }[]; comment?: string | undefined; }>'.
  The types of '_options.resolver' are incompatible between these types.
    Type 'Resolver<{ number: string; date: string; entries: { debit_account: number; credit_account: number; amount: number; description?: string | undefined; }[]; comment?: string | undefined; }, any, TFieldValues> | undefined' is not assignable to type 'Resolver<{ number: string; date: string; entries: { debit_account: number; credit_account: number; amount: number; description?: string | undefined; }[]; comment?: string | undefined; }, any, { number: string; date: string; entries: { ...; }[]; comment?: string | undefined; }> | undefined'.
      Type 'Resolver<{ number: string; date: string; entries: { debit_account: number; credit_account: number; amount: number; description?: string | undefined; }[]; comment?: string | undefined; }, any, TFieldValues>' is not assignable to type 'Resolver<{ number: string; date: string; entries: { debit_account: number; credit_account: number; amount: number; description?: string | undefined; }[]; comment?: string | undefined; }, any, { number: string; date: string; entries: { ...; }[]; comment?: string | undefined; }>'.
        Type 'ResolverResult<{ number: string; date: string; entries: { debit_account: number; credit_account: number; amount: number; description?: string | undefined; }[]; comment?: string | undefined; }, TFieldValues> | Promise<...>' is not assignable to type 'ResolverResult<{ number: string; date: string; entries: { debit_account: number; credit_account: number; amount: number; description?: string | undefined; }[]; comment?: string | undefined; }, { number: string; date: string; entries: { ...; }[]; comment?: string | undefined; }> | Promise<...>'.
          Type 'ResolverSuccess<TFieldValues>' is not assignable to type 'ResolverResult<{ number: string; date: string; entries: { debit_account: number; credit_account: number; amount: number; description?: string | undefined; }[]; comment?: string | undefined; }, { number: string; date: string; entries: { ...; }[]; comment?: string | undefined; }> | Promise<...>'.
            Type 'ResolverSuccess<TFieldValues>' is not assignable to type 'ResolverSuccess<{ number: string; date: string; entries: { debit_account: number; credit_account: number; amount: number; description?: string | undefined; }[]; comment?: string | undefined; }>'.
              Type 'TFieldValues' is not assignable to type '{ number: string; date: string; entries: { debit_account: number; credit_account: number; amount: number; description?: string | undefined; }[]; comment?: string | undefined; }'.
                Type 'FieldValues' is missing the following properties from type '{ number: string; date: string; entries: { debit_account: number; credit_account: number; amount: number; description?: string | undefined; }[]; comment?: string | undefined; }': number, date, entries
src/components/accounting/operation-form.tsx(194,33): error TS2322: Type 'Control<{ number: string; date: string; entries: { debit_account: number; credit_account: number; amount: number; description?: string | undefined; }[]; comment?: string | undefined; }, any, TFieldValues>' is not assignable to type 'Control<{ number: string; date: string; entries: { debit_account: number; credit_account: number; amount: number; description?: string | undefined; }[]; comment?: string | undefined; }, any, { number: string; date: string; entries: { ...; }[]; comment?: string | undefined; }>'.
  The types of '_options.resolver' are incompatible between these types.
    Type 'Resolver<{ number: string; date: string; entries: { debit_account: number; credit_account: number; amount: number; description?: string | undefined; }[]; comment?: string | undefined; }, any, TFieldValues> | undefined' is not assignable to type 'Resolver<{ number: string; date: string; entries: { debit_account: number; credit_account: number; amount: number; description?: string | undefined; }[]; comment?: string | undefined; }, any, { number: string; date: string; entries: { ...; }[]; comment?: string | undefined; }> | undefined'.
      Type 'Resolver<{ number: string; date: string; entries: { debit_account: number; credit_account: number; amount: number; description?: string | undefined; }[]; comment?: string | undefined; }, any, TFieldValues>' is not assignable to type 'Resolver<{ number: string; date: string; entries: { debit_account: number; credit_account: number; amount: number; description?: string | undefined; }[]; comment?: string | undefined; }, any, { number: string; date: string; entries: { ...; }[]; comment?: string | undefined; }>'.
        Type 'ResolverResult<{ number: string; date: string; entries: { debit_account: number; credit_account: number; amount: number; description?: string | undefined; }[]; comment?: string | undefined; }, TFieldValues> | Promise<...>' is not assignable to type 'ResolverResult<{ number: string; date: string; entries: { debit_account: number; credit_account: number; amount: number; description?: string | undefined; }[]; comment?: string | undefined; }, { number: string; date: string; entries: { ...; }[]; comment?: string | undefined; }> | Promise<...>'.
          Type 'ResolverSuccess<TFieldValues>' is not assignable to type 'ResolverResult<{ number: string; date: string; entries: { debit_account: number; credit_account: number; amount: number; description?: string | undefined; }[]; comment?: string | undefined; }, { number: string; date: string; entries: { ...; }[]; comment?: string | undefined; }> | Promise<...>'.
            Type 'ResolverSuccess<TFieldValues>' is not assignable to type 'ResolverSuccess<{ number: string; date: string; entries: { debit_account: number; credit_account: number; amount: number; description?: string | undefined; }[]; comment?: string | undefined; }>'.
              Type 'TFieldValues' is not assignable to type '{ number: string; date: string; entries: { debit_account: number; credit_account: number; amount: number; description?: string | undefined; }[]; comment?: string | undefined; }'.
                Type 'FieldValues' is missing the following properties from type '{ number: string; date: string; entries: { debit_account: number; credit_account: number; amount: number; description?: string | undefined; }[]; comment?: string | undefined; }': number, date, entries
src/components/accounting/operation-form.tsx(209,29): error TS2322: Type 'Control<{ number: string; date: string; entries: { debit_account: number; credit_account: number; amount: number; description?: string | undefined; }[]; comment?: string | undefined; }, any, TFieldValues>' is not assignable to type 'Control<{ number: string; date: string; entries: { debit_account: number; credit_account: number; amount: number; description?: string | undefined; }[]; comment?: string | undefined; }, any, { number: string; date: string; entries: { ...; }[]; comment?: string | undefined; }>'.
  The types of '_options.resolver' are incompatible between these types.
    Type 'Resolver<{ number: string; date: string; entries: { debit_account: number; credit_account: number; amount: number; description?: string | undefined; }[]; comment?: string | undefined; }, any, TFieldValues> | undefined' is not assignable to type 'Resolver<{ number: string; date: string; entries: { debit_account: number; credit_account: number; amount: number; description?: string | undefined; }[]; comment?: string | undefined; }, any, { number: string; date: string; entries: { ...; }[]; comment?: string | undefined; }> | undefined'.
      Type 'Resolver<{ number: string; date: string; entries: { debit_account: number; credit_account: number; amount: number; description?: string | undefined; }[]; comment?: string | undefined; }, any, TFieldValues>' is not assignable to type 'Resolver<{ number: string; date: string; entries: { debit_account: number; credit_account: number; amount: number; description?: string | undefined; }[]; comment?: string | undefined; }, any, { number: string; date: string; entries: { ...; }[]; comment?: string | undefined; }>'.
        Type 'ResolverResult<{ number: string; date: string; entries: { debit_account: number; credit_account: number; amount: number; description?: string | undefined; }[]; comment?: string | undefined; }, TFieldValues> | Promise<...>' is not assignable to type 'ResolverResult<{ number: string; date: string; entries: { debit_account: number; credit_account: number; amount: number; description?: string | undefined; }[]; comment?: string | undefined; }, { number: string; date: string; entries: { ...; }[]; comment?: string | undefined; }> | Promise<...>'.
          Type 'ResolverSuccess<TFieldValues>' is not assignable to type 'ResolverResult<{ number: string; date: string; entries: { debit_account: number; credit_account: number; amount: number; description?: string | undefined; }[]; comment?: string | undefined; }, { number: string; date: string; entries: { ...; }[]; comment?: string | undefined; }> | Promise<...>'.
            Type 'ResolverSuccess<TFieldValues>' is not assignable to type 'ResolverSuccess<{ number: string; date: string; entries: { debit_account: number; credit_account: number; amount: number; description?: string | undefined; }[]; comment?: string | undefined; }>'.
              Type 'TFieldValues' is not assignable to type '{ number: string; date: string; entries: { debit_account: number; credit_account: number; amount: number; description?: string | undefined; }[]; comment?: string | undefined; }'.
                Type 'FieldValues' is missing the following properties from type '{ number: string; date: string; entries: { debit_account: number; credit_account: number; amount: number; description?: string | undefined; }[]; comment?: string | undefined; }': number, date, entries
src/components/accounting/operation-form.tsx(241,53): error TS2322: Type 'Control<{ number: string; date: string; entries: { debit_account: number; credit_account: number; amount: number; description?: string | undefined; }[]; comment?: string | undefined; }, any, TFieldValues>' is not assignable to type 'Control<{ number: string; date: string; entries: { debit_account: number; credit_account: number; amount: number; description?: string | undefined; }[]; comment?: string | undefined; }, any, { number: string; date: string; entries: { ...; }[]; comment?: string | undefined; }>'.
  The types of '_options.resolver' are incompatible between these types.
    Type 'Resolver<{ number: string; date: string; entries: { debit_account: number; credit_account: number; amount: number; description?: string | undefined; }[]; comment?: string | undefined; }, any, TFieldValues> | undefined' is not assignable to type 'Resolver<{ number: string; date: string; entries: { debit_account: number; credit_account: number; amount: number; description?: string | undefined; }[]; comment?: string | undefined; }, any, { number: string; date: string; entries: { ...; }[]; comment?: string | undefined; }> | undefined'.
      Type 'Resolver<{ number: string; date: string; entries: { debit_account: number; credit_account: number; amount: number; description?: string | undefined; }[]; comment?: string | undefined; }, any, TFieldValues>' is not assignable to type 'Resolver<{ number: string; date: string; entries: { debit_account: number; credit_account: number; amount: number; description?: string | undefined; }[]; comment?: string | undefined; }, any, { number: string; date: string; entries: { ...; }[]; comment?: string | undefined; }>'.
        Type 'ResolverResult<{ number: string; date: string; entries: { debit_account: number; credit_account: number; amount: number; description?: string | undefined; }[]; comment?: string | undefined; }, TFieldValues> | Promise<...>' is not assignable to type 'ResolverResult<{ number: string; date: string; entries: { debit_account: number; credit_account: number; amount: number; description?: string | undefined; }[]; comment?: string | undefined; }, { number: string; date: string; entries: { ...; }[]; comment?: string | undefined; }> | Promise<...>'.
          Type 'ResolverSuccess<TFieldValues>' is not assignable to type 'ResolverResult<{ number: string; date: string; entries: { debit_account: number; credit_account: number; amount: number; description?: string | undefined; }[]; comment?: string | undefined; }, { number: string; date: string; entries: { ...; }[]; comment?: string | undefined; }> | Promise<...>'.
            Type 'ResolverSuccess<TFieldValues>' is not assignable to type 'ResolverSuccess<{ number: string; date: string; entries: { debit_account: number; credit_account: number; amount: number; description?: string | undefined; }[]; comment?: string | undefined; }>'.
              Type 'TFieldValues' is not assignable to type '{ number: string; date: string; entries: { debit_account: number; credit_account: number; amount: number; description?: string | undefined; }[]; comment?: string | undefined; }'.
                Type 'FieldValues' is missing the following properties from type '{ number: string; date: string; entries: { debit_account: number; credit_account: number; amount: number; description?: string | undefined; }[]; comment?: string | undefined; }': number, date, entries
src/components/accounting/operation-form.tsx(268,53): error TS2322: Type 'Control<{ number: string; date: string; entries: { debit_account: number; credit_account: number; amount: number; description?: string | undefined; }[]; comment?: string | undefined; }, any, TFieldValues>' is not assignable to type 'Control<{ number: string; date: string; entries: { debit_account: number; credit_account: number; amount: number; description?: string | undefined; }[]; comment?: string | undefined; }, any, { number: string; date: string; entries: { ...; }[]; comment?: string | undefined; }>'.
  The types of '_options.resolver' are incompatible between these types.
    Type 'Resolver<{ number: string; date: string; entries: { debit_account: number; credit_account: number; amount: number; description?: string | undefined; }[]; comment?: string | undefined; }, any, TFieldValues> | undefined' is not assignable to type 'Resolver<{ number: string; date: string; entries: { debit_account: number; credit_account: number; amount: number; description?: string | undefined; }[]; comment?: string | undefined; }, any, { number: string; date: string; entries: { ...; }[]; comment?: string | undefined; }> | undefined'.
      Type 'Resolver<{ number: string; date: string; entries: { debit_account: number; credit_account: number; amount: number; description?: string | undefined; }[]; comment?: string | undefined; }, any, TFieldValues>' is not assignable to type 'Resolver<{ number: string; date: string; entries: { debit_account: number; credit_account: number; amount: number; description?: string | undefined; }[]; comment?: string | undefined; }, any, { number: string; date: string; entries: { ...; }[]; comment?: string | undefined; }>'.
        Type 'ResolverResult<{ number: string; date: string; entries: { debit_account: number; credit_account: number; amount: number; description?: string | undefined; }[]; comment?: string | undefined; }, TFieldValues> | Promise<...>' is not assignable to type 'ResolverResult<{ number: string; date: string; entries: { debit_account: number; credit_account: number; amount: number; description?: string | undefined; }[]; comment?: string | undefined; }, { number: string; date: string; entries: { ...; }[]; comment?: string | undefined; }> | Promise<...>'.
          Type 'ResolverSuccess<TFieldValues>' is not assignable to type 'ResolverResult<{ number: string; date: string; entries: { debit_account: number; credit_account: number; amount: number; description?: string | undefined; }[]; comment?: string | undefined; }, { number: string; date: string; entries: { ...; }[]; comment?: string | undefined; }> | Promise<...>'.
            Type 'ResolverSuccess<TFieldValues>' is not assignable to type 'ResolverSuccess<{ number: string; date: string; entries: { debit_account: number; credit_account: number; amount: number; description?: string | undefined; }[]; comment?: string | undefined; }>'.
              Type 'TFieldValues' is not assignable to type '{ number: string; date: string; entries: { debit_account: number; credit_account: number; amount: number; description?: string | undefined; }[]; comment?: string | undefined; }'.
                Type 'FieldValues' is missing the following properties from type '{ number: string; date: string; entries: { debit_account: number; credit_account: number; amount: number; description?: string | undefined; }[]; comment?: string | undefined; }': number, date, entries
src/components/accounting/operation-form.tsx(295,53): error TS2322: Type 'Control<{ number: string; date: string; entries: { debit_account: number; credit_account: number; amount: number; description?: string | undefined; }[]; comment?: string | undefined; }, any, TFieldValues>' is not assignable to type 'Control<{ number: string; date: string; entries: { debit_account: number; credit_account: number; amount: number; description?: string | undefined; }[]; comment?: string | undefined; }, any, { number: string; date: string; entries: { ...; }[]; comment?: string | undefined; }>'.
  The types of '_options.resolver' are incompatible between these types.
    Type 'Resolver<{ number: string; date: string; entries: { debit_account: number; credit_account: number; amount: number; description?: string | undefined; }[]; comment?: string | undefined; }, any, TFieldValues> | undefined' is not assignable to type 'Resolver<{ number: string; date: string; entries: { debit_account: number; credit_account: number; amount: number; description?: string | undefined; }[]; comment?: string | undefined; }, any, { number: string; date: string; entries: { ...; }[]; comment?: string | undefined; }> | undefined'.
      Type 'Resolver<{ number: string; date: string; entries: { debit_account: number; credit_account: number; amount: number; description?: string | undefined; }[]; comment?: string | undefined; }, any, TFieldValues>' is not assignable to type 'Resolver<{ number: string; date: string; entries: { debit_account: number; credit_account: number; amount: number; description?: string | undefined; }[]; comment?: string | undefined; }, any, { number: string; date: string; entries: { ...; }[]; comment?: string | undefined; }>'.
        Type 'ResolverResult<{ number: string; date: string; entries: { debit_account: number; credit_account: number; amount: number; description?: string | undefined; }[]; comment?: string | undefined; }, TFieldValues> | Promise<...>' is not assignable to type 'ResolverResult<{ number: string; date: string; entries: { debit_account: number; credit_account: number; amount: number; description?: string | undefined; }[]; comment?: string | undefined; }, { number: string; date: string; entries: { ...; }[]; comment?: string | undefined; }> | Promise<...>'.
          Type 'ResolverSuccess<TFieldValues>' is not assignable to type 'ResolverResult<{ number: string; date: string; entries: { debit_account: number; credit_account: number; amount: number; description?: string | undefined; }[]; comment?: string | undefined; }, { number: string; date: string; entries: { ...; }[]; comment?: string | undefined; }> | Promise<...>'.
            Type 'ResolverSuccess<TFieldValues>' is not assignable to type 'ResolverSuccess<{ number: string; date: string; entries: { debit_account: number; credit_account: number; amount: number; description?: string | undefined; }[]; comment?: string | undefined; }>'.
              Type 'TFieldValues' is not assignable to type '{ number: string; date: string; entries: { debit_account: number; credit_account: number; amount: number; description?: string | undefined; }[]; comment?: string | undefined; }'.
                Type 'FieldValues' is missing the following properties from type '{ number: string; date: string; entries: { debit_account: number; credit_account: number; amount: number; description?: string | undefined; }[]; comment?: string | undefined; }': number, date, entries
src/components/accounting/operation-form.tsx(313,53): error TS2322: Type 'Control<{ number: string; date: string; entries: { debit_account: number; credit_account: number; amount: number; description?: string | undefined; }[]; comment?: string | undefined; }, any, TFieldValues>' is not assignable to type 'Control<{ number: string; date: string; entries: { debit_account: number; credit_account: number; amount: number; description?: string | undefined; }[]; comment?: string | undefined; }, any, { number: string; date: string; entries: { ...; }[]; comment?: string | undefined; }>'.
  The types of '_options.resolver' are incompatible between these types.
    Type 'Resolver<{ number: string; date: string; entries: { debit_account: number; credit_account: number; amount: number; description?: string | undefined; }[]; comment?: string | undefined; }, any, TFieldValues> | undefined' is not assignable to type 'Resolver<{ number: string; date: string; entries: { debit_account: number; credit_account: number; amount: number; description?: string | undefined; }[]; comment?: string | undefined; }, any, { number: string; date: string; entries: { ...; }[]; comment?: string | undefined; }> | undefined'.
      Type 'Resolver<{ number: string; date: string; entries: { debit_account: number; credit_account: number; amount: number; description?: string | undefined; }[]; comment?: string | undefined; }, any, TFieldValues>' is not assignable to type 'Resolver<{ number: string; date: string; entries: { debit_account: number; credit_account: number; amount: number; description?: string | undefined; }[]; comment?: string | undefined; }, any, { number: string; date: string; entries: { ...; }[]; comment?: string | undefined; }>'.
        Type 'ResolverResult<{ number: string; date: string; entries: { debit_account: number; credit_account: number; amount: number; description?: string | undefined; }[]; comment?: string | undefined; }, TFieldValues> | Promise<...>' is not assignable to type 'ResolverResult<{ number: string; date: string; entries: { debit_account: number; credit_account: number; amount: number; description?: string | undefined; }[]; comment?: string | undefined; }, { number: string; date: string; entries: { ...; }[]; comment?: string | undefined; }> | Promise<...>'.
          Type 'ResolverSuccess<TFieldValues>' is not assignable to type 'ResolverResult<{ number: string; date: string; entries: { debit_account: number; credit_account: number; amount: number; description?: string | undefined; }[]; comment?: string | undefined; }, { number: string; date: string; entries: { ...; }[]; comment?: string | undefined; }> | Promise<...>'.
            Type 'ResolverSuccess<TFieldValues>' is not assignable to type 'ResolverSuccess<{ number: string; date: string; entries: { debit_account: number; credit_account: number; amount: number; description?: string | undefined; }[]; comment?: string | undefined; }>'.
              Type 'TFieldValues' is not assignable to type '{ number: string; date: string; entries: { debit_account: number; credit_account: number; amount: number; description?: string | undefined; }[]; comment?: string | undefined; }'.
                Type 'FieldValues' is missing the following properties from type '{ number: string; date: string; entries: { debit_account: number; credit_account: number; amount: number; description?: string | undefined; }[]; comment?: string | undefined; }': number, date, entries
src/components/admin/user-form.tsx(73,9): error TS2322: Type 'Resolver<{ email: string; first_name: string; last_name: string; role: unknown; password?: string | undefined; is_active?: boolean | undefined; }, any, { email: string; first_name: string; last_name: string; role: number; is_active: boolean; password?: string | undefined; }>' is not assignable to type 'Resolver<{ email: string; first_name: string; last_name: string; role: number; is_active: boolean; password?: string | undefined; }, any, { email: string; first_name: string; last_name: string; role: number; is_active: boolean; password?: string | undefined; }>'.
  Types of parameters 'options' and 'options' are incompatible.
    Type 'ResolverOptions<{ email: string; first_name: string; last_name: string; role: number; is_active: boolean; password?: string | undefined; }>' is not assignable to type 'ResolverOptions<{ email: string; first_name: string; last_name: string; role: unknown; password?: string | undefined; is_active?: boolean | undefined; }>'.
      Type 'unknown' is not assignable to type 'number'.
src/components/admin/user-form.tsx(145,55): error TS2345: Argument of type '(values: FormValues) => void' is not assignable to parameter of type 'SubmitHandler<TFieldValues>'.
  Types of parameters 'values' and 'data' are incompatible.
    Type 'TFieldValues' is not assignable to type '{ email: string; first_name: string; last_name: string; role: number; is_active: boolean; password?: string | undefined; }'.
      Type 'FieldValues' is missing the following properties from type '{ email: string; first_name: string; last_name: string; role: number; is_active: boolean; password?: string | undefined; }': email, first_name, last_name, role, is_active
src/components/admin/user-form.tsx(147,29): error TS2322: Type 'Control<{ email: string; first_name: string; last_name: string; role: number; is_active: boolean; password?: string | undefined; }, any, TFieldValues>' is not assignable to type 'Control<{ email: string; first_name: string; last_name: string; role: number; is_active: boolean; password?: string | undefined; }, any, { email: string; first_name: string; last_name: string; role: number; is_active: boolean; password?: string | undefined; }>'.
  The types of '_options.resolver' are incompatible between these types.
    Type 'Resolver<{ email: string; first_name: string; last_name: string; role: number; is_active: boolean; password?: string | undefined; }, any, TFieldValues> | undefined' is not assignable to type 'Resolver<{ email: string; first_name: string; last_name: string; role: number; is_active: boolean; password?: string | undefined; }, any, { email: string; first_name: string; last_name: string; role: number; is_active: boolean; password?: string | undefined; }> | undefined'.
      Type 'Resolver<{ email: string; first_name: string; last_name: string; role: number; is_active: boolean; password?: string | undefined; }, any, TFieldValues>' is not assignable to type 'Resolver<{ email: string; first_name: string; last_name: string; role: number; is_active: boolean; password?: string | undefined; }, any, { email: string; first_name: string; last_name: string; role: number; is_active: boolean; password?: string | undefined; }>'.
        Type 'ResolverResult<{ email: string; first_name: string; last_name: string; role: number; is_active: boolean; password?: string | undefined; }, TFieldValues> | Promise<...>' is not assignable to type 'ResolverResult<{ email: string; first_name: string; last_name: string; role: number; is_active: boolean; password?: string | undefined; }, { email: string; first_name: string; last_name: string; role: number; is_active: boolean; password?: string | undefined; }> | Promise<...>'.
          Type 'ResolverSuccess<TFieldValues>' is not assignable to type 'ResolverResult<{ email: string; first_name: string; last_name: string; role: number; is_active: boolean; password?: string | undefined; }, { email: string; first_name: string; last_name: string; role: number; is_active: boolean; password?: string | undefined; }> | Promise<...>'.
            Type 'ResolverSuccess<TFieldValues>' is not assignable to type 'ResolverSuccess<{ email: string; first_name: string; last_name: string; role: number; is_active: boolean; password?: string | undefined; }>'.
              Type 'TFieldValues' is not assignable to type '{ email: string; first_name: string; last_name: string; role: number; is_active: boolean; password?: string | undefined; }'.
                Type 'FieldValues' is missing the following properties from type '{ email: string; first_name: string; last_name: string; role: number; is_active: boolean; password?: string | undefined; }': email, first_name, last_name, role, is_active
src/components/admin/user-form.tsx(162,33): error TS2322: Type 'Control<{ email: string; first_name: string; last_name: string; role: number; is_active: boolean; password?: string | undefined; }, any, TFieldValues>' is not assignable to type 'Control<{ email: string; first_name: string; last_name: string; role: number; is_active: boolean; password?: string | undefined; }, any, { email: string; first_name: string; last_name: string; role: number; is_active: boolean; password?: string | undefined; }>'.
  The types of '_options.resolver' are incompatible between these types.
    Type 'Resolver<{ email: string; first_name: string; last_name: string; role: number; is_active: boolean; password?: string | undefined; }, any, TFieldValues> | undefined' is not assignable to type 'Resolver<{ email: string; first_name: string; last_name: string; role: number; is_active: boolean; password?: string | undefined; }, any, { email: string; first_name: string; last_name: string; role: number; is_active: boolean; password?: string | undefined; }> | undefined'.
      Type 'Resolver<{ email: string; first_name: string; last_name: string; role: number; is_active: boolean; password?: string | undefined; }, any, TFieldValues>' is not assignable to type 'Resolver<{ email: string; first_name: string; last_name: string; role: number; is_active: boolean; password?: string | undefined; }, any, { email: string; first_name: string; last_name: string; role: number; is_active: boolean; password?: string | undefined; }>'.
        Type 'ResolverResult<{ email: string; first_name: string; last_name: string; role: number; is_active: boolean; password?: string | undefined; }, TFieldValues> | Promise<...>' is not assignable to type 'ResolverResult<{ email: string; first_name: string; last_name: string; role: number; is_active: boolean; password?: string | undefined; }, { email: string; first_name: string; last_name: string; role: number; is_active: boolean; password?: string | undefined; }> | Promise<...>'.
          Type 'ResolverSuccess<TFieldValues>' is not assignable to type 'ResolverResult<{ email: string; first_name: string; last_name: string; role: number; is_active: boolean; password?: string | undefined; }, { email: string; first_name: string; last_name: string; role: number; is_active: boolean; password?: string | undefined; }> | Promise<...>'.
            Type 'ResolverSuccess<TFieldValues>' is not assignable to type 'ResolverSuccess<{ email: string; first_name: string; last_name: string; role: number; is_active: boolean; password?: string | undefined; }>'.
              Type 'TFieldValues' is not assignable to type '{ email: string; first_name: string; last_name: string; role: number; is_active: boolean; password?: string | undefined; }'.
                Type 'FieldValues' is missing the following properties from type '{ email: string; first_name: string; last_name: string; role: number; is_active: boolean; password?: string | undefined; }': email, first_name, last_name, role, is_active
src/components/admin/user-form.tsx(175,33): error TS2322: Type 'Control<{ email: string; first_name: string; last_name: string; role: number; is_active: boolean; password?: string | undefined; }, any, TFieldValues>' is not assignable to type 'Control<{ email: string; first_name: string; last_name: string; role: number; is_active: boolean; password?: string | undefined; }, any, { email: string; first_name: string; last_name: string; role: number; is_active: boolean; password?: string | undefined; }>'.
  The types of '_options.resolver' are incompatible between these types.
    Type 'Resolver<{ email: string; first_name: string; last_name: string; role: number; is_active: boolean; password?: string | undefined; }, any, TFieldValues> | undefined' is not assignable to type 'Resolver<{ email: string; first_name: string; last_name: string; role: number; is_active: boolean; password?: string | undefined; }, any, { email: string; first_name: string; last_name: string; role: number; is_active: boolean; password?: string | undefined; }> | undefined'.
      Type 'Resolver<{ email: string; first_name: string; last_name: string; role: number; is_active: boolean; password?: string | undefined; }, any, TFieldValues>' is not assignable to type 'Resolver<{ email: string; first_name: string; last_name: string; role: number; is_active: boolean; password?: string | undefined; }, any, { email: string; first_name: string; last_name: string; role: number; is_active: boolean; password?: string | undefined; }>'.
        Type 'ResolverResult<{ email: string; first_name: string; last_name: string; role: number; is_active: boolean; password?: string | undefined; }, TFieldValues> | Promise<...>' is not assignable to type 'ResolverResult<{ email: string; first_name: string; last_name: string; role: number; is_active: boolean; password?: string | undefined; }, { email: string; first_name: string; last_name: string; role: number; is_active: boolean; password?: string | undefined; }> | Promise<...>'.
          Type 'ResolverSuccess<TFieldValues>' is not assignable to type 'ResolverResult<{ email: string; first_name: string; last_name: string; role: number; is_active: boolean; password?: string | undefined; }, { email: string; first_name: string; last_name: string; role: number; is_active: boolean; password?: string | undefined; }> | Promise<...>'.
            Type 'ResolverSuccess<TFieldValues>' is not assignable to type 'ResolverSuccess<{ email: string; first_name: string; last_name: string; role: number; is_active: boolean; password?: string | undefined; }>'.
              Type 'TFieldValues' is not assignable to type '{ email: string; first_name: string; last_name: string; role: number; is_active: boolean; password?: string | undefined; }'.
                Type 'FieldValues' is missing the following properties from type '{ email: string; first_name: string; last_name: string; role: number; is_active: boolean; password?: string | undefined; }': email, first_name, last_name, role, is_active
src/components/admin/user-form.tsx(190,29): error TS2322: Type 'Control<{ email: string; first_name: string; last_name: string; role: number; is_active: boolean; password?: string | undefined; }, any, TFieldValues>' is not assignable to type 'Control<{ email: string; first_name: string; last_name: string; role: number; is_active: boolean; password?: string | undefined; }, any, { email: string; first_name: string; last_name: string; role: number; is_active: boolean; password?: string | undefined; }>'.
  The types of '_options.resolver' are incompatible between these types.
    Type 'Resolver<{ email: string; first_name: string; last_name: string; role: number; is_active: boolean; password?: string | undefined; }, any, TFieldValues> | undefined' is not assignable to type 'Resolver<{ email: string; first_name: string; last_name: string; role: number; is_active: boolean; password?: string | undefined; }, any, { email: string; first_name: string; last_name: string; role: number; is_active: boolean; password?: string | undefined; }> | undefined'.
      Type 'Resolver<{ email: string; first_name: string; last_name: string; role: number; is_active: boolean; password?: string | undefined; }, any, TFieldValues>' is not assignable to type 'Resolver<{ email: string; first_name: string; last_name: string; role: number; is_active: boolean; password?: string | undefined; }, any, { email: string; first_name: string; last_name: string; role: number; is_active: boolean; password?: string | undefined; }>'.
        Type 'ResolverResult<{ email: string; first_name: string; last_name: string; role: number; is_active: boolean; password?: string | undefined; }, TFieldValues> | Promise<...>' is not assignable to type 'ResolverResult<{ email: string; first_name: string; last_name: string; role: number; is_active: boolean; password?: string | undefined; }, { email: string; first_name: string; last_name: string; role: number; is_active: boolean; password?: string | undefined; }> | Promise<...>'.
          Type 'ResolverSuccess<TFieldValues>' is not assignable to type 'ResolverResult<{ email: string; first_name: string; last_name: string; role: number; is_active: boolean; password?: string | undefined; }, { email: string; first_name: string; last_name: string; role: number; is_active: boolean; password?: string | undefined; }> | Promise<...>'.
            Type 'ResolverSuccess<TFieldValues>' is not assignable to type 'ResolverSuccess<{ email: string; first_name: string; last_name: string; role: number; is_active: boolean; password?: string | undefined; }>'.
              Type 'TFieldValues' is not assignable to type '{ email: string; first_name: string; last_name: string; role: number; is_active: boolean; password?: string | undefined; }'.
                Type 'FieldValues' is missing the following properties from type '{ email: string; first_name: string; last_name: string; role: number; is_active: boolean; password?: string | undefined; }': email, first_name, last_name, role, is_active
src/components/admin/user-form.tsx(218,29): error TS2322: Type 'Control<{ email: string; first_name: string; last_name: string; role: number; is_active: boolean; password?: string | undefined; }, any, TFieldValues>' is not assignable to type 'Control<{ email: string; first_name: string; last_name: string; role: number; is_active: boolean; password?: string | undefined; }, any, { email: string; first_name: string; last_name: string; role: number; is_active: boolean; password?: string | undefined; }>'.
  The types of '_options.resolver' are incompatible between these types.
    Type 'Resolver<{ email: string; first_name: string; last_name: string; role: number; is_active: boolean; password?: string | undefined; }, any, TFieldValues> | undefined' is not assignable to type 'Resolver<{ email: string; first_name: string; last_name: string; role: number; is_active: boolean; password?: string | undefined; }, any, { email: string; first_name: string; last_name: string; role: number; is_active: boolean; password?: string | undefined; }> | undefined'.
      Type 'Resolver<{ email: string; first_name: string; last_name: string; role: number; is_active: boolean; password?: string | undefined; }, any, TFieldValues>' is not assignable to type 'Resolver<{ email: string; first_name: string; last_name: string; role: number; is_active: boolean; password?: string | undefined; }, any, { email: string; first_name: string; last_name: string; role: number; is_active: boolean; password?: string | undefined; }>'.
        Type 'ResolverResult<{ email: string; first_name: string; last_name: string; role: number; is_active: boolean; password?: string | undefined; }, TFieldValues> | Promise<...>' is not assignable to type 'ResolverResult<{ email: string; first_name: string; last_name: string; role: number; is_active: boolean; password?: string | undefined; }, { email: string; first_name: string; last_name: string; role: number; is_active: boolean; password?: string | undefined; }> | Promise<...>'.
          Type 'ResolverSuccess<TFieldValues>' is not assignable to type 'ResolverResult<{ email: string; first_name: string; last_name: string; role: number; is_active: boolean; password?: string | undefined; }, { email: string; first_name: string; last_name: string; role: number; is_active: boolean; password?: string | undefined; }> | Promise<...>'.
            Type 'ResolverSuccess<TFieldValues>' is not assignable to type 'ResolverSuccess<{ email: string; first_name: string; last_name: string; role: number; is_active: boolean; password?: string | undefined; }>'.
              Type 'TFieldValues' is not assignable to type '{ email: string; first_name: string; last_name: string; role: number; is_active: boolean; password?: string | undefined; }'.
                Type 'FieldValues' is missing the following properties from type '{ email: string; first_name: string; last_name: string; role: number; is_active: boolean; password?: string | undefined; }': email, first_name, last_name, role, is_active
src/components/admin/user-form.tsx(235,29): error TS2322: Type 'Control<{ email: string; first_name: string; last_name: string; role: number; is_active: boolean; password?: string | undefined; }, any, TFieldValues>' is not assignable to type 'Control<{ email: string; first_name: string; last_name: string; role: number; is_active: boolean; password?: string | undefined; }, any, { email: string; first_name: string; last_name: string; role: number; is_active: boolean; password?: string | undefined; }>'.
  The types of '_options.resolver' are incompatible between these types.
    Type 'Resolver<{ email: string; first_name: string; last_name: string; role: number; is_active: boolean; password?: string | undefined; }, any, TFieldValues> | undefined' is not assignable to type 'Resolver<{ email: string; first_name: string; last_name: string; role: number; is_active: boolean; password?: string | undefined; }, any, { email: string; first_name: string; last_name: string; role: number; is_active: boolean; password?: string | undefined; }> | undefined'.
      Type 'Resolver<{ email: string; first_name: string; last_name: string; role: number; is_active: boolean; password?: string | undefined; }, any, TFieldValues>' is not assignable to type 'Resolver<{ email: string; first_name: string; last_name: string; role: number; is_active: boolean; password?: string | undefined; }, any, { email: string; first_name: string; last_name: string; role: number; is_active: boolean; password?: string | undefined; }>'.
        Type 'ResolverResult<{ email: string; first_name: string; last_name: string; role: number; is_active: boolean; password?: string | undefined; }, TFieldValues> | Promise<...>' is not assignable to type 'ResolverResult<{ email: string; first_name: string; last_name: string; role: number; is_active: boolean; password?: string | undefined; }, { email: string; first_name: string; last_name: string; role: number; is_active: boolean; password?: string | undefined; }> | Promise<...>'.
          Type 'ResolverSuccess<TFieldValues>' is not assignable to type 'ResolverResult<{ email: string; first_name: string; last_name: string; role: number; is_active: boolean; password?: string | undefined; }, { email: string; first_name: string; last_name: string; role: number; is_active: boolean; password?: string | undefined; }> | Promise<...>'.
            Type 'ResolverSuccess<TFieldValues>' is not assignable to type 'ResolverSuccess<{ email: string; first_name: string; last_name: string; role: number; is_active: boolean; password?: string | undefined; }>'.
              Type 'TFieldValues' is not assignable to type '{ email: string; first_name: string; last_name: string; role: number; is_active: boolean; password?: string | undefined; }'.
                Type 'FieldValues' is missing the following properties from type '{ email: string; first_name: string; last_name: string; role: number; is_active: boolean; password?: string | undefined; }': email, first_name, last_name, role, is_active
src/components/assets/fixed-asset-form.tsx(94,9): error TS2322: Type 'Resolver<{ inventory_number: string; name: string; category: number; initial_cost: unknown; residual_value: unknown; depreciation_method: "LINEAR" | "DECLINING"; useful_life_months: unknown; acquisition_date: string; ... 7 more ...; manufacturer?: string | undefined; }, any, { ...; }>' is not assignable to type 'Resolver<{ inventory_number: string; name: string; category: number; initial_cost: number; residual_value: number; depreciation_method: "LINEAR" | "DECLINING"; useful_life_months: number; acquisition_date: string; ... 7 more ...; manufacturer?: string | undefined; }, any, { ...; }>'.
  Types of parameters 'options' and 'options' are incompatible.
    Type 'ResolverOptions<{ inventory_number: string; name: string; category: number; initial_cost: number; residual_value: number; depreciation_method: "LINEAR" | "DECLINING"; useful_life_months: number; acquisition_date: string; ... 7 more ...; manufacturer?: string | undefined; }>' is not assignable to type 'ResolverOptions<{ inventory_number: string; name: string; category: number; initial_cost: unknown; residual_value: unknown; depreciation_method: "LINEAR" | "DECLINING"; useful_life_months: unknown; acquisition_date: string; ... 7 more ...; manufacturer?: string | undefined; }>'.
      Type 'unknown' is not assignable to type 'number'.
src/components/assets/fixed-asset-form.tsx(144,47): error TS2345: Argument of type '(values: FormValues) => void' is not assignable to parameter of type 'SubmitHandler<TFieldValues>'.
  Types of parameters 'values' and 'data' are incompatible.
    Type 'TFieldValues' is not assignable to type '{ inventory_number: string; name: string; category: number; initial_cost: number; residual_value: number; depreciation_method: "LINEAR" | "DECLINING"; useful_life_months: number; acquisition_date: string; ... 7 more ...; manufacturer?: string | undefined; }'.
      Type 'FieldValues' is missing the following properties from type '{ inventory_number: string; name: string; category: number; initial_cost: number; residual_value: number; depreciation_method: "LINEAR" | "DECLINING"; useful_life_months: number; acquisition_date: string; ... 7 more ...; manufacturer?: string | undefined; }': inventory_number, name, category, initial_cost, and 6 more.
src/components/assets/fixed-asset-form.tsx(168,33): error TS2322: Type 'Control<{ inventory_number: string; name: string; category: number; initial_cost: number; residual_value: number; depreciation_method: "LINEAR" | "DECLINING"; useful_life_months: number; acquisition_date: string; ... 7 more ...; manufacturer?: string | undefined; }, any, TFieldValues>' is not assignable to type 'Control<{ inventory_number: string; name: string; category: number; initial_cost: number; residual_value: number; depreciation_method: "LINEAR" | "DECLINING"; useful_life_months: number; acquisition_date: string; ... 7 more ...; manufacturer?: string | undefined; }, any, { ...; }>'.
  The types of '_options.resolver' are incompatible between these types.
    Type 'Resolver<{ inventory_number: string; name: string; category: number; initial_cost: number; residual_value: number; depreciation_method: "LINEAR" | "DECLINING"; useful_life_months: number; ... 8 more ...; manufacturer?: string | undefined; }, any, TFieldValues> | undefined' is not assignable to type 'Resolver<{ inventory_number: string; name: string; category: number; initial_cost: number; residual_value: number; depreciation_method: "LINEAR" | "DECLINING"; useful_life_months: number; ... 8 more ...; manufacturer?: string | undefined; }, any, { ...; }> | undefined'.
      Type 'Resolver<{ inventory_number: string; name: string; category: number; initial_cost: number; residual_value: number; depreciation_method: "LINEAR" | "DECLINING"; useful_life_months: number; acquisition_date: string; ... 7 more ...; manufacturer?: string | undefined; }, any, TFieldValues>' is not assignable to type 'Resolver<{ inventory_number: string; name: string; category: number; initial_cost: number; residual_value: number; depreciation_method: "LINEAR" | "DECLINING"; useful_life_months: number; acquisition_date: string; ... 7 more ...; manufacturer?: string | undefined; }, any, { ...; }>'.
        Type 'ResolverResult<{ inventory_number: string; name: string; category: number; initial_cost: number; residual_value: number; depreciation_method: "LINEAR" | "DECLINING"; useful_life_months: number; ... 8 more ...; manufacturer?: string | undefined; }, TFieldValues> | Promise<...>' is not assignable to type 'ResolverResult<{ inventory_number: string; name: string; category: number; initial_cost: number; residual_value: number; depreciation_method: "LINEAR" | "DECLINING"; useful_life_months: number; ... 8 more ...; manufacturer?: string | undefined; }, { ...; }> | Promise<...>'.
          Type 'ResolverSuccess<TFieldValues>' is not assignable to type 'ResolverResult<{ inventory_number: string; name: string; category: number; initial_cost: number; residual_value: number; depreciation_method: "LINEAR" | "DECLINING"; useful_life_months: number; ... 8 more ...; manufacturer?: string | undefined; }, { ...; }> | Promise<...>'.
            Type 'ResolverSuccess<TFieldValues>' is not assignable to type 'ResolverSuccess<{ inventory_number: string; name: string; category: number; initial_cost: number; residual_value: number; depreciation_method: "LINEAR" | "DECLINING"; useful_life_months: number; acquisition_date: string; ... 7 more ...; manufacturer?: string | undefined; }>'.
              Type 'TFieldValues' is not assignable to type '{ inventory_number: string; name: string; category: number; initial_cost: number; residual_value: number; depreciation_method: "LINEAR" | "DECLINING"; useful_life_months: number; acquisition_date: string; ... 7 more ...; manufacturer?: string | undefined; }'.
                Type 'FieldValues' is missing the following properties from type '{ inventory_number: string; name: string; category: number; initial_cost: number; residual_value: number; depreciation_method: "LINEAR" | "DECLINING"; useful_life_months: number; acquisition_date: string; ... 7 more ...; manufacturer?: string | undefined; }': inventory_number, name, category, initial_cost, and 6 more.
src/components/assets/fixed-asset-form.tsx(181,33): error TS2322: Type 'Control<{ inventory_number: string; name: string; category: number; initial_cost: number; residual_value: number; depreciation_method: "LINEAR" | "DECLINING"; useful_life_months: number; acquisition_date: string; ... 7 more ...; manufacturer?: string | undefined; }, any, TFieldValues>' is not assignable to type 'Control<{ inventory_number: string; name: string; category: number; initial_cost: number; residual_value: number; depreciation_method: "LINEAR" | "DECLINING"; useful_life_months: number; acquisition_date: string; ... 7 more ...; manufacturer?: string | undefined; }, any, { ...; }>'.
  The types of '_options.resolver' are incompatible between these types.
    Type 'Resolver<{ inventory_number: string; name: string; category: number; initial_cost: number; residual_value: number; depreciation_method: "LINEAR" | "DECLINING"; useful_life_months: number; ... 8 more ...; manufacturer?: string | undefined; }, any, TFieldValues> | undefined' is not assignable to type 'Resolver<{ inventory_number: string; name: string; category: number; initial_cost: number; residual_value: number; depreciation_method: "LINEAR" | "DECLINING"; useful_life_months: number; ... 8 more ...; manufacturer?: string | undefined; }, any, { ...; }> | undefined'.
      Type 'Resolver<{ inventory_number: string; name: string; category: number; initial_cost: number; residual_value: number; depreciation_method: "LINEAR" | "DECLINING"; useful_life_months: number; acquisition_date: string; ... 7 more ...; manufacturer?: string | undefined; }, any, TFieldValues>' is not assignable to type 'Resolver<{ inventory_number: string; name: string; category: number; initial_cost: number; residual_value: number; depreciation_method: "LINEAR" | "DECLINING"; useful_life_months: number; acquisition_date: string; ... 7 more ...; manufacturer?: string | undefined; }, any, { ...; }>'.
        Type 'ResolverResult<{ inventory_number: string; name: string; category: number; initial_cost: number; residual_value: number; depreciation_method: "LINEAR" | "DECLINING"; useful_life_months: number; ... 8 more ...; manufacturer?: string | undefined; }, TFieldValues> | Promise<...>' is not assignable to type 'ResolverResult<{ inventory_number: string; name: string; category: number; initial_cost: number; residual_value: number; depreciation_method: "LINEAR" | "DECLINING"; useful_life_months: number; ... 8 more ...; manufacturer?: string | undefined; }, { ...; }> | Promise<...>'.
          Type 'ResolverSuccess<TFieldValues>' is not assignable to type 'ResolverResult<{ inventory_number: string; name: string; category: number; initial_cost: number; residual_value: number; depreciation_method: "LINEAR" | "DECLINING"; useful_life_months: number; ... 8 more ...; manufacturer?: string | undefined; }, { ...; }> | Promise<...>'.
            Type 'ResolverSuccess<TFieldValues>' is not assignable to type 'ResolverSuccess<{ inventory_number: string; name: string; category: number; initial_cost: number; residual_value: number; depreciation_method: "LINEAR" | "DECLINING"; useful_life_months: number; acquisition_date: string; ... 7 more ...; manufacturer?: string | undefined; }>'.
              Type 'TFieldValues' is not assignable to type '{ inventory_number: string; name: string; category: number; initial_cost: number; residual_value: number; depreciation_method: "LINEAR" | "DECLINING"; useful_life_months: number; acquisition_date: string; ... 7 more ...; manufacturer?: string | undefined; }'.
                Type 'FieldValues' is missing the following properties from type '{ inventory_number: string; name: string; category: number; initial_cost: number; residual_value: number; depreciation_method: "LINEAR" | "DECLINING"; useful_life_months: number; acquisition_date: string; ... 7 more ...; manufacturer?: string | undefined; }': inventory_number, name, category, initial_cost, and 6 more.
src/components/assets/fixed-asset-form.tsx(194,33): error TS2322: Type 'Control<{ inventory_number: string; name: string; category: number; initial_cost: number; residual_value: number; depreciation_method: "LINEAR" | "DECLINING"; useful_life_months: number; acquisition_date: string; ... 7 more ...; manufacturer?: string | undefined; }, any, TFieldValues>' is not assignable to type 'Control<{ inventory_number: string; name: string; category: number; initial_cost: number; residual_value: number; depreciation_method: "LINEAR" | "DECLINING"; useful_life_months: number; acquisition_date: string; ... 7 more ...; manufacturer?: string | undefined; }, any, { ...; }>'.
  The types of '_options.resolver' are incompatible between these types.
    Type 'Resolver<{ inventory_number: string; name: string; category: number; initial_cost: number; residual_value: number; depreciation_method: "LINEAR" | "DECLINING"; useful_life_months: number; ... 8 more ...; manufacturer?: string | undefined; }, any, TFieldValues> | undefined' is not assignable to type 'Resolver<{ inventory_number: string; name: string; category: number; initial_cost: number; residual_value: number; depreciation_method: "LINEAR" | "DECLINING"; useful_life_months: number; ... 8 more ...; manufacturer?: string | undefined; }, any, { ...; }> | undefined'.
      Type 'Resolver<{ inventory_number: string; name: string; category: number; initial_cost: number; residual_value: number; depreciation_method: "LINEAR" | "DECLINING"; useful_life_months: number; acquisition_date: string; ... 7 more ...; manufacturer?: string | undefined; }, any, TFieldValues>' is not assignable to type 'Resolver<{ inventory_number: string; name: string; category: number; initial_cost: number; residual_value: number; depreciation_method: "LINEAR" | "DECLINING"; useful_life_months: number; acquisition_date: string; ... 7 more ...; manufacturer?: string | undefined; }, any, { ...; }>'.
        Type 'ResolverResult<{ inventory_number: string; name: string; category: number; initial_cost: number; residual_value: number; depreciation_method: "LINEAR" | "DECLINING"; useful_life_months: number; ... 8 more ...; manufacturer?: string | undefined; }, TFieldValues> | Promise<...>' is not assignable to type 'ResolverResult<{ inventory_number: string; name: string; category: number; initial_cost: number; residual_value: number; depreciation_method: "LINEAR" | "DECLINING"; useful_life_months: number; ... 8 more ...; manufacturer?: string | undefined; }, { ...; }> | Promise<...>'.
          Type 'ResolverSuccess<TFieldValues>' is not assignable to type 'ResolverResult<{ inventory_number: string; name: string; category: number; initial_cost: number; residual_value: number; depreciation_method: "LINEAR" | "DECLINING"; useful_life_months: number; ... 8 more ...; manufacturer?: string | undefined; }, { ...; }> | Promise<...>'.
            Type 'ResolverSuccess<TFieldValues>' is not assignable to type 'ResolverSuccess<{ inventory_number: string; name: string; category: number; initial_cost: number; residual_value: number; depreciation_method: "LINEAR" | "DECLINING"; useful_life_months: number; acquisition_date: string; ... 7 more ...; manufacturer?: string | undefined; }>'.
              Type 'TFieldValues' is not assignable to type '{ inventory_number: string; name: string; category: number; initial_cost: number; residual_value: number; depreciation_method: "LINEAR" | "DECLINING"; useful_life_months: number; acquisition_date: string; ... 7 more ...; manufacturer?: string | undefined; }'.
                Type 'FieldValues' is missing the following properties from type '{ inventory_number: string; name: string; category: number; initial_cost: number; residual_value: number; depreciation_method: "LINEAR" | "DECLINING"; useful_life_months: number; acquisition_date: string; ... 7 more ...; manufacturer?: string | undefined; }': inventory_number, name, category, initial_cost, and 6 more.
src/components/assets/fixed-asset-form.tsx(218,33): error TS2322: Type 'Control<{ inventory_number: string; name: string; category: number; initial_cost: number; residual_value: number; depreciation_method: "LINEAR" | "DECLINING"; useful_life_months: number; acquisition_date: string; ... 7 more ...; manufacturer?: string | undefined; }, any, TFieldValues>' is not assignable to type 'Control<{ inventory_number: string; name: string; category: number; initial_cost: number; residual_value: number; depreciation_method: "LINEAR" | "DECLINING"; useful_life_months: number; acquisition_date: string; ... 7 more ...; manufacturer?: string | undefined; }, any, { ...; }>'.
  The types of '_options.resolver' are incompatible between these types.
    Type 'Resolver<{ inventory_number: string; name: string; category: number; initial_cost: number; residual_value: number; depreciation_method: "LINEAR" | "DECLINING"; useful_life_months: number; ... 8 more ...; manufacturer?: string | undefined; }, any, TFieldValues> | undefined' is not assignable to type 'Resolver<{ inventory_number: string; name: string; category: number; initial_cost: number; residual_value: number; depreciation_method: "LINEAR" | "DECLINING"; useful_life_months: number; ... 8 more ...; manufacturer?: string | undefined; }, any, { ...; }> | undefined'.
      Type 'Resolver<{ inventory_number: string; name: string; category: number; initial_cost: number; residual_value: number; depreciation_method: "LINEAR" | "DECLINING"; useful_life_months: number; acquisition_date: string; ... 7 more ...; manufacturer?: string | undefined; }, any, TFieldValues>' is not assignable to type 'Resolver<{ inventory_number: string; name: string; category: number; initial_cost: number; residual_value: number; depreciation_method: "LINEAR" | "DECLINING"; useful_life_months: number; acquisition_date: string; ... 7 more ...; manufacturer?: string | undefined; }, any, { ...; }>'.
        Type 'ResolverResult<{ inventory_number: string; name: string; category: number; initial_cost: number; residual_value: number; depreciation_method: "LINEAR" | "DECLINING"; useful_life_months: number; ... 8 more ...; manufacturer?: string | undefined; }, TFieldValues> | Promise<...>' is not assignable to type 'ResolverResult<{ inventory_number: string; name: string; category: number; initial_cost: number; residual_value: number; depreciation_method: "LINEAR" | "DECLINING"; useful_life_months: number; ... 8 more ...; manufacturer?: string | undefined; }, { ...; }> | Promise<...>'.
          Type 'ResolverSuccess<TFieldValues>' is not assignable to type 'ResolverResult<{ inventory_number: string; name: string; category: number; initial_cost: number; residual_value: number; depreciation_method: "LINEAR" | "DECLINING"; useful_life_months: number; ... 8 more ...; manufacturer?: string | undefined; }, { ...; }> | Promise<...>'.
            Type 'ResolverSuccess<TFieldValues>' is not assignable to type 'ResolverSuccess<{ inventory_number: string; name: string; category: number; initial_cost: number; residual_value: number; depreciation_method: "LINEAR" | "DECLINING"; useful_life_months: number; acquisition_date: string; ... 7 more ...; manufacturer?: string | undefined; }>'.
              Type 'TFieldValues' is not assignable to type '{ inventory_number: string; name: string; category: number; initial_cost: number; residual_value: number; depreciation_method: "LINEAR" | "DECLINING"; useful_life_months: number; acquisition_date: string; ... 7 more ...; manufacturer?: string | undefined; }'.
                Type 'FieldValues' is missing the following properties from type '{ inventory_number: string; name: string; category: number; initial_cost: number; residual_value: number; depreciation_method: "LINEAR" | "DECLINING"; useful_life_months: number; acquisition_date: string; ... 7 more ...; manufacturer?: string | undefined; }': inventory_number, name, category, initial_cost, and 6 more.
src/components/assets/fixed-asset-form.tsx(250,37): error TS2322: Type 'Control<{ inventory_number: string; name: string; category: number; initial_cost: number; residual_value: number; depreciation_method: "LINEAR" | "DECLINING"; useful_life_months: number; acquisition_date: string; ... 7 more ...; manufacturer?: string | undefined; }, any, TFieldValues>' is not assignable to type 'Control<{ inventory_number: string; name: string; category: number; initial_cost: number; residual_value: number; depreciation_method: "LINEAR" | "DECLINING"; useful_life_months: number; acquisition_date: string; ... 7 more ...; manufacturer?: string | undefined; }, any, { ...; }>'.
  The types of '_options.resolver' are incompatible between these types.
    Type 'Resolver<{ inventory_number: string; name: string; category: number; initial_cost: number; residual_value: number; depreciation_method: "LINEAR" | "DECLINING"; useful_life_months: number; ... 8 more ...; manufacturer?: string | undefined; }, any, TFieldValues> | undefined' is not assignable to type 'Resolver<{ inventory_number: string; name: string; category: number; initial_cost: number; residual_value: number; depreciation_method: "LINEAR" | "DECLINING"; useful_life_months: number; ... 8 more ...; manufacturer?: string | undefined; }, any, { ...; }> | undefined'.
      Type 'Resolver<{ inventory_number: string; name: string; category: number; initial_cost: number; residual_value: number; depreciation_method: "LINEAR" | "DECLINING"; useful_life_months: number; acquisition_date: string; ... 7 more ...; manufacturer?: string | undefined; }, any, TFieldValues>' is not assignable to type 'Resolver<{ inventory_number: string; name: string; category: number; initial_cost: number; residual_value: number; depreciation_method: "LINEAR" | "DECLINING"; useful_life_months: number; acquisition_date: string; ... 7 more ...; manufacturer?: string | undefined; }, any, { ...; }>'.
        Type 'ResolverResult<{ inventory_number: string; name: string; category: number; initial_cost: number; residual_value: number; depreciation_method: "LINEAR" | "DECLINING"; useful_life_months: number; ... 8 more ...; manufacturer?: string | undefined; }, TFieldValues> | Promise<...>' is not assignable to type 'ResolverResult<{ inventory_number: string; name: string; category: number; initial_cost: number; residual_value: number; depreciation_method: "LINEAR" | "DECLINING"; useful_life_months: number; ... 8 more ...; manufacturer?: string | undefined; }, { ...; }> | Promise<...>'.
          Type 'ResolverSuccess<TFieldValues>' is not assignable to type 'ResolverResult<{ inventory_number: string; name: string; category: number; initial_cost: number; residual_value: number; depreciation_method: "LINEAR" | "DECLINING"; useful_life_months: number; ... 8 more ...; manufacturer?: string | undefined; }, { ...; }> | Promise<...>'.
            Type 'ResolverSuccess<TFieldValues>' is not assignable to type 'ResolverSuccess<{ inventory_number: string; name: string; category: number; initial_cost: number; residual_value: number; depreciation_method: "LINEAR" | "DECLINING"; useful_life_months: number; acquisition_date: string; ... 7 more ...; manufacturer?: string | undefined; }>'.
              Type 'TFieldValues' is not assignable to type '{ inventory_number: string; name: string; category: number; initial_cost: number; residual_value: number; depreciation_method: "LINEAR" | "DECLINING"; useful_life_months: number; acquisition_date: string; ... 7 more ...; manufacturer?: string | undefined; }'.
                Type 'FieldValues' is missing the following properties from type '{ inventory_number: string; name: string; category: number; initial_cost: number; residual_value: number; depreciation_method: "LINEAR" | "DECLINING"; useful_life_months: number; acquisition_date: string; ... 7 more ...; manufacturer?: string | undefined; }': inventory_number, name, category, initial_cost, and 6 more.
src/components/assets/fixed-asset-form.tsx(263,37): error TS2322: Type 'Control<{ inventory_number: string; name: string; category: number; initial_cost: number; residual_value: number; depreciation_method: "LINEAR" | "DECLINING"; useful_life_months: number; acquisition_date: string; ... 7 more ...; manufacturer?: string | undefined; }, any, TFieldValues>' is not assignable to type 'Control<{ inventory_number: string; name: string; category: number; initial_cost: number; residual_value: number; depreciation_method: "LINEAR" | "DECLINING"; useful_life_months: number; acquisition_date: string; ... 7 more ...; manufacturer?: string | undefined; }, any, { ...; }>'.
  The types of '_options.resolver' are incompatible between these types.
    Type 'Resolver<{ inventory_number: string; name: string; category: number; initial_cost: number; residual_value: number; depreciation_method: "LINEAR" | "DECLINING"; useful_life_months: number; ... 8 more ...; manufacturer?: string | undefined; }, any, TFieldValues> | undefined' is not assignable to type 'Resolver<{ inventory_number: string; name: string; category: number; initial_cost: number; residual_value: number; depreciation_method: "LINEAR" | "DECLINING"; useful_life_months: number; ... 8 more ...; manufacturer?: string | undefined; }, any, { ...; }> | undefined'.
      Type 'Resolver<{ inventory_number: string; name: string; category: number; initial_cost: number; residual_value: number; depreciation_method: "LINEAR" | "DECLINING"; useful_life_months: number; acquisition_date: string; ... 7 more ...; manufacturer?: string | undefined; }, any, TFieldValues>' is not assignable to type 'Resolver<{ inventory_number: string; name: string; category: number; initial_cost: number; residual_value: number; depreciation_method: "LINEAR" | "DECLINING"; useful_life_months: number; acquisition_date: string; ... 7 more ...; manufacturer?: string | undefined; }, any, { ...; }>'.
        Type 'ResolverResult<{ inventory_number: string; name: string; category: number; initial_cost: number; residual_value: number; depreciation_method: "LINEAR" | "DECLINING"; useful_life_months: number; ... 8 more ...; manufacturer?: string | undefined; }, TFieldValues> | Promise<...>' is not assignable to type 'ResolverResult<{ inventory_number: string; name: string; category: number; initial_cost: number; residual_value: number; depreciation_method: "LINEAR" | "DECLINING"; useful_life_months: number; ... 8 more ...; manufacturer?: string | undefined; }, { ...; }> | Promise<...>'.
          Type 'ResolverSuccess<TFieldValues>' is not assignable to type 'ResolverResult<{ inventory_number: string; name: string; category: number; initial_cost: number; residual_value: number; depreciation_method: "LINEAR" | "DECLINING"; useful_life_months: number; ... 8 more ...; manufacturer?: string | undefined; }, { ...; }> | Promise<...>'.
            Type 'ResolverSuccess<TFieldValues>' is not assignable to type 'ResolverSuccess<{ inventory_number: string; name: string; category: number; initial_cost: number; residual_value: number; depreciation_method: "LINEAR" | "DECLINING"; useful_life_months: number; acquisition_date: string; ... 7 more ...; manufacturer?: string | undefined; }>'.
              Type 'TFieldValues' is not assignable to type '{ inventory_number: string; name: string; category: number; initial_cost: number; residual_value: number; depreciation_method: "LINEAR" | "DECLINING"; useful_life_months: number; acquisition_date: string; ... 7 more ...; manufacturer?: string | undefined; }'.
                Type 'FieldValues' is missing the following properties from type '{ inventory_number: string; name: string; category: number; initial_cost: number; residual_value: number; depreciation_method: "LINEAR" | "DECLINING"; useful_life_months: number; acquisition_date: string; ... 7 more ...; manufacturer?: string | undefined; }': inventory_number, name, category, initial_cost, and 6 more.
src/components/assets/fixed-asset-form.tsx(278,33): error TS2322: Type 'Control<{ inventory_number: string; name: string; category: number; initial_cost: number; residual_value: number; depreciation_method: "LINEAR" | "DECLINING"; useful_life_months: number; acquisition_date: string; ... 7 more ...; manufacturer?: string | undefined; }, any, TFieldValues>' is not assignable to type 'Control<{ inventory_number: string; name: string; category: number; initial_cost: number; residual_value: number; depreciation_method: "LINEAR" | "DECLINING"; useful_life_months: number; acquisition_date: string; ... 7 more ...; manufacturer?: string | undefined; }, any, { ...; }>'.
  The types of '_options.resolver' are incompatible between these types.
    Type 'Resolver<{ inventory_number: string; name: string; category: number; initial_cost: number; residual_value: number; depreciation_method: "LINEAR" | "DECLINING"; useful_life_months: number; ... 8 more ...; manufacturer?: string | undefined; }, any, TFieldValues> | undefined' is not assignable to type 'Resolver<{ inventory_number: string; name: string; category: number; initial_cost: number; residual_value: number; depreciation_method: "LINEAR" | "DECLINING"; useful_life_months: number; ... 8 more ...; manufacturer?: string | undefined; }, any, { ...; }> | undefined'.
      Type 'Resolver<{ inventory_number: string; name: string; category: number; initial_cost: number; residual_value: number; depreciation_method: "LINEAR" | "DECLINING"; useful_life_months: number; acquisition_date: string; ... 7 more ...; manufacturer?: string | undefined; }, any, TFieldValues>' is not assignable to type 'Resolver<{ inventory_number: string; name: string; category: number; initial_cost: number; residual_value: number; depreciation_method: "LINEAR" | "DECLINING"; useful_life_months: number; acquisition_date: string; ... 7 more ...; manufacturer?: string | undefined; }, any, { ...; }>'.
        Type 'ResolverResult<{ inventory_number: string; name: string; category: number; initial_cost: number; residual_value: number; depreciation_method: "LINEAR" | "DECLINING"; useful_life_months: number; ... 8 more ...; manufacturer?: string | undefined; }, TFieldValues> | Promise<...>' is not assignable to type 'ResolverResult<{ inventory_number: string; name: string; category: number; initial_cost: number; residual_value: number; depreciation_method: "LINEAR" | "DECLINING"; useful_life_months: number; ... 8 more ...; manufacturer?: string | undefined; }, { ...; }> | Promise<...>'.
          Type 'ResolverSuccess<TFieldValues>' is not assignable to type 'ResolverResult<{ inventory_number: string; name: string; category: number; initial_cost: number; residual_value: number; depreciation_method: "LINEAR" | "DECLINING"; useful_life_months: number; ... 8 more ...; manufacturer?: string | undefined; }, { ...; }> | Promise<...>'.
            Type 'ResolverSuccess<TFieldValues>' is not assignable to type 'ResolverSuccess<{ inventory_number: string; name: string; category: number; initial_cost: number; residual_value: number; depreciation_method: "LINEAR" | "DECLINING"; useful_life_months: number; acquisition_date: string; ... 7 more ...; manufacturer?: string | undefined; }>'.
              Type 'TFieldValues' is not assignable to type '{ inventory_number: string; name: string; category: number; initial_cost: number; residual_value: number; depreciation_method: "LINEAR" | "DECLINING"; useful_life_months: number; acquisition_date: string; ... 7 more ...; manufacturer?: string | undefined; }'.
                Type 'FieldValues' is missing the following properties from type '{ inventory_number: string; name: string; category: number; initial_cost: number; residual_value: number; depreciation_method: "LINEAR" | "DECLINING"; useful_life_months: number; acquisition_date: string; ... 7 more ...; manufacturer?: string | undefined; }': inventory_number, name, category, initial_cost, and 6 more.
src/components/assets/fixed-asset-form.tsx(301,37): error TS2322: Type 'Control<{ inventory_number: string; name: string; category: number; initial_cost: number; residual_value: number; depreciation_method: "LINEAR" | "DECLINING"; useful_life_months: number; acquisition_date: string; ... 7 more ...; manufacturer?: string | undefined; }, any, TFieldValues>' is not assignable to type 'Control<{ inventory_number: string; name: string; category: number; initial_cost: number; residual_value: number; depreciation_method: "LINEAR" | "DECLINING"; useful_life_months: number; acquisition_date: string; ... 7 more ...; manufacturer?: string | undefined; }, any, { ...; }>'.
  The types of '_options.resolver' are incompatible between these types.
    Type 'Resolver<{ inventory_number: string; name: string; category: number; initial_cost: number; residual_value: number; depreciation_method: "LINEAR" | "DECLINING"; useful_life_months: number; ... 8 more ...; manufacturer?: string | undefined; }, any, TFieldValues> | undefined' is not assignable to type 'Resolver<{ inventory_number: string; name: string; category: number; initial_cost: number; residual_value: number; depreciation_method: "LINEAR" | "DECLINING"; useful_life_months: number; ... 8 more ...; manufacturer?: string | undefined; }, any, { ...; }> | undefined'.
      Type 'Resolver<{ inventory_number: string; name: string; category: number; initial_cost: number; residual_value: number; depreciation_method: "LINEAR" | "DECLINING"; useful_life_months: number; acquisition_date: string; ... 7 more ...; manufacturer?: string | undefined; }, any, TFieldValues>' is not assignable to type 'Resolver<{ inventory_number: string; name: string; category: number; initial_cost: number; residual_value: number; depreciation_method: "LINEAR" | "DECLINING"; useful_life_months: number; acquisition_date: string; ... 7 more ...; manufacturer?: string | undefined; }, any, { ...; }>'.
        Type 'ResolverResult<{ inventory_number: string; name: string; category: number; initial_cost: number; residual_value: number; depreciation_method: "LINEAR" | "DECLINING"; useful_life_months: number; ... 8 more ...; manufacturer?: string | undefined; }, TFieldValues> | Promise<...>' is not assignable to type 'ResolverResult<{ inventory_number: string; name: string; category: number; initial_cost: number; residual_value: number; depreciation_method: "LINEAR" | "DECLINING"; useful_life_months: number; ... 8 more ...; manufacturer?: string | undefined; }, { ...; }> | Promise<...>'.
          Type 'ResolverSuccess<TFieldValues>' is not assignable to type 'ResolverResult<{ inventory_number: string; name: string; category: number; initial_cost: number; residual_value: number; depreciation_method: "LINEAR" | "DECLINING"; useful_life_months: number; ... 8 more ...; manufacturer?: string | undefined; }, { ...; }> | Promise<...>'.
            Type 'ResolverSuccess<TFieldValues>' is not assignable to type 'ResolverSuccess<{ inventory_number: string; name: string; category: number; initial_cost: number; residual_value: number; depreciation_method: "LINEAR" | "DECLINING"; useful_life_months: number; acquisition_date: string; ... 7 more ...; manufacturer?: string | undefined; }>'.
              Type 'TFieldValues' is not assignable to type '{ inventory_number: string; name: string; category: number; initial_cost: number; residual_value: number; depreciation_method: "LINEAR" | "DECLINING"; useful_life_months: number; acquisition_date: string; ... 7 more ...; manufacturer?: string | undefined; }'.
                Type 'FieldValues' is missing the following properties from type '{ inventory_number: string; name: string; category: number; initial_cost: number; residual_value: number; depreciation_method: "LINEAR" | "DECLINING"; useful_life_months: number; acquisition_date: string; ... 7 more ...; manufacturer?: string | undefined; }': inventory_number, name, category, initial_cost, and 6 more.
src/components/assets/fixed-asset-form.tsx(314,37): error TS2322: Type 'Control<{ inventory_number: string; name: string; category: number; initial_cost: number; residual_value: number; depreciation_method: "LINEAR" | "DECLINING"; useful_life_months: number; acquisition_date: string; ... 7 more ...; manufacturer?: string | undefined; }, any, TFieldValues>' is not assignable to type 'Control<{ inventory_number: string; name: string; category: number; initial_cost: number; residual_value: number; depreciation_method: "LINEAR" | "DECLINING"; useful_life_months: number; acquisition_date: string; ... 7 more ...; manufacturer?: string | undefined; }, any, { ...; }>'.
  The types of '_options.resolver' are incompatible between these types.
    Type 'Resolver<{ inventory_number: string; name: string; category: number; initial_cost: number; residual_value: number; depreciation_method: "LINEAR" | "DECLINING"; useful_life_months: number; ... 8 more ...; manufacturer?: string | undefined; }, any, TFieldValues> | undefined' is not assignable to type 'Resolver<{ inventory_number: string; name: string; category: number; initial_cost: number; residual_value: number; depreciation_method: "LINEAR" | "DECLINING"; useful_life_months: number; ... 8 more ...; manufacturer?: string | undefined; }, any, { ...; }> | undefined'.
      Type 'Resolver<{ inventory_number: string; name: string; category: number; initial_cost: number; residual_value: number; depreciation_method: "LINEAR" | "DECLINING"; useful_life_months: number; acquisition_date: string; ... 7 more ...; manufacturer?: string | undefined; }, any, TFieldValues>' is not assignable to type 'Resolver<{ inventory_number: string; name: string; category: number; initial_cost: number; residual_value: number; depreciation_method: "LINEAR" | "DECLINING"; useful_life_months: number; acquisition_date: string; ... 7 more ...; manufacturer?: string | undefined; }, any, { ...; }>'.
        Type 'ResolverResult<{ inventory_number: string; name: string; category: number; initial_cost: number; residual_value: number; depreciation_method: "LINEAR" | "DECLINING"; useful_life_months: number; ... 8 more ...; manufacturer?: string | undefined; }, TFieldValues> | Promise<...>' is not assignable to type 'ResolverResult<{ inventory_number: string; name: string; category: number; initial_cost: number; residual_value: number; depreciation_method: "LINEAR" | "DECLINING"; useful_life_months: number; ... 8 more ...; manufacturer?: string | undefined; }, { ...; }> | Promise<...>'.
          Type 'ResolverSuccess<TFieldValues>' is not assignable to type 'ResolverResult<{ inventory_number: string; name: string; category: number; initial_cost: number; residual_value: number; depreciation_method: "LINEAR" | "DECLINING"; useful_life_months: number; ... 8 more ...; manufacturer?: string | undefined; }, { ...; }> | Promise<...>'.
            Type 'ResolverSuccess<TFieldValues>' is not assignable to type 'ResolverSuccess<{ inventory_number: string; name: string; category: number; initial_cost: number; residual_value: number; depreciation_method: "LINEAR" | "DECLINING"; useful_life_months: number; acquisition_date: string; ... 7 more ...; manufacturer?: string | undefined; }>'.
              Type 'TFieldValues' is not assignable to type '{ inventory_number: string; name: string; category: number; initial_cost: number; residual_value: number; depreciation_method: "LINEAR" | "DECLINING"; useful_life_months: number; acquisition_date: string; ... 7 more ...; manufacturer?: string | undefined; }'.
                Type 'FieldValues' is missing the following properties from type '{ inventory_number: string; name: string; category: number; initial_cost: number; residual_value: number; depreciation_method: "LINEAR" | "DECLINING"; useful_life_months: number; acquisition_date: string; ... 7 more ...; manufacturer?: string | undefined; }': inventory_number, name, category, initial_cost, and 6 more.
src/components/assets/fixed-asset-form.tsx(338,37): error TS2322: Type 'Control<{ inventory_number: string; name: string; category: number; initial_cost: number; residual_value: number; depreciation_method: "LINEAR" | "DECLINING"; useful_life_months: number; acquisition_date: string; ... 7 more ...; manufacturer?: string | undefined; }, any, TFieldValues>' is not assignable to type 'Control<{ inventory_number: string; name: string; category: number; initial_cost: number; residual_value: number; depreciation_method: "LINEAR" | "DECLINING"; useful_life_months: number; acquisition_date: string; ... 7 more ...; manufacturer?: string | undefined; }, any, { ...; }>'.
  The types of '_options.resolver' are incompatible between these types.
    Type 'Resolver<{ inventory_number: string; name: string; category: number; initial_cost: number; residual_value: number; depreciation_method: "LINEAR" | "DECLINING"; useful_life_months: number; ... 8 more ...; manufacturer?: string | undefined; }, any, TFieldValues> | undefined' is not assignable to type 'Resolver<{ inventory_number: string; name: string; category: number; initial_cost: number; residual_value: number; depreciation_method: "LINEAR" | "DECLINING"; useful_life_months: number; ... 8 more ...; manufacturer?: string | undefined; }, any, { ...; }> | undefined'.
      Type 'Resolver<{ inventory_number: string; name: string; category: number; initial_cost: number; residual_value: number; depreciation_method: "LINEAR" | "DECLINING"; useful_life_months: number; acquisition_date: string; ... 7 more ...; manufacturer?: string | undefined; }, any, TFieldValues>' is not assignable to type 'Resolver<{ inventory_number: string; name: string; category: number; initial_cost: number; residual_value: number; depreciation_method: "LINEAR" | "DECLINING"; useful_life_months: number; acquisition_date: string; ... 7 more ...; manufacturer?: string | undefined; }, any, { ...; }>'.
        Type 'ResolverResult<{ inventory_number: string; name: string; category: number; initial_cost: number; residual_value: number; depreciation_method: "LINEAR" | "DECLINING"; useful_life_months: number; ... 8 more ...; manufacturer?: string | undefined; }, TFieldValues> | Promise<...>' is not assignable to type 'ResolverResult<{ inventory_number: string; name: string; category: number; initial_cost: number; residual_value: number; depreciation_method: "LINEAR" | "DECLINING"; useful_life_months: number; ... 8 more ...; manufacturer?: string | undefined; }, { ...; }> | Promise<...>'.
          Type 'ResolverSuccess<TFieldValues>' is not assignable to type 'ResolverResult<{ inventory_number: string; name: string; category: number; initial_cost: number; residual_value: number; depreciation_method: "LINEAR" | "DECLINING"; useful_life_months: number; ... 8 more ...; manufacturer?: string | undefined; }, { ...; }> | Promise<...>'.
            Type 'ResolverSuccess<TFieldValues>' is not assignable to type 'ResolverSuccess<{ inventory_number: string; name: string; category: number; initial_cost: number; residual_value: number; depreciation_method: "LINEAR" | "DECLINING"; useful_life_months: number; acquisition_date: string; ... 7 more ...; manufacturer?: string | undefined; }>'.
              Type 'TFieldValues' is not assignable to type '{ inventory_number: string; name: string; category: number; initial_cost: number; residual_value: number; depreciation_method: "LINEAR" | "DECLINING"; useful_life_months: number; acquisition_date: string; ... 7 more ...; manufacturer?: string | undefined; }'.
                Type 'FieldValues' is missing the following properties from type '{ inventory_number: string; name: string; category: number; initial_cost: number; residual_value: number; depreciation_method: "LINEAR" | "DECLINING"; useful_life_months: number; acquisition_date: string; ... 7 more ...; manufacturer?: string | undefined; }': inventory_number, name, category, initial_cost, and 6 more.
src/components/assets/fixed-asset-form.tsx(351,37): error TS2322: Type 'Control<{ inventory_number: string; name: string; category: number; initial_cost: number; residual_value: number; depreciation_method: "LINEAR" | "DECLINING"; useful_life_months: number; acquisition_date: string; ... 7 more ...; manufacturer?: string | undefined; }, any, TFieldValues>' is not assignable to type 'Control<{ inventory_number: string; name: string; category: number; initial_cost: number; residual_value: number; depreciation_method: "LINEAR" | "DECLINING"; useful_life_months: number; acquisition_date: string; ... 7 more ...; manufacturer?: string | undefined; }, any, { ...; }>'.
  The types of '_options.resolver' are incompatible between these types.
    Type 'Resolver<{ inventory_number: string; name: string; category: number; initial_cost: number; residual_value: number; depreciation_method: "LINEAR" | "DECLINING"; useful_life_months: number; ... 8 more ...; manufacturer?: string | undefined; }, any, TFieldValues> | undefined' is not assignable to type 'Resolver<{ inventory_number: string; name: string; category: number; initial_cost: number; residual_value: number; depreciation_method: "LINEAR" | "DECLINING"; useful_life_months: number; ... 8 more ...; manufacturer?: string | undefined; }, any, { ...; }> | undefined'.
      Type 'Resolver<{ inventory_number: string; name: string; category: number; initial_cost: number; residual_value: number; depreciation_method: "LINEAR" | "DECLINING"; useful_life_months: number; acquisition_date: string; ... 7 more ...; manufacturer?: string | undefined; }, any, TFieldValues>' is not assignable to type 'Resolver<{ inventory_number: string; name: string; category: number; initial_cost: number; residual_value: number; depreciation_method: "LINEAR" | "DECLINING"; useful_life_months: number; acquisition_date: string; ... 7 more ...; manufacturer?: string | undefined; }, any, { ...; }>'.
        Type 'ResolverResult<{ inventory_number: string; name: string; category: number; initial_cost: number; residual_value: number; depreciation_method: "LINEAR" | "DECLINING"; useful_life_months: number; ... 8 more ...; manufacturer?: string | undefined; }, TFieldValues> | Promise<...>' is not assignable to type 'ResolverResult<{ inventory_number: string; name: string; category: number; initial_cost: number; residual_value: number; depreciation_method: "LINEAR" | "DECLINING"; useful_life_months: number; ... 8 more ...; manufacturer?: string | undefined; }, { ...; }> | Promise<...>'.
          Type 'ResolverSuccess<TFieldValues>' is not assignable to type 'ResolverResult<{ inventory_number: string; name: string; category: number; initial_cost: number; residual_value: number; depreciation_method: "LINEAR" | "DECLINING"; useful_life_months: number; ... 8 more ...; manufacturer?: string | undefined; }, { ...; }> | Promise<...>'.
            Type 'ResolverSuccess<TFieldValues>' is not assignable to type 'ResolverSuccess<{ inventory_number: string; name: string; category: number; initial_cost: number; residual_value: number; depreciation_method: "LINEAR" | "DECLINING"; useful_life_months: number; acquisition_date: string; ... 7 more ...; manufacturer?: string | undefined; }>'.
              Type 'TFieldValues' is not assignable to type '{ inventory_number: string; name: string; category: number; initial_cost: number; residual_value: number; depreciation_method: "LINEAR" | "DECLINING"; useful_life_months: number; acquisition_date: string; ... 7 more ...; manufacturer?: string | undefined; }'.
                Type 'FieldValues' is missing the following properties from type '{ inventory_number: string; name: string; category: number; initial_cost: number; residual_value: number; depreciation_method: "LINEAR" | "DECLINING"; useful_life_months: number; acquisition_date: string; ... 7 more ...; manufacturer?: string | undefined; }': inventory_number, name, category, initial_cost, and 6 more.
src/components/assets/fixed-asset-form.tsx(366,33): error TS2322: Type 'Control<{ inventory_number: string; name: string; category: number; initial_cost: number; residual_value: number; depreciation_method: "LINEAR" | "DECLINING"; useful_life_months: number; acquisition_date: string; ... 7 more ...; manufacturer?: string | undefined; }, any, TFieldValues>' is not assignable to type 'Control<{ inventory_number: string; name: string; category: number; initial_cost: number; residual_value: number; depreciation_method: "LINEAR" | "DECLINING"; useful_life_months: number; acquisition_date: string; ... 7 more ...; manufacturer?: string | undefined; }, any, { ...; }>'.
  The types of '_options.resolver' are incompatible between these types.
    Type 'Resolver<{ inventory_number: string; name: string; category: number; initial_cost: number; residual_value: number; depreciation_method: "LINEAR" | "DECLINING"; useful_life_months: number; ... 8 more ...; manufacturer?: string | undefined; }, any, TFieldValues> | undefined' is not assignable to type 'Resolver<{ inventory_number: string; name: string; category: number; initial_cost: number; residual_value: number; depreciation_method: "LINEAR" | "DECLINING"; useful_life_months: number; ... 8 more ...; manufacturer?: string | undefined; }, any, { ...; }> | undefined'.
      Type 'Resolver<{ inventory_number: string; name: string; category: number; initial_cost: number; residual_value: number; depreciation_method: "LINEAR" | "DECLINING"; useful_life_months: number; acquisition_date: string; ... 7 more ...; manufacturer?: string | undefined; }, any, TFieldValues>' is not assignable to type 'Resolver<{ inventory_number: string; name: string; category: number; initial_cost: number; residual_value: number; depreciation_method: "LINEAR" | "DECLINING"; useful_life_months: number; acquisition_date: string; ... 7 more ...; manufacturer?: string | undefined; }, any, { ...; }>'.
        Type 'ResolverResult<{ inventory_number: string; name: string; category: number; initial_cost: number; residual_value: number; depreciation_method: "LINEAR" | "DECLINING"; useful_life_months: number; ... 8 more ...; manufacturer?: string | undefined; }, TFieldValues> | Promise<...>' is not assignable to type 'ResolverResult<{ inventory_number: string; name: string; category: number; initial_cost: number; residual_value: number; depreciation_method: "LINEAR" | "DECLINING"; useful_life_months: number; ... 8 more ...; manufacturer?: string | undefined; }, { ...; }> | Promise<...>'.
          Type 'ResolverSuccess<TFieldValues>' is not assignable to type 'ResolverResult<{ inventory_number: string; name: string; category: number; initial_cost: number; residual_value: number; depreciation_method: "LINEAR" | "DECLINING"; useful_life_months: number; ... 8 more ...; manufacturer?: string | undefined; }, { ...; }> | Promise<...>'.
            Type 'ResolverSuccess<TFieldValues>' is not assignable to type 'ResolverSuccess<{ inventory_number: string; name: string; category: number; initial_cost: number; residual_value: number; depreciation_method: "LINEAR" | "DECLINING"; useful_life_months: number; acquisition_date: string; ... 7 more ...; manufacturer?: string | undefined; }>'.
              Type 'TFieldValues' is not assignable to type '{ inventory_number: string; name: string; category: number; initial_cost: number; residual_value: number; depreciation_method: "LINEAR" | "DECLINING"; useful_life_months: number; acquisition_date: string; ... 7 more ...; manufacturer?: string | undefined; }'.
                Type 'FieldValues' is missing the following properties from type '{ inventory_number: string; name: string; category: number; initial_cost: number; residual_value: number; depreciation_method: "LINEAR" | "DECLINING"; useful_life_months: number; acquisition_date: string; ... 7 more ...; manufacturer?: string | undefined; }': inventory_number, name, category, initial_cost, and 6 more.
src/components/assets/fixed-asset-form.tsx(380,33): error TS2322: Type 'Control<{ inventory_number: string; name: string; category: number; initial_cost: number; residual_value: number; depreciation_method: "LINEAR" | "DECLINING"; useful_life_months: number; acquisition_date: string; ... 7 more ...; manufacturer?: string | undefined; }, any, TFieldValues>' is not assignable to type 'Control<{ inventory_number: string; name: string; category: number; initial_cost: number; residual_value: number; depreciation_method: "LINEAR" | "DECLINING"; useful_life_months: number; acquisition_date: string; ... 7 more ...; manufacturer?: string | undefined; }, any, { ...; }>'.
  The types of '_options.resolver' are incompatible between these types.
    Type 'Resolver<{ inventory_number: string; name: string; category: number; initial_cost: number; residual_value: number; depreciation_method: "LINEAR" | "DECLINING"; useful_life_months: number; ... 8 more ...; manufacturer?: string | undefined; }, any, TFieldValues> | undefined' is not assignable to type 'Resolver<{ inventory_number: string; name: string; category: number; initial_cost: number; residual_value: number; depreciation_method: "LINEAR" | "DECLINING"; useful_life_months: number; ... 8 more ...; manufacturer?: string | undefined; }, any, { ...; }> | undefined'.
      Type 'Resolver<{ inventory_number: string; name: string; category: number; initial_cost: number; residual_value: number; depreciation_method: "LINEAR" | "DECLINING"; useful_life_months: number; acquisition_date: string; ... 7 more ...; manufacturer?: string | undefined; }, any, TFieldValues>' is not assignable to type 'Resolver<{ inventory_number: string; name: string; category: number; initial_cost: number; residual_value: number; depreciation_method: "LINEAR" | "DECLINING"; useful_life_months: number; acquisition_date: string; ... 7 more ...; manufacturer?: string | undefined; }, any, { ...; }>'.
        Type 'ResolverResult<{ inventory_number: string; name: string; category: number; initial_cost: number; residual_value: number; depreciation_method: "LINEAR" | "DECLINING"; useful_life_months: number; ... 8 more ...; manufacturer?: string | undefined; }, TFieldValues> | Promise<...>' is not assignable to type 'ResolverResult<{ inventory_number: string; name: string; category: number; initial_cost: number; residual_value: number; depreciation_method: "LINEAR" | "DECLINING"; useful_life_months: number; ... 8 more ...; manufacturer?: string | undefined; }, { ...; }> | Promise<...>'.
          Type 'ResolverSuccess<TFieldValues>' is not assignable to type 'ResolverResult<{ inventory_number: string; name: string; category: number; initial_cost: number; residual_value: number; depreciation_method: "LINEAR" | "DECLINING"; useful_life_months: number; ... 8 more ...; manufacturer?: string | undefined; }, { ...; }> | Promise<...>'.
            Type 'ResolverSuccess<TFieldValues>' is not assignable to type 'ResolverSuccess<{ inventory_number: string; name: string; category: number; initial_cost: number; residual_value: number; depreciation_method: "LINEAR" | "DECLINING"; useful_life_months: number; acquisition_date: string; ... 7 more ...; manufacturer?: string | undefined; }>'.
              Type 'TFieldValues' is not assignable to type '{ inventory_number: string; name: string; category: number; initial_cost: number; residual_value: number; depreciation_method: "LINEAR" | "DECLINING"; useful_life_months: number; acquisition_date: string; ... 7 more ...; manufacturer?: string | undefined; }'.
                Type 'FieldValues' is missing the following properties from type '{ inventory_number: string; name: string; category: number; initial_cost: number; residual_value: number; depreciation_method: "LINEAR" | "DECLINING"; useful_life_months: number; acquisition_date: string; ... 7 more ...; manufacturer?: string | undefined; }': inventory_number, name, category, initial_cost, and 6 more.
src/components/assets/fixed-asset-form.tsx(413,33): error TS2322: Type 'Control<{ inventory_number: string; name: string; category: number; initial_cost: number; residual_value: number; depreciation_method: "LINEAR" | "DECLINING"; useful_life_months: number; acquisition_date: string; ... 7 more ...; manufacturer?: string | undefined; }, any, TFieldValues>' is not assignable to type 'Control<{ inventory_number: string; name: string; category: number; initial_cost: number; residual_value: number; depreciation_method: "LINEAR" | "DECLINING"; useful_life_months: number; acquisition_date: string; ... 7 more ...; manufacturer?: string | undefined; }, any, { ...; }>'.
  The types of '_options.resolver' are incompatible between these types.
    Type 'Resolver<{ inventory_number: string; name: string; category: number; initial_cost: number; residual_value: number; depreciation_method: "LINEAR" | "DECLINING"; useful_life_months: number; ... 8 more ...; manufacturer?: string | undefined; }, any, TFieldValues> | undefined' is not assignable to type 'Resolver<{ inventory_number: string; name: string; category: number; initial_cost: number; residual_value: number; depreciation_method: "LINEAR" | "DECLINING"; useful_life_months: number; ... 8 more ...; manufacturer?: string | undefined; }, any, { ...; }> | undefined'.
      Type 'Resolver<{ inventory_number: string; name: string; category: number; initial_cost: number; residual_value: number; depreciation_method: "LINEAR" | "DECLINING"; useful_life_months: number; acquisition_date: string; ... 7 more ...; manufacturer?: string | undefined; }, any, TFieldValues>' is not assignable to type 'Resolver<{ inventory_number: string; name: string; category: number; initial_cost: number; residual_value: number; depreciation_method: "LINEAR" | "DECLINING"; useful_life_months: number; acquisition_date: string; ... 7 more ...; manufacturer?: string | undefined; }, any, { ...; }>'.
        Type 'ResolverResult<{ inventory_number: string; name: string; category: number; initial_cost: number; residual_value: number; depreciation_method: "LINEAR" | "DECLINING"; useful_life_months: number; ... 8 more ...; manufacturer?: string | undefined; }, TFieldValues> | Promise<...>' is not assignable to type 'ResolverResult<{ inventory_number: string; name: string; category: number; initial_cost: number; residual_value: number; depreciation_method: "LINEAR" | "DECLINING"; useful_life_months: number; ... 8 more ...; manufacturer?: string | undefined; }, { ...; }> | Promise<...>'.
          Type 'ResolverSuccess<TFieldValues>' is not assignable to type 'ResolverResult<{ inventory_number: string; name: string; category: number; initial_cost: number; residual_value: number; depreciation_method: "LINEAR" | "DECLINING"; useful_life_months: number; ... 8 more ...; manufacturer?: string | undefined; }, { ...; }> | Promise<...>'.
            Type 'ResolverSuccess<TFieldValues>' is not assignable to type 'ResolverSuccess<{ inventory_number: string; name: string; category: number; initial_cost: number; residual_value: number; depreciation_method: "LINEAR" | "DECLINING"; useful_life_months: number; acquisition_date: string; ... 7 more ...; manufacturer?: string | undefined; }>'.
              Type 'TFieldValues' is not assignable to type '{ inventory_number: string; name: string; category: number; initial_cost: number; residual_value: number; depreciation_method: "LINEAR" | "DECLINING"; useful_life_months: number; acquisition_date: string; ... 7 more ...; manufacturer?: string | undefined; }'.
                Type 'FieldValues' is missing the following properties from type '{ inventory_number: string; name: string; category: number; initial_cost: number; residual_value: number; depreciation_method: "LINEAR" | "DECLINING"; useful_life_months: number; acquisition_date: string; ... 7 more ...; manufacturer?: string | undefined; }': inventory_number, name, category, initial_cost, and 6 more.
src/components/assets/fixed-asset-form.tsx(427,37): error TS2322: Type 'Control<{ inventory_number: string; name: string; category: number; initial_cost: number; residual_value: number; depreciation_method: "LINEAR" | "DECLINING"; useful_life_months: number; acquisition_date: string; ... 7 more ...; manufacturer?: string | undefined; }, any, TFieldValues>' is not assignable to type 'Control<{ inventory_number: string; name: string; category: number; initial_cost: number; residual_value: number; depreciation_method: "LINEAR" | "DECLINING"; useful_life_months: number; acquisition_date: string; ... 7 more ...; manufacturer?: string | undefined; }, any, { ...; }>'.
  The types of '_options.resolver' are incompatible between these types.
    Type 'Resolver<{ inventory_number: string; name: string; category: number; initial_cost: number; residual_value: number; depreciation_method: "LINEAR" | "DECLINING"; useful_life_months: number; ... 8 more ...; manufacturer?: string | undefined; }, any, TFieldValues> | undefined' is not assignable to type 'Resolver<{ inventory_number: string; name: string; category: number; initial_cost: number; residual_value: number; depreciation_method: "LINEAR" | "DECLINING"; useful_life_months: number; ... 8 more ...; manufacturer?: string | undefined; }, any, { ...; }> | undefined'.
      Type 'Resolver<{ inventory_number: string; name: string; category: number; initial_cost: number; residual_value: number; depreciation_method: "LINEAR" | "DECLINING"; useful_life_months: number; acquisition_date: string; ... 7 more ...; manufacturer?: string | undefined; }, any, TFieldValues>' is not assignable to type 'Resolver<{ inventory_number: string; name: string; category: number; initial_cost: number; residual_value: number; depreciation_method: "LINEAR" | "DECLINING"; useful_life_months: number; acquisition_date: string; ... 7 more ...; manufacturer?: string | undefined; }, any, { ...; }>'.
        Type 'ResolverResult<{ inventory_number: string; name: string; category: number; initial_cost: number; residual_value: number; depreciation_method: "LINEAR" | "DECLINING"; useful_life_months: number; ... 8 more ...; manufacturer?: string | undefined; }, TFieldValues> | Promise<...>' is not assignable to type 'ResolverResult<{ inventory_number: string; name: string; category: number; initial_cost: number; residual_value: number; depreciation_method: "LINEAR" | "DECLINING"; useful_life_months: number; ... 8 more ...; manufacturer?: string | undefined; }, { ...; }> | Promise<...>'.
          Type 'ResolverSuccess<TFieldValues>' is not assignable to type 'ResolverResult<{ inventory_number: string; name: string; category: number; initial_cost: number; residual_value: number; depreciation_method: "LINEAR" | "DECLINING"; useful_life_months: number; ... 8 more ...; manufacturer?: string | undefined; }, { ...; }> | Promise<...>'.
            Type 'ResolverSuccess<TFieldValues>' is not assignable to type 'ResolverSuccess<{ inventory_number: string; name: string; category: number; initial_cost: number; residual_value: number; depreciation_method: "LINEAR" | "DECLINING"; useful_life_months: number; acquisition_date: string; ... 7 more ...; manufacturer?: string | undefined; }>'.
              Type 'TFieldValues' is not assignable to type '{ inventory_number: string; name: string; category: number; initial_cost: number; residual_value: number; depreciation_method: "LINEAR" | "DECLINING"; useful_life_months: number; acquisition_date: string; ... 7 more ...; manufacturer?: string | undefined; }'.
                Type 'FieldValues' is missing the following properties from type '{ inventory_number: string; name: string; category: number; initial_cost: number; residual_value: number; depreciation_method: "LINEAR" | "DECLINING"; useful_life_months: number; acquisition_date: string; ... 7 more ...; manufacturer?: string | undefined; }': inventory_number, name, category, initial_cost, and 6 more.
src/components/assets/fixed-asset-form.tsx(440,37): error TS2322: Type 'Control<{ inventory_number: string; name: string; category: number; initial_cost: number; residual_value: number; depreciation_method: "LINEAR" | "DECLINING"; useful_life_months: number; acquisition_date: string; ... 7 more ...; manufacturer?: string | undefined; }, any, TFieldValues>' is not assignable to type 'Control<{ inventory_number: string; name: string; category: number; initial_cost: number; residual_value: number; depreciation_method: "LINEAR" | "DECLINING"; useful_life_months: number; acquisition_date: string; ... 7 more ...; manufacturer?: string | undefined; }, any, { ...; }>'.
  The types of '_options.resolver' are incompatible between these types.
    Type 'Resolver<{ inventory_number: string; name: string; category: number; initial_cost: number; residual_value: number; depreciation_method: "LINEAR" | "DECLINING"; useful_life_months: number; ... 8 more ...; manufacturer?: string | undefined; }, any, TFieldValues> | undefined' is not assignable to type 'Resolver<{ inventory_number: string; name: string; category: number; initial_cost: number; residual_value: number; depreciation_method: "LINEAR" | "DECLINING"; useful_life_months: number; ... 8 more ...; manufacturer?: string | undefined; }, any, { ...; }> | undefined'.
      Type 'Resolver<{ inventory_number: string; name: string; category: number; initial_cost: number; residual_value: number; depreciation_method: "LINEAR" | "DECLINING"; useful_life_months: number; acquisition_date: string; ... 7 more ...; manufacturer?: string | undefined; }, any, TFieldValues>' is not assignable to type 'Resolver<{ inventory_number: string; name: string; category: number; initial_cost: number; residual_value: number; depreciation_method: "LINEAR" | "DECLINING"; useful_life_months: number; acquisition_date: string; ... 7 more ...; manufacturer?: string | undefined; }, any, { ...; }>'.
        Type 'ResolverResult<{ inventory_number: string; name: string; category: number; initial_cost: number; residual_value: number; depreciation_method: "LINEAR" | "DECLINING"; useful_life_months: number; ... 8 more ...; manufacturer?: string | undefined; }, TFieldValues> | Promise<...>' is not assignable to type 'ResolverResult<{ inventory_number: string; name: string; category: number; initial_cost: number; residual_value: number; depreciation_method: "LINEAR" | "DECLINING"; useful_life_months: number; ... 8 more ...; manufacturer?: string | undefined; }, { ...; }> | Promise<...>'.
          Type 'ResolverSuccess<TFieldValues>' is not assignable to type 'ResolverResult<{ inventory_number: string; name: string; category: number; initial_cost: number; residual_value: number; depreciation_method: "LINEAR" | "DECLINING"; useful_life_months: number; ... 8 more ...; manufacturer?: string | undefined; }, { ...; }> | Promise<...>'.
            Type 'ResolverSuccess<TFieldValues>' is not assignable to type 'ResolverSuccess<{ inventory_number: string; name: string; category: number; initial_cost: number; residual_value: number; depreciation_method: "LINEAR" | "DECLINING"; useful_life_months: number; acquisition_date: string; ... 7 more ...; manufacturer?: string | undefined; }>'.
              Type 'TFieldValues' is not assignable to type '{ inventory_number: string; name: string; category: number; initial_cost: number; residual_value: number; depreciation_method: "LINEAR" | "DECLINING"; useful_life_months: number; acquisition_date: string; ... 7 more ...; manufacturer?: string | undefined; }'.
                Type 'FieldValues' is missing the following properties from type '{ inventory_number: string; name: string; category: number; initial_cost: number; residual_value: number; depreciation_method: "LINEAR" | "DECLINING"; useful_life_months: number; acquisition_date: string; ... 7 more ...; manufacturer?: string | undefined; }': inventory_number, name, category, initial_cost, and 6 more.
src/components/assets/intangible-asset-form.tsx(74,9): error TS2322: Type 'Resolver<{ inventory_number: string; name: string; category: number; initial_cost: unknown; useful_life_months: unknown; acquisition_date: string; commissioning_date: string; status: "IN_USE" | "WRITTEN_OFF"; description?: string | undefined; }, any, { ...; }>' is not assignable to type 'Resolver<{ inventory_number: string; name: string; category: number; initial_cost: number; useful_life_months: number; acquisition_date: string; commissioning_date: string; status: "IN_USE" | "WRITTEN_OFF"; description?: string | undefined; }, any, { ...; }>'.
  Types of parameters 'options' and 'options' are incompatible.
    Type 'ResolverOptions<{ inventory_number: string; name: string; category: number; initial_cost: number; useful_life_months: number; acquisition_date: string; commissioning_date: string; status: "IN_USE" | "WRITTEN_OFF"; description?: string | undefined; }>' is not assignable to type 'ResolverOptions<{ inventory_number: string; name: string; category: number; initial_cost: unknown; useful_life_months: unknown; acquisition_date: string; commissioning_date: string; status: "IN_USE" | "WRITTEN_OFF"; description?: string | undefined; }>'.
      Type 'unknown' is not assignable to type 'number'.
src/components/assets/intangible-asset-form.tsx(117,47): error TS2345: Argument of type '(values: FormValues) => void' is not assignable to parameter of type 'SubmitHandler<TFieldValues>'.
  Types of parameters 'values' and 'data' are incompatible.
    Type 'TFieldValues' is not assignable to type '{ inventory_number: string; name: string; category: number; initial_cost: number; useful_life_months: number; acquisition_date: string; commissioning_date: string; status: "IN_USE" | "WRITTEN_OFF"; description?: string | undefined; }'.
      Type 'FieldValues' is missing the following properties from type '{ inventory_number: string; name: string; category: number; initial_cost: number; useful_life_months: number; acquisition_date: string; commissioning_date: string; status: "IN_USE" | "WRITTEN_OFF"; description?: string | undefined; }': inventory_number, name, category, initial_cost, and 4 more.
src/components/assets/intangible-asset-form.tsx(141,33): error TS2322: Type 'Control<{ inventory_number: string; name: string; category: number; initial_cost: number; useful_life_months: number; acquisition_date: string; commissioning_date: string; status: "IN_USE" | "WRITTEN_OFF"; description?: string | undefined; }, any, TFieldValues>' is not assignable to type 'Control<{ inventory_number: string; name: string; category: number; initial_cost: number; useful_life_months: number; acquisition_date: string; commissioning_date: string; status: "IN_USE" | "WRITTEN_OFF"; description?: string | undefined; }, any, { ...; }>'.
  The types of '_options.resolver' are incompatible between these types.
    Type 'Resolver<{ inventory_number: string; name: string; category: number; initial_cost: number; useful_life_months: number; acquisition_date: string; commissioning_date: string; status: "IN_USE" | "WRITTEN_OFF"; description?: string | undefined; }, any, TFieldValues> | undefined' is not assignable to type 'Resolver<{ inventory_number: string; name: string; category: number; initial_cost: number; useful_life_months: number; acquisition_date: string; commissioning_date: string; status: "IN_USE" | "WRITTEN_OFF"; description?: string | undefined; }, any, { ...; }> | undefined'.
      Type 'Resolver<{ inventory_number: string; name: string; category: number; initial_cost: number; useful_life_months: number; acquisition_date: string; commissioning_date: string; status: "IN_USE" | "WRITTEN_OFF"; description?: string | undefined; }, any, TFieldValues>' is not assignable to type 'Resolver<{ inventory_number: string; name: string; category: number; initial_cost: number; useful_life_months: number; acquisition_date: string; commissioning_date: string; status: "IN_USE" | "WRITTEN_OFF"; description?: string | undefined; }, any, { ...; }>'.
        Type 'ResolverResult<{ inventory_number: string; name: string; category: number; initial_cost: number; useful_life_months: number; acquisition_date: string; commissioning_date: string; status: "IN_USE" | "WRITTEN_OFF"; description?: string | undefined; }, TFieldValues> | Promise<...>' is not assignable to type 'ResolverResult<{ inventory_number: string; name: string; category: number; initial_cost: number; useful_life_months: number; acquisition_date: string; commissioning_date: string; status: "IN_USE" | "WRITTEN_OFF"; description?: string | undefined; }, { ...; }> | Promise<...>'.
          Type 'ResolverSuccess<TFieldValues>' is not assignable to type 'ResolverResult<{ inventory_number: string; name: string; category: number; initial_cost: number; useful_life_months: number; acquisition_date: string; commissioning_date: string; status: "IN_USE" | "WRITTEN_OFF"; description?: string | undefined; }, { ...; }> | Promise<...>'.
            Type 'ResolverSuccess<TFieldValues>' is not assignable to type 'ResolverSuccess<{ inventory_number: string; name: string; category: number; initial_cost: number; useful_life_months: number; acquisition_date: string; commissioning_date: string; status: "IN_USE" | "WRITTEN_OFF"; description?: string | undefined; }>'.
              Type 'TFieldValues' is not assignable to type '{ inventory_number: string; name: string; category: number; initial_cost: number; useful_life_months: number; acquisition_date: string; commissioning_date: string; status: "IN_USE" | "WRITTEN_OFF"; description?: string | undefined; }'.
                Type 'FieldValues' is missing the following properties from type '{ inventory_number: string; name: string; category: number; initial_cost: number; useful_life_months: number; acquisition_date: string; commissioning_date: string; status: "IN_USE" | "WRITTEN_OFF"; description?: string | undefined; }': inventory_number, name, category, initial_cost, and 4 more.
src/components/assets/intangible-asset-form.tsx(154,33): error TS2322: Type 'Control<{ inventory_number: string; name: string; category: number; initial_cost: number; useful_life_months: number; acquisition_date: string; commissioning_date: string; status: "IN_USE" | "WRITTEN_OFF"; description?: string | undefined; }, any, TFieldValues>' is not assignable to type 'Control<{ inventory_number: string; name: string; category: number; initial_cost: number; useful_life_months: number; acquisition_date: string; commissioning_date: string; status: "IN_USE" | "WRITTEN_OFF"; description?: string | undefined; }, any, { ...; }>'.
  The types of '_options.resolver' are incompatible between these types.
    Type 'Resolver<{ inventory_number: string; name: string; category: number; initial_cost: number; useful_life_months: number; acquisition_date: string; commissioning_date: string; status: "IN_USE" | "WRITTEN_OFF"; description?: string | undefined; }, any, TFieldValues> | undefined' is not assignable to type 'Resolver<{ inventory_number: string; name: string; category: number; initial_cost: number; useful_life_months: number; acquisition_date: string; commissioning_date: string; status: "IN_USE" | "WRITTEN_OFF"; description?: string | undefined; }, any, { ...; }> | undefined'.
      Type 'Resolver<{ inventory_number: string; name: string; category: number; initial_cost: number; useful_life_months: number; acquisition_date: string; commissioning_date: string; status: "IN_USE" | "WRITTEN_OFF"; description?: string | undefined; }, any, TFieldValues>' is not assignable to type 'Resolver<{ inventory_number: string; name: string; category: number; initial_cost: number; useful_life_months: number; acquisition_date: string; commissioning_date: string; status: "IN_USE" | "WRITTEN_OFF"; description?: string | undefined; }, any, { ...; }>'.
        Type 'ResolverResult<{ inventory_number: string; name: string; category: number; initial_cost: number; useful_life_months: number; acquisition_date: string; commissioning_date: string; status: "IN_USE" | "WRITTEN_OFF"; description?: string | undefined; }, TFieldValues> | Promise<...>' is not assignable to type 'ResolverResult<{ inventory_number: string; name: string; category: number; initial_cost: number; useful_life_months: number; acquisition_date: string; commissioning_date: string; status: "IN_USE" | "WRITTEN_OFF"; description?: string | undefined; }, { ...; }> | Promise<...>'.
          Type 'ResolverSuccess<TFieldValues>' is not assignable to type 'ResolverResult<{ inventory_number: string; name: string; category: number; initial_cost: number; useful_life_months: number; acquisition_date: string; commissioning_date: string; status: "IN_USE" | "WRITTEN_OFF"; description?: string | undefined; }, { ...; }> | Promise<...>'.
            Type 'ResolverSuccess<TFieldValues>' is not assignable to type 'ResolverSuccess<{ inventory_number: string; name: string; category: number; initial_cost: number; useful_life_months: number; acquisition_date: string; commissioning_date: string; status: "IN_USE" | "WRITTEN_OFF"; description?: string | undefined; }>'.
              Type 'TFieldValues' is not assignable to type '{ inventory_number: string; name: string; category: number; initial_cost: number; useful_life_months: number; acquisition_date: string; commissioning_date: string; status: "IN_USE" | "WRITTEN_OFF"; description?: string | undefined; }'.
                Type 'FieldValues' is missing the following properties from type '{ inventory_number: string; name: string; category: number; initial_cost: number; useful_life_months: number; acquisition_date: string; commissioning_date: string; status: "IN_USE" | "WRITTEN_OFF"; description?: string | undefined; }': inventory_number, name, category, initial_cost, and 4 more.
src/components/assets/intangible-asset-form.tsx(167,33): error TS2322: Type 'Control<{ inventory_number: string; name: string; category: number; initial_cost: number; useful_life_months: number; acquisition_date: string; commissioning_date: string; status: "IN_USE" | "WRITTEN_OFF"; description?: string | undefined; }, any, TFieldValues>' is not assignable to type 'Control<{ inventory_number: string; name: string; category: number; initial_cost: number; useful_life_months: number; acquisition_date: string; commissioning_date: string; status: "IN_USE" | "WRITTEN_OFF"; description?: string | undefined; }, any, { ...; }>'.
  The types of '_options.resolver' are incompatible between these types.
    Type 'Resolver<{ inventory_number: string; name: string; category: number; initial_cost: number; useful_life_months: number; acquisition_date: string; commissioning_date: string; status: "IN_USE" | "WRITTEN_OFF"; description?: string | undefined; }, any, TFieldValues> | undefined' is not assignable to type 'Resolver<{ inventory_number: string; name: string; category: number; initial_cost: number; useful_life_months: number; acquisition_date: string; commissioning_date: string; status: "IN_USE" | "WRITTEN_OFF"; description?: string | undefined; }, any, { ...; }> | undefined'.
      Type 'Resolver<{ inventory_number: string; name: string; category: number; initial_cost: number; useful_life_months: number; acquisition_date: string; commissioning_date: string; status: "IN_USE" | "WRITTEN_OFF"; description?: string | undefined; }, any, TFieldValues>' is not assignable to type 'Resolver<{ inventory_number: string; name: string; category: number; initial_cost: number; useful_life_months: number; acquisition_date: string; commissioning_date: string; status: "IN_USE" | "WRITTEN_OFF"; description?: string | undefined; }, any, { ...; }>'.
        Type 'ResolverResult<{ inventory_number: string; name: string; category: number; initial_cost: number; useful_life_months: number; acquisition_date: string; commissioning_date: string; status: "IN_USE" | "WRITTEN_OFF"; description?: string | undefined; }, TFieldValues> | Promise<...>' is not assignable to type 'ResolverResult<{ inventory_number: string; name: string; category: number; initial_cost: number; useful_life_months: number; acquisition_date: string; commissioning_date: string; status: "IN_USE" | "WRITTEN_OFF"; description?: string | undefined; }, { ...; }> | Promise<...>'.
          Type 'ResolverSuccess<TFieldValues>' is not assignable to type 'ResolverResult<{ inventory_number: string; name: string; category: number; initial_cost: number; useful_life_months: number; acquisition_date: string; commissioning_date: string; status: "IN_USE" | "WRITTEN_OFF"; description?: string | undefined; }, { ...; }> | Promise<...>'.
            Type 'ResolverSuccess<TFieldValues>' is not assignable to type 'ResolverSuccess<{ inventory_number: string; name: string; category: number; initial_cost: number; useful_life_months: number; acquisition_date: string; commissioning_date: string; status: "IN_USE" | "WRITTEN_OFF"; description?: string | undefined; }>'.
              Type 'TFieldValues' is not assignable to type '{ inventory_number: string; name: string; category: number; initial_cost: number; useful_life_months: number; acquisition_date: string; commissioning_date: string; status: "IN_USE" | "WRITTEN_OFF"; description?: string | undefined; }'.
                Type 'FieldValues' is missing the following properties from type '{ inventory_number: string; name: string; category: number; initial_cost: number; useful_life_months: number; acquisition_date: string; commissioning_date: string; status: "IN_USE" | "WRITTEN_OFF"; description?: string | undefined; }': inventory_number, name, category, initial_cost, and 4 more.
src/components/assets/intangible-asset-form.tsx(191,33): error TS2322: Type 'Control<{ inventory_number: string; name: string; category: number; initial_cost: number; useful_life_months: number; acquisition_date: string; commissioning_date: string; status: "IN_USE" | "WRITTEN_OFF"; description?: string | undefined; }, any, TFieldValues>' is not assignable to type 'Control<{ inventory_number: string; name: string; category: number; initial_cost: number; useful_life_months: number; acquisition_date: string; commissioning_date: string; status: "IN_USE" | "WRITTEN_OFF"; description?: string | undefined; }, any, { ...; }>'.
  The types of '_options.resolver' are incompatible between these types.
    Type 'Resolver<{ inventory_number: string; name: string; category: number; initial_cost: number; useful_life_months: number; acquisition_date: string; commissioning_date: string; status: "IN_USE" | "WRITTEN_OFF"; description?: string | undefined; }, any, TFieldValues> | undefined' is not assignable to type 'Resolver<{ inventory_number: string; name: string; category: number; initial_cost: number; useful_life_months: number; acquisition_date: string; commissioning_date: string; status: "IN_USE" | "WRITTEN_OFF"; description?: string | undefined; }, any, { ...; }> | undefined'.
      Type 'Resolver<{ inventory_number: string; name: string; category: number; initial_cost: number; useful_life_months: number; acquisition_date: string; commissioning_date: string; status: "IN_USE" | "WRITTEN_OFF"; description?: string | undefined; }, any, TFieldValues>' is not assignable to type 'Resolver<{ inventory_number: string; name: string; category: number; initial_cost: number; useful_life_months: number; acquisition_date: string; commissioning_date: string; status: "IN_USE" | "WRITTEN_OFF"; description?: string | undefined; }, any, { ...; }>'.
        Type 'ResolverResult<{ inventory_number: string; name: string; category: number; initial_cost: number; useful_life_months: number; acquisition_date: string; commissioning_date: string; status: "IN_USE" | "WRITTEN_OFF"; description?: string | undefined; }, TFieldValues> | Promise<...>' is not assignable to type 'ResolverResult<{ inventory_number: string; name: string; category: number; initial_cost: number; useful_life_months: number; acquisition_date: string; commissioning_date: string; status: "IN_USE" | "WRITTEN_OFF"; description?: string | undefined; }, { ...; }> | Promise<...>'.
          Type 'ResolverSuccess<TFieldValues>' is not assignable to type 'ResolverResult<{ inventory_number: string; name: string; category: number; initial_cost: number; useful_life_months: number; acquisition_date: string; commissioning_date: string; status: "IN_USE" | "WRITTEN_OFF"; description?: string | undefined; }, { ...; }> | Promise<...>'.
            Type 'ResolverSuccess<TFieldValues>' is not assignable to type 'ResolverSuccess<{ inventory_number: string; name: string; category: number; initial_cost: number; useful_life_months: number; acquisition_date: string; commissioning_date: string; status: "IN_USE" | "WRITTEN_OFF"; description?: string | undefined; }>'.
              Type 'TFieldValues' is not assignable to type '{ inventory_number: string; name: string; category: number; initial_cost: number; useful_life_months: number; acquisition_date: string; commissioning_date: string; status: "IN_USE" | "WRITTEN_OFF"; description?: string | undefined; }'.
                Type 'FieldValues' is missing the following properties from type '{ inventory_number: string; name: string; category: number; initial_cost: number; useful_life_months: number; acquisition_date: string; commissioning_date: string; status: "IN_USE" | "WRITTEN_OFF"; description?: string | undefined; }': inventory_number, name, category, initial_cost, and 4 more.
src/components/assets/intangible-asset-form.tsx(221,33): error TS2322: Type 'Control<{ inventory_number: string; name: string; category: number; initial_cost: number; useful_life_months: number; acquisition_date: string; commissioning_date: string; status: "IN_USE" | "WRITTEN_OFF"; description?: string | undefined; }, any, TFieldValues>' is not assignable to type 'Control<{ inventory_number: string; name: string; category: number; initial_cost: number; useful_life_months: number; acquisition_date: string; commissioning_date: string; status: "IN_USE" | "WRITTEN_OFF"; description?: string | undefined; }, any, { ...; }>'.
  The types of '_options.resolver' are incompatible between these types.
    Type 'Resolver<{ inventory_number: string; name: string; category: number; initial_cost: number; useful_life_months: number; acquisition_date: string; commissioning_date: string; status: "IN_USE" | "WRITTEN_OFF"; description?: string | undefined; }, any, TFieldValues> | undefined' is not assignable to type 'Resolver<{ inventory_number: string; name: string; category: number; initial_cost: number; useful_life_months: number; acquisition_date: string; commissioning_date: string; status: "IN_USE" | "WRITTEN_OFF"; description?: string | undefined; }, any, { ...; }> | undefined'.
      Type 'Resolver<{ inventory_number: string; name: string; category: number; initial_cost: number; useful_life_months: number; acquisition_date: string; commissioning_date: string; status: "IN_USE" | "WRITTEN_OFF"; description?: string | undefined; }, any, TFieldValues>' is not assignable to type 'Resolver<{ inventory_number: string; name: string; category: number; initial_cost: number; useful_life_months: number; acquisition_date: string; commissioning_date: string; status: "IN_USE" | "WRITTEN_OFF"; description?: string | undefined; }, any, { ...; }>'.
        Type 'ResolverResult<{ inventory_number: string; name: string; category: number; initial_cost: number; useful_life_months: number; acquisition_date: string; commissioning_date: string; status: "IN_USE" | "WRITTEN_OFF"; description?: string | undefined; }, TFieldValues> | Promise<...>' is not assignable to type 'ResolverResult<{ inventory_number: string; name: string; category: number; initial_cost: number; useful_life_months: number; acquisition_date: string; commissioning_date: string; status: "IN_USE" | "WRITTEN_OFF"; description?: string | undefined; }, { ...; }> | Promise<...>'.
          Type 'ResolverSuccess<TFieldValues>' is not assignable to type 'ResolverResult<{ inventory_number: string; name: string; category: number; initial_cost: number; useful_life_months: number; acquisition_date: string; commissioning_date: string; status: "IN_USE" | "WRITTEN_OFF"; description?: string | undefined; }, { ...; }> | Promise<...>'.
            Type 'ResolverSuccess<TFieldValues>' is not assignable to type 'ResolverSuccess<{ inventory_number: string; name: string; category: number; initial_cost: number; useful_life_months: number; acquisition_date: string; commissioning_date: string; status: "IN_USE" | "WRITTEN_OFF"; description?: string | undefined; }>'.
              Type 'TFieldValues' is not assignable to type '{ inventory_number: string; name: string; category: number; initial_cost: number; useful_life_months: number; acquisition_date: string; commissioning_date: string; status: "IN_USE" | "WRITTEN_OFF"; description?: string | undefined; }'.
                Type 'FieldValues' is missing the following properties from type '{ inventory_number: string; name: string; category: number; initial_cost: number; useful_life_months: number; acquisition_date: string; commissioning_date: string; status: "IN_USE" | "WRITTEN_OFF"; description?: string | undefined; }': inventory_number, name, category, initial_cost, and 4 more.
src/components/assets/intangible-asset-form.tsx(235,33): error TS2322: Type 'Control<{ inventory_number: string; name: string; category: number; initial_cost: number; useful_life_months: number; acquisition_date: string; commissioning_date: string; status: "IN_USE" | "WRITTEN_OFF"; description?: string | undefined; }, any, TFieldValues>' is not assignable to type 'Control<{ inventory_number: string; name: string; category: number; initial_cost: number; useful_life_months: number; acquisition_date: string; commissioning_date: string; status: "IN_USE" | "WRITTEN_OFF"; description?: string | undefined; }, any, { ...; }>'.
  The types of '_options.resolver' are incompatible between these types.
    Type 'Resolver<{ inventory_number: string; name: string; category: number; initial_cost: number; useful_life_months: number; acquisition_date: string; commissioning_date: string; status: "IN_USE" | "WRITTEN_OFF"; description?: string | undefined; }, any, TFieldValues> | undefined' is not assignable to type 'Resolver<{ inventory_number: string; name: string; category: number; initial_cost: number; useful_life_months: number; acquisition_date: string; commissioning_date: string; status: "IN_USE" | "WRITTEN_OFF"; description?: string | undefined; }, any, { ...; }> | undefined'.
      Type 'Resolver<{ inventory_number: string; name: string; category: number; initial_cost: number; useful_life_months: number; acquisition_date: string; commissioning_date: string; status: "IN_USE" | "WRITTEN_OFF"; description?: string | undefined; }, any, TFieldValues>' is not assignable to type 'Resolver<{ inventory_number: string; name: string; category: number; initial_cost: number; useful_life_months: number; acquisition_date: string; commissioning_date: string; status: "IN_USE" | "WRITTEN_OFF"; description?: string | undefined; }, any, { ...; }>'.
        Type 'ResolverResult<{ inventory_number: string; name: string; category: number; initial_cost: number; useful_life_months: number; acquisition_date: string; commissioning_date: string; status: "IN_USE" | "WRITTEN_OFF"; description?: string | undefined; }, TFieldValues> | Promise<...>' is not assignable to type 'ResolverResult<{ inventory_number: string; name: string; category: number; initial_cost: number; useful_life_months: number; acquisition_date: string; commissioning_date: string; status: "IN_USE" | "WRITTEN_OFF"; description?: string | undefined; }, { ...; }> | Promise<...>'.
          Type 'ResolverSuccess<TFieldValues>' is not assignable to type 'ResolverResult<{ inventory_number: string; name: string; category: number; initial_cost: number; useful_life_months: number; acquisition_date: string; commissioning_date: string; status: "IN_USE" | "WRITTEN_OFF"; description?: string | undefined; }, { ...; }> | Promise<...>'.
            Type 'ResolverSuccess<TFieldValues>' is not assignable to type 'ResolverSuccess<{ inventory_number: string; name: string; category: number; initial_cost: number; useful_life_months: number; acquisition_date: string; commissioning_date: string; status: "IN_USE" | "WRITTEN_OFF"; description?: string | undefined; }>'.
              Type 'TFieldValues' is not assignable to type '{ inventory_number: string; name: string; category: number; initial_cost: number; useful_life_months: number; acquisition_date: string; commissioning_date: string; status: "IN_USE" | "WRITTEN_OFF"; description?: string | undefined; }'.
                Type 'FieldValues' is missing the following properties from type '{ inventory_number: string; name: string; category: number; initial_cost: number; useful_life_months: number; acquisition_date: string; commissioning_date: string; status: "IN_USE" | "WRITTEN_OFF"; description?: string | undefined; }': inventory_number, name, category, initial_cost, and 4 more.
src/components/assets/intangible-asset-form.tsx(258,37): error TS2322: Type 'Control<{ inventory_number: string; name: string; category: number; initial_cost: number; useful_life_months: number; acquisition_date: string; commissioning_date: string; status: "IN_USE" | "WRITTEN_OFF"; description?: string | undefined; }, any, TFieldValues>' is not assignable to type 'Control<{ inventory_number: string; name: string; category: number; initial_cost: number; useful_life_months: number; acquisition_date: string; commissioning_date: string; status: "IN_USE" | "WRITTEN_OFF"; description?: string | undefined; }, any, { ...; }>'.
  The types of '_options.resolver' are incompatible between these types.
    Type 'Resolver<{ inventory_number: string; name: string; category: number; initial_cost: number; useful_life_months: number; acquisition_date: string; commissioning_date: string; status: "IN_USE" | "WRITTEN_OFF"; description?: string | undefined; }, any, TFieldValues> | undefined' is not assignable to type 'Resolver<{ inventory_number: string; name: string; category: number; initial_cost: number; useful_life_months: number; acquisition_date: string; commissioning_date: string; status: "IN_USE" | "WRITTEN_OFF"; description?: string | undefined; }, any, { ...; }> | undefined'.
      Type 'Resolver<{ inventory_number: string; name: string; category: number; initial_cost: number; useful_life_months: number; acquisition_date: string; commissioning_date: string; status: "IN_USE" | "WRITTEN_OFF"; description?: string | undefined; }, any, TFieldValues>' is not assignable to type 'Resolver<{ inventory_number: string; name: string; category: number; initial_cost: number; useful_life_months: number; acquisition_date: string; commissioning_date: string; status: "IN_USE" | "WRITTEN_OFF"; description?: string | undefined; }, any, { ...; }>'.
        Type 'ResolverResult<{ inventory_number: string; name: string; category: number; initial_cost: number; useful_life_months: number; acquisition_date: string; commissioning_date: string; status: "IN_USE" | "WRITTEN_OFF"; description?: string | undefined; }, TFieldValues> | Promise<...>' is not assignable to type 'ResolverResult<{ inventory_number: string; name: string; category: number; initial_cost: number; useful_life_months: number; acquisition_date: string; commissioning_date: string; status: "IN_USE" | "WRITTEN_OFF"; description?: string | undefined; }, { ...; }> | Promise<...>'.
          Type 'ResolverSuccess<TFieldValues>' is not assignable to type 'ResolverResult<{ inventory_number: string; name: string; category: number; initial_cost: number; useful_life_months: number; acquisition_date: string; commissioning_date: string; status: "IN_USE" | "WRITTEN_OFF"; description?: string | undefined; }, { ...; }> | Promise<...>'.
            Type 'ResolverSuccess<TFieldValues>' is not assignable to type 'ResolverSuccess<{ inventory_number: string; name: string; category: number; initial_cost: number; useful_life_months: number; acquisition_date: string; commissioning_date: string; status: "IN_USE" | "WRITTEN_OFF"; description?: string | undefined; }>'.
              Type 'TFieldValues' is not assignable to type '{ inventory_number: string; name: string; category: number; initial_cost: number; useful_life_months: number; acquisition_date: string; commissioning_date: string; status: "IN_USE" | "WRITTEN_OFF"; description?: string | undefined; }'.
                Type 'FieldValues' is missing the following properties from type '{ inventory_number: string; name: string; category: number; initial_cost: number; useful_life_months: number; acquisition_date: string; commissioning_date: string; status: "IN_USE" | "WRITTEN_OFF"; description?: string | undefined; }': inventory_number, name, category, initial_cost, and 4 more.
src/components/assets/intangible-asset-form.tsx(271,37): error TS2322: Type 'Control<{ inventory_number: string; name: string; category: number; initial_cost: number; useful_life_months: number; acquisition_date: string; commissioning_date: string; status: "IN_USE" | "WRITTEN_OFF"; description?: string | undefined; }, any, TFieldValues>' is not assignable to type 'Control<{ inventory_number: string; name: string; category: number; initial_cost: number; useful_life_months: number; acquisition_date: string; commissioning_date: string; status: "IN_USE" | "WRITTEN_OFF"; description?: string | undefined; }, any, { ...; }>'.
  The types of '_options.resolver' are incompatible between these types.
    Type 'Resolver<{ inventory_number: string; name: string; category: number; initial_cost: number; useful_life_months: number; acquisition_date: string; commissioning_date: string; status: "IN_USE" | "WRITTEN_OFF"; description?: string | undefined; }, any, TFieldValues> | undefined' is not assignable to type 'Resolver<{ inventory_number: string; name: string; category: number; initial_cost: number; useful_life_months: number; acquisition_date: string; commissioning_date: string; status: "IN_USE" | "WRITTEN_OFF"; description?: string | undefined; }, any, { ...; }> | undefined'.
      Type 'Resolver<{ inventory_number: string; name: string; category: number; initial_cost: number; useful_life_months: number; acquisition_date: string; commissioning_date: string; status: "IN_USE" | "WRITTEN_OFF"; description?: string | undefined; }, any, TFieldValues>' is not assignable to type 'Resolver<{ inventory_number: string; name: string; category: number; initial_cost: number; useful_life_months: number; acquisition_date: string; commissioning_date: string; status: "IN_USE" | "WRITTEN_OFF"; description?: string | undefined; }, any, { ...; }>'.
        Type 'ResolverResult<{ inventory_number: string; name: string; category: number; initial_cost: number; useful_life_months: number; acquisition_date: string; commissioning_date: string; status: "IN_USE" | "WRITTEN_OFF"; description?: string | undefined; }, TFieldValues> | Promise<...>' is not assignable to type 'ResolverResult<{ inventory_number: string; name: string; category: number; initial_cost: number; useful_life_months: number; acquisition_date: string; commissioning_date: string; status: "IN_USE" | "WRITTEN_OFF"; description?: string | undefined; }, { ...; }> | Promise<...>'.
          Type 'ResolverSuccess<TFieldValues>' is not assignable to type 'ResolverResult<{ inventory_number: string; name: string; category: number; initial_cost: number; useful_life_months: number; acquisition_date: string; commissioning_date: string; status: "IN_USE" | "WRITTEN_OFF"; description?: string | undefined; }, { ...; }> | Promise<...>'.
            Type 'ResolverSuccess<TFieldValues>' is not assignable to type 'ResolverSuccess<{ inventory_number: string; name: string; category: number; initial_cost: number; useful_life_months: number; acquisition_date: string; commissioning_date: string; status: "IN_USE" | "WRITTEN_OFF"; description?: string | undefined; }>'.
              Type 'TFieldValues' is not assignable to type '{ inventory_number: string; name: string; category: number; initial_cost: number; useful_life_months: number; acquisition_date: string; commissioning_date: string; status: "IN_USE" | "WRITTEN_OFF"; description?: string | undefined; }'.
                Type 'FieldValues' is missing the following properties from type '{ inventory_number: string; name: string; category: number; initial_cost: number; useful_life_months: number; acquisition_date: string; commissioning_date: string; status: "IN_USE" | "WRITTEN_OFF"; description?: string | undefined; }': inventory_number, name, category, initial_cost, and 4 more.
src/components/assets/intangible-asset-form.tsx(294,33): error TS2322: Type 'Control<{ inventory_number: string; name: string; category: number; initial_cost: number; useful_life_months: number; acquisition_date: string; commissioning_date: string; status: "IN_USE" | "WRITTEN_OFF"; description?: string | undefined; }, any, TFieldValues>' is not assignable to type 'Control<{ inventory_number: string; name: string; category: number; initial_cost: number; useful_life_months: number; acquisition_date: string; commissioning_date: string; status: "IN_USE" | "WRITTEN_OFF"; description?: string | undefined; }, any, { ...; }>'.
  The types of '_options.resolver' are incompatible between these types.
    Type 'Resolver<{ inventory_number: string; name: string; category: number; initial_cost: number; useful_life_months: number; acquisition_date: string; commissioning_date: string; status: "IN_USE" | "WRITTEN_OFF"; description?: string | undefined; }, any, TFieldValues> | undefined' is not assignable to type 'Resolver<{ inventory_number: string; name: string; category: number; initial_cost: number; useful_life_months: number; acquisition_date: string; commissioning_date: string; status: "IN_USE" | "WRITTEN_OFF"; description?: string | undefined; }, any, { ...; }> | undefined'.
      Type 'Resolver<{ inventory_number: string; name: string; category: number; initial_cost: number; useful_life_months: number; acquisition_date: string; commissioning_date: string; status: "IN_USE" | "WRITTEN_OFF"; description?: string | undefined; }, any, TFieldValues>' is not assignable to type 'Resolver<{ inventory_number: string; name: string; category: number; initial_cost: number; useful_life_months: number; acquisition_date: string; commissioning_date: string; status: "IN_USE" | "WRITTEN_OFF"; description?: string | undefined; }, any, { ...; }>'.
        Type 'ResolverResult<{ inventory_number: string; name: string; category: number; initial_cost: number; useful_life_months: number; acquisition_date: string; commissioning_date: string; status: "IN_USE" | "WRITTEN_OFF"; description?: string | undefined; }, TFieldValues> | Promise<...>' is not assignable to type 'ResolverResult<{ inventory_number: string; name: string; category: number; initial_cost: number; useful_life_months: number; acquisition_date: string; commissioning_date: string; status: "IN_USE" | "WRITTEN_OFF"; description?: string | undefined; }, { ...; }> | Promise<...>'.
          Type 'ResolverSuccess<TFieldValues>' is not assignable to type 'ResolverResult<{ inventory_number: string; name: string; category: number; initial_cost: number; useful_life_months: number; acquisition_date: string; commissioning_date: string; status: "IN_USE" | "WRITTEN_OFF"; description?: string | undefined; }, { ...; }> | Promise<...>'.
            Type 'ResolverSuccess<TFieldValues>' is not assignable to type 'ResolverSuccess<{ inventory_number: string; name: string; category: number; initial_cost: number; useful_life_months: number; acquisition_date: string; commissioning_date: string; status: "IN_USE" | "WRITTEN_OFF"; description?: string | undefined; }>'.
              Type 'TFieldValues' is not assignable to type '{ inventory_number: string; name: string; category: number; initial_cost: number; useful_life_months: number; acquisition_date: string; commissioning_date: string; status: "IN_USE" | "WRITTEN_OFF"; description?: string | undefined; }'.
                Type 'FieldValues' is missing the following properties from type '{ inventory_number: string; name: string; category: number; initial_cost: number; useful_life_months: number; acquisition_date: string; commissioning_date: string; status: "IN_USE" | "WRITTEN_OFF"; description?: string | undefined; }': inventory_number, name, category, initial_cost, and 4 more.
src/components/directories/employee-form.tsx(56,9): error TS2322: Type 'Resolver<{ first_name: string; last_name: string; base_salary: unknown; middle_name?: string | undefined; inn?: string | undefined; position?: string | undefined; hiring_date?: string | undefined; phone?: string | undefined; email?: string | undefined; address?: string | undefined; is_active?: boolean | undefined; }...' is not assignable to type 'Resolver<{ first_name: string; last_name: string; base_salary: number; is_active: boolean; middle_name?: string | undefined; inn?: string | undefined; position?: string | undefined; hiring_date?: string | undefined; phone?: string | undefined; email?: string | undefined; address?: string | undefined; }, any, { ...; }>'.
  Types of parameters 'options' and 'options' are incompatible.
    Type 'ResolverOptions<{ first_name: string; last_name: string; base_salary: number; is_active: boolean; middle_name?: string | undefined; inn?: string | undefined; position?: string | undefined; hiring_date?: string | undefined; phone?: string | undefined; email?: string | undefined; address?: string | undefined; }>' is not assignable to type 'ResolverOptions<{ first_name: string; last_name: string; base_salary: unknown; middle_name?: string | undefined; inn?: string | undefined; position?: string | undefined; hiring_date?: string | undefined; phone?: string | undefined; email?: string | undefined; address?: string | undefined; is_active?: boolean | undef...'.
      Type 'unknown' is not assignable to type 'number'.
src/components/directories/employee-form.tsx(107,40): error TS2345: Argument of type '(values: FormValues) => void' is not assignable to parameter of type 'SubmitHandler<TFieldValues>'.
  Types of parameters 'values' and 'data' are incompatible.
    Type 'TFieldValues' is not assignable to type '{ first_name: string; last_name: string; base_salary: number; is_active: boolean; middle_name?: string | undefined; inn?: string | undefined; position?: string | undefined; hiring_date?: string | undefined; phone?: string | undefined; email?: string | undefined; address?: string | undefined; }'.
      Type 'FieldValues' is missing the following properties from type '{ first_name: string; last_name: string; base_salary: number; is_active: boolean; middle_name?: string | undefined; inn?: string | undefined; position?: string | undefined; hiring_date?: string | undefined; phone?: string | undefined; email?: string | undefined; address?: string | undefined; }': first_name, last_name, base_salary, is_active
src/components/directories/employee-form.tsx(114,40): error TS2345: Argument of type '(values: FormValues) => void' is not assignable to parameter of type 'SubmitHandler<TFieldValues>'.
  Types of parameters 'values' and 'data' are incompatible.
    Type 'TFieldValues' is not assignable to type '{ first_name: string; last_name: string; base_salary: number; is_active: boolean; middle_name?: string | undefined; inn?: string | undefined; position?: string | undefined; hiring_date?: string | undefined; phone?: string | undefined; email?: string | undefined; address?: string | undefined; }'.
      Type 'FieldValues' is missing the following properties from type '{ first_name: string; last_name: string; base_salary: number; is_active: boolean; middle_name?: string | undefined; inn?: string | undefined; position?: string | undefined; hiring_date?: string | undefined; phone?: string | undefined; email?: string | undefined; address?: string | undefined; }': first_name, last_name, base_salary, is_active
src/components/directories/employee-form.tsx(136,33): error TS2322: Type 'Control<{ first_name: string; last_name: string; base_salary: number; is_active: boolean; middle_name?: string | undefined; inn?: string | undefined; position?: string | undefined; hiring_date?: string | undefined; phone?: string | undefined; email?: string | undefined; address?: string | undefined; }, any, TFieldVa...' is not assignable to type 'Control<{ first_name: string; last_name: string; base_salary: number; is_active: boolean; middle_name?: string | undefined; inn?: string | undefined; position?: string | undefined; hiring_date?: string | undefined; phone?: string | undefined; email?: string | undefined; address?: string | undefined; }, any, { ...; }>'.
  The types of '_options.resolver' are incompatible between these types.
    Type 'Resolver<{ first_name: string; last_name: string; base_salary: number; is_active: boolean; middle_name?: string | undefined; inn?: string | undefined; position?: string | undefined; hiring_date?: string | undefined; phone?: string | undefined; email?: string | undefined; address?: string | undefined; }, any, TFieldV...' is not assignable to type 'Resolver<{ first_name: string; last_name: string; base_salary: number; is_active: boolean; middle_name?: string | undefined; inn?: string | undefined; position?: string | undefined; hiring_date?: string | undefined; phone?: string | undefined; email?: string | undefined; address?: string | undefined; }, any, { ...; ...'.
      Type 'Resolver<{ first_name: string; last_name: string; base_salary: number; is_active: boolean; middle_name?: string | undefined; inn?: string | undefined; position?: string | undefined; hiring_date?: string | undefined; phone?: string | undefined; email?: string | undefined; address?: string | undefined; }, any, TFieldV...' is not assignable to type 'Resolver<{ first_name: string; last_name: string; base_salary: number; is_active: boolean; middle_name?: string | undefined; inn?: string | undefined; position?: string | undefined; hiring_date?: string | undefined; phone?: string | undefined; email?: string | undefined; address?: string | undefined; }, any, { ...; }>'.
        Type 'ResolverResult<{ first_name: string; last_name: string; base_salary: number; is_active: boolean; middle_name?: string | undefined; inn?: string | undefined; position?: string | undefined; hiring_date?: string | undefined; phone?: string | undefined; email?: string | undefined; address?: string | undefined; }, TField...' is not assignable to type 'ResolverResult<{ first_name: string; last_name: string; base_salary: number; is_active: boolean; middle_name?: string | undefined; inn?: string | undefined; position?: string | undefined; hiring_date?: string | undefined; phone?: string | undefined; email?: string | undefined; address?: string | undefined; }, { ...;...'.
          Type 'ResolverSuccess<TFieldValues>' is not assignable to type 'ResolverResult<{ first_name: string; last_name: string; base_salary: number; is_active: boolean; middle_name?: string | undefined; inn?: string | undefined; position?: string | undefined; hiring_date?: string | undefined; phone?: string | undefined; email?: string | undefined; address?: string | undefined; }, { ...;...'.
            Type 'ResolverSuccess<TFieldValues>' is not assignable to type 'ResolverSuccess<{ first_name: string; last_name: string; base_salary: number; is_active: boolean; middle_name?: string | undefined; inn?: string | undefined; position?: string | undefined; hiring_date?: string | undefined; phone?: string | undefined; email?: string | undefined; address?: string | undefined; }>'.
              Type 'TFieldValues' is not assignable to type '{ first_name: string; last_name: string; base_salary: number; is_active: boolean; middle_name?: string | undefined; inn?: string | undefined; position?: string | undefined; hiring_date?: string | undefined; phone?: string | undefined; email?: string | undefined; address?: string | undefined; }'.
                Type 'FieldValues' is missing the following properties from type '{ first_name: string; last_name: string; base_salary: number; is_active: boolean; middle_name?: string | undefined; inn?: string | undefined; position?: string | undefined; hiring_date?: string | undefined; phone?: string | undefined; email?: string | undefined; address?: string | undefined; }': first_name, last_name, base_salary, is_active
src/components/directories/employee-form.tsx(149,33): error TS2322: Type 'Control<{ first_name: string; last_name: string; base_salary: number; is_active: boolean; middle_name?: string | undefined; inn?: string | undefined; position?: string | undefined; hiring_date?: string | undefined; phone?: string | undefined; email?: string | undefined; address?: string | undefined; }, any, TFieldVa...' is not assignable to type 'Control<{ first_name: string; last_name: string; base_salary: number; is_active: boolean; middle_name?: string | undefined; inn?: string | undefined; position?: string | undefined; hiring_date?: string | undefined; phone?: string | undefined; email?: string | undefined; address?: string | undefined; }, any, { ...; }>'.
  The types of '_options.resolver' are incompatible between these types.
    Type 'Resolver<{ first_name: string; last_name: string; base_salary: number; is_active: boolean; middle_name?: string | undefined; inn?: string | undefined; position?: string | undefined; hiring_date?: string | undefined; phone?: string | undefined; email?: string | undefined; address?: string | undefined; }, any, TFieldV...' is not assignable to type 'Resolver<{ first_name: string; last_name: string; base_salary: number; is_active: boolean; middle_name?: string | undefined; inn?: string | undefined; position?: string | undefined; hiring_date?: string | undefined; phone?: string | undefined; email?: string | undefined; address?: string | undefined; }, any, { ...; ...'.
      Type 'Resolver<{ first_name: string; last_name: string; base_salary: number; is_active: boolean; middle_name?: string | undefined; inn?: string | undefined; position?: string | undefined; hiring_date?: string | undefined; phone?: string | undefined; email?: string | undefined; address?: string | undefined; }, any, TFieldV...' is not assignable to type 'Resolver<{ first_name: string; last_name: string; base_salary: number; is_active: boolean; middle_name?: string | undefined; inn?: string | undefined; position?: string | undefined; hiring_date?: string | undefined; phone?: string | undefined; email?: string | undefined; address?: string | undefined; }, any, { ...; }>'.
        Type 'ResolverResult<{ first_name: string; last_name: string; base_salary: number; is_active: boolean; middle_name?: string | undefined; inn?: string | undefined; position?: string | undefined; hiring_date?: string | undefined; phone?: string | undefined; email?: string | undefined; address?: string | undefined; }, TField...' is not assignable to type 'ResolverResult<{ first_name: string; last_name: string; base_salary: number; is_active: boolean; middle_name?: string | undefined; inn?: string | undefined; position?: string | undefined; hiring_date?: string | undefined; phone?: string | undefined; email?: string | undefined; address?: string | undefined; }, { ...;...'.
          Type 'ResolverSuccess<TFieldValues>' is not assignable to type 'ResolverResult<{ first_name: string; last_name: string; base_salary: number; is_active: boolean; middle_name?: string | undefined; inn?: string | undefined; position?: string | undefined; hiring_date?: string | undefined; phone?: string | undefined; email?: string | undefined; address?: string | undefined; }, { ...;...'.
            Type 'ResolverSuccess<TFieldValues>' is not assignable to type 'ResolverSuccess<{ first_name: string; last_name: string; base_salary: number; is_active: boolean; middle_name?: string | undefined; inn?: string | undefined; position?: string | undefined; hiring_date?: string | undefined; phone?: string | undefined; email?: string | undefined; address?: string | undefined; }>'.
              Type 'TFieldValues' is not assignable to type '{ first_name: string; last_name: string; base_salary: number; is_active: boolean; middle_name?: string | undefined; inn?: string | undefined; position?: string | undefined; hiring_date?: string | undefined; phone?: string | undefined; email?: string | undefined; address?: string | undefined; }'.
                Type 'FieldValues' is missing the following properties from type '{ first_name: string; last_name: string; base_salary: number; is_active: boolean; middle_name?: string | undefined; inn?: string | undefined; position?: string | undefined; hiring_date?: string | undefined; phone?: string | undefined; email?: string | undefined; address?: string | undefined; }': first_name, last_name, base_salary, is_active
src/components/directories/employee-form.tsx(162,33): error TS2322: Type 'Control<{ first_name: string; last_name: string; base_salary: number; is_active: boolean; middle_name?: string | undefined; inn?: string | undefined; position?: string | undefined; hiring_date?: string | undefined; phone?: string | undefined; email?: string | undefined; address?: string | undefined; }, any, TFieldVa...' is not assignable to type 'Control<{ first_name: string; last_name: string; base_salary: number; is_active: boolean; middle_name?: string | undefined; inn?: string | undefined; position?: string | undefined; hiring_date?: string | undefined; phone?: string | undefined; email?: string | undefined; address?: string | undefined; }, any, { ...; }>'.
  The types of '_options.resolver' are incompatible between these types.
    Type 'Resolver<{ first_name: string; last_name: string; base_salary: number; is_active: boolean; middle_name?: string | undefined; inn?: string | undefined; position?: string | undefined; hiring_date?: string | undefined; phone?: string | undefined; email?: string | undefined; address?: string | undefined; }, any, TFieldV...' is not assignable to type 'Resolver<{ first_name: string; last_name: string; base_salary: number; is_active: boolean; middle_name?: string | undefined; inn?: string | undefined; position?: string | undefined; hiring_date?: string | undefined; phone?: string | undefined; email?: string | undefined; address?: string | undefined; }, any, { ...; ...'.
      Type 'Resolver<{ first_name: string; last_name: string; base_salary: number; is_active: boolean; middle_name?: string | undefined; inn?: string | undefined; position?: string | undefined; hiring_date?: string | undefined; phone?: string | undefined; email?: string | undefined; address?: string | undefined; }, any, TFieldV...' is not assignable to type 'Resolver<{ first_name: string; last_name: string; base_salary: number; is_active: boolean; middle_name?: string | undefined; inn?: string | undefined; position?: string | undefined; hiring_date?: string | undefined; phone?: string | undefined; email?: string | undefined; address?: string | undefined; }, any, { ...; }>'.
        Type 'ResolverResult<{ first_name: string; last_name: string; base_salary: number; is_active: boolean; middle_name?: string | undefined; inn?: string | undefined; position?: string | undefined; hiring_date?: string | undefined; phone?: string | undefined; email?: string | undefined; address?: string | undefined; }, TField...' is not assignable to type 'ResolverResult<{ first_name: string; last_name: string; base_salary: number; is_active: boolean; middle_name?: string | undefined; inn?: string | undefined; position?: string | undefined; hiring_date?: string | undefined; phone?: string | undefined; email?: string | undefined; address?: string | undefined; }, { ...;...'.
          Type 'ResolverSuccess<TFieldValues>' is not assignable to type 'ResolverResult<{ first_name: string; last_name: string; base_salary: number; is_active: boolean; middle_name?: string | undefined; inn?: string | undefined; position?: string | undefined; hiring_date?: string | undefined; phone?: string | undefined; email?: string | undefined; address?: string | undefined; }, { ...;...'.
            Type 'ResolverSuccess<TFieldValues>' is not assignable to type 'ResolverSuccess<{ first_name: string; last_name: string; base_salary: number; is_active: boolean; middle_name?: string | undefined; inn?: string | undefined; position?: string | undefined; hiring_date?: string | undefined; phone?: string | undefined; email?: string | undefined; address?: string | undefined; }>'.
              Type 'TFieldValues' is not assignable to type '{ first_name: string; last_name: string; base_salary: number; is_active: boolean; middle_name?: string | undefined; inn?: string | undefined; position?: string | undefined; hiring_date?: string | undefined; phone?: string | undefined; email?: string | undefined; address?: string | undefined; }'.
                Type 'FieldValues' is missing the following properties from type '{ first_name: string; last_name: string; base_salary: number; is_active: boolean; middle_name?: string | undefined; inn?: string | undefined; position?: string | undefined; hiring_date?: string | undefined; phone?: string | undefined; email?: string | undefined; address?: string | undefined; }': first_name, last_name, base_salary, is_active
src/components/directories/employee-form.tsx(175,33): error TS2322: Type 'Control<{ first_name: string; last_name: string; base_salary: number; is_active: boolean; middle_name?: string | undefined; inn?: string | undefined; position?: string | undefined; hiring_date?: string | undefined; phone?: string | undefined; email?: string | undefined; address?: string | undefined; }, any, TFieldVa...' is not assignable to type 'Control<{ first_name: string; last_name: string; base_salary: number; is_active: boolean; middle_name?: string | undefined; inn?: string | undefined; position?: string | undefined; hiring_date?: string | undefined; phone?: string | undefined; email?: string | undefined; address?: string | undefined; }, any, { ...; }>'.
  The types of '_options.resolver' are incompatible between these types.
    Type 'Resolver<{ first_name: string; last_name: string; base_salary: number; is_active: boolean; middle_name?: string | undefined; inn?: string | undefined; position?: string | undefined; hiring_date?: string | undefined; phone?: string | undefined; email?: string | undefined; address?: string | undefined; }, any, TFieldV...' is not assignable to type 'Resolver<{ first_name: string; last_name: string; base_salary: number; is_active: boolean; middle_name?: string | undefined; inn?: string | undefined; position?: string | undefined; hiring_date?: string | undefined; phone?: string | undefined; email?: string | undefined; address?: string | undefined; }, any, { ...; ...'.
      Type 'Resolver<{ first_name: string; last_name: string; base_salary: number; is_active: boolean; middle_name?: string | undefined; inn?: string | undefined; position?: string | undefined; hiring_date?: string | undefined; phone?: string | undefined; email?: string | undefined; address?: string | undefined; }, any, TFieldV...' is not assignable to type 'Resolver<{ first_name: string; last_name: string; base_salary: number; is_active: boolean; middle_name?: string | undefined; inn?: string | undefined; position?: string | undefined; hiring_date?: string | undefined; phone?: string | undefined; email?: string | undefined; address?: string | undefined; }, any, { ...; }>'.
        Type 'ResolverResult<{ first_name: string; last_name: string; base_salary: number; is_active: boolean; middle_name?: string | undefined; inn?: string | undefined; position?: string | undefined; hiring_date?: string | undefined; phone?: string | undefined; email?: string | undefined; address?: string | undefined; }, TField...' is not assignable to type 'ResolverResult<{ first_name: string; last_name: string; base_salary: number; is_active: boolean; middle_name?: string | undefined; inn?: string | undefined; position?: string | undefined; hiring_date?: string | undefined; phone?: string | undefined; email?: string | undefined; address?: string | undefined; }, { ...;...'.
          Type 'ResolverSuccess<TFieldValues>' is not assignable to type 'ResolverResult<{ first_name: string; last_name: string; base_salary: number; is_active: boolean; middle_name?: string | undefined; inn?: string | undefined; position?: string | undefined; hiring_date?: string | undefined; phone?: string | undefined; email?: string | undefined; address?: string | undefined; }, { ...;...'.
            Type 'ResolverSuccess<TFieldValues>' is not assignable to type 'ResolverSuccess<{ first_name: string; last_name: string; base_salary: number; is_active: boolean; middle_name?: string | undefined; inn?: string | undefined; position?: string | undefined; hiring_date?: string | undefined; phone?: string | undefined; email?: string | undefined; address?: string | undefined; }>'.
              Type 'TFieldValues' is not assignable to type '{ first_name: string; last_name: string; base_salary: number; is_active: boolean; middle_name?: string | undefined; inn?: string | undefined; position?: string | undefined; hiring_date?: string | undefined; phone?: string | undefined; email?: string | undefined; address?: string | undefined; }'.
                Type 'FieldValues' is missing the following properties from type '{ first_name: string; last_name: string; base_salary: number; is_active: boolean; middle_name?: string | undefined; inn?: string | undefined; position?: string | undefined; hiring_date?: string | undefined; phone?: string | undefined; email?: string | undefined; address?: string | undefined; }': first_name, last_name, base_salary, is_active
src/components/directories/employee-form.tsx(191,33): error TS2322: Type 'Control<{ first_name: string; last_name: string; base_salary: number; is_active: boolean; middle_name?: string | undefined; inn?: string | undefined; position?: string | undefined; hiring_date?: string | undefined; phone?: string | undefined; email?: string | undefined; address?: string | undefined; }, any, TFieldVa...' is not assignable to type 'Control<{ first_name: string; last_name: string; base_salary: number; is_active: boolean; middle_name?: string | undefined; inn?: string | undefined; position?: string | undefined; hiring_date?: string | undefined; phone?: string | undefined; email?: string | undefined; address?: string | undefined; }, any, { ...; }>'.
  The types of '_options.resolver' are incompatible between these types.
    Type 'Resolver<{ first_name: string; last_name: string; base_salary: number; is_active: boolean; middle_name?: string | undefined; inn?: string | undefined; position?: string | undefined; hiring_date?: string | undefined; phone?: string | undefined; email?: string | undefined; address?: string | undefined; }, any, TFieldV...' is not assignable to type 'Resolver<{ first_name: string; last_name: string; base_salary: number; is_active: boolean; middle_name?: string | undefined; inn?: string | undefined; position?: string | undefined; hiring_date?: string | undefined; phone?: string | undefined; email?: string | undefined; address?: string | undefined; }, any, { ...; ...'.
      Type 'Resolver<{ first_name: string; last_name: string; base_salary: number; is_active: boolean; middle_name?: string | undefined; inn?: string | undefined; position?: string | undefined; hiring_date?: string | undefined; phone?: string | undefined; email?: string | undefined; address?: string | undefined; }, any, TFieldV...' is not assignable to type 'Resolver<{ first_name: string; last_name: string; base_salary: number; is_active: boolean; middle_name?: string | undefined; inn?: string | undefined; position?: string | undefined; hiring_date?: string | undefined; phone?: string | undefined; email?: string | undefined; address?: string | undefined; }, any, { ...; }>'.
        Type 'ResolverResult<{ first_name: string; last_name: string; base_salary: number; is_active: boolean; middle_name?: string | undefined; inn?: string | undefined; position?: string | undefined; hiring_date?: string | undefined; phone?: string | undefined; email?: string | undefined; address?: string | undefined; }, TField...' is not assignable to type 'ResolverResult<{ first_name: string; last_name: string; base_salary: number; is_active: boolean; middle_name?: string | undefined; inn?: string | undefined; position?: string | undefined; hiring_date?: string | undefined; phone?: string | undefined; email?: string | undefined; address?: string | undefined; }, { ...;...'.
          Type 'ResolverSuccess<TFieldValues>' is not assignable to type 'ResolverResult<{ first_name: string; last_name: string; base_salary: number; is_active: boolean; middle_name?: string | undefined; inn?: string | undefined; position?: string | undefined; hiring_date?: string | undefined; phone?: string | undefined; email?: string | undefined; address?: string | undefined; }, { ...;...'.
            Type 'ResolverSuccess<TFieldValues>' is not assignable to type 'ResolverSuccess<{ first_name: string; last_name: string; base_salary: number; is_active: boolean; middle_name?: string | undefined; inn?: string | undefined; position?: string | undefined; hiring_date?: string | undefined; phone?: string | undefined; email?: string | undefined; address?: string | undefined; }>'.
              Type 'TFieldValues' is not assignable to type '{ first_name: string; last_name: string; base_salary: number; is_active: boolean; middle_name?: string | undefined; inn?: string | undefined; position?: string | undefined; hiring_date?: string | undefined; phone?: string | undefined; email?: string | undefined; address?: string | undefined; }'.
                Type 'FieldValues' is missing the following properties from type '{ first_name: string; last_name: string; base_salary: number; is_active: boolean; middle_name?: string | undefined; inn?: string | undefined; position?: string | undefined; hiring_date?: string | undefined; phone?: string | undefined; email?: string | undefined; address?: string | undefined; }': first_name, last_name, base_salary, is_active
src/components/directories/employee-form.tsx(204,33): error TS2322: Type 'Control<{ first_name: string; last_name: string; base_salary: number; is_active: boolean; middle_name?: string | undefined; inn?: string | undefined; position?: string | undefined; hiring_date?: string | undefined; phone?: string | undefined; email?: string | undefined; address?: string | undefined; }, any, TFieldVa...' is not assignable to type 'Control<{ first_name: string; last_name: string; base_salary: number; is_active: boolean; middle_name?: string | undefined; inn?: string | undefined; position?: string | undefined; hiring_date?: string | undefined; phone?: string | undefined; email?: string | undefined; address?: string | undefined; }, any, { ...; }>'.
  The types of '_options.resolver' are incompatible between these types.
    Type 'Resolver<{ first_name: string; last_name: string; base_salary: number; is_active: boolean; middle_name?: string | undefined; inn?: string | undefined; position?: string | undefined; hiring_date?: string | undefined; phone?: string | undefined; email?: string | undefined; address?: string | undefined; }, any, TFieldV...' is not assignable to type 'Resolver<{ first_name: string; last_name: string; base_salary: number; is_active: boolean; middle_name?: string | undefined; inn?: string | undefined; position?: string | undefined; hiring_date?: string | undefined; phone?: string | undefined; email?: string | undefined; address?: string | undefined; }, any, { ...; ...'.
      Type 'Resolver<{ first_name: string; last_name: string; base_salary: number; is_active: boolean; middle_name?: string | undefined; inn?: string | undefined; position?: string | undefined; hiring_date?: string | undefined; phone?: string | undefined; email?: string | undefined; address?: string | undefined; }, any, TFieldV...' is not assignable to type 'Resolver<{ first_name: string; last_name: string; base_salary: number; is_active: boolean; middle_name?: string | undefined; inn?: string | undefined; position?: string | undefined; hiring_date?: string | undefined; phone?: string | undefined; email?: string | undefined; address?: string | undefined; }, any, { ...; }>'.
        Type 'ResolverResult<{ first_name: string; last_name: string; base_salary: number; is_active: boolean; middle_name?: string | undefined; inn?: string | undefined; position?: string | undefined; hiring_date?: string | undefined; phone?: string | undefined; email?: string | undefined; address?: string | undefined; }, TField...' is not assignable to type 'ResolverResult<{ first_name: string; last_name: string; base_salary: number; is_active: boolean; middle_name?: string | undefined; inn?: string | undefined; position?: string | undefined; hiring_date?: string | undefined; phone?: string | undefined; email?: string | undefined; address?: string | undefined; }, { ...;...'.
          Type 'ResolverSuccess<TFieldValues>' is not assignable to type 'ResolverResult<{ first_name: string; last_name: string; base_salary: number; is_active: boolean; middle_name?: string | undefined; inn?: string | undefined; position?: string | undefined; hiring_date?: string | undefined; phone?: string | undefined; email?: string | undefined; address?: string | undefined; }, { ...;...'.
            Type 'ResolverSuccess<TFieldValues>' is not assignable to type 'ResolverSuccess<{ first_name: string; last_name: string; base_salary: number; is_active: boolean; middle_name?: string | undefined; inn?: string | undefined; position?: string | undefined; hiring_date?: string | undefined; phone?: string | undefined; email?: string | undefined; address?: string | undefined; }>'.
              Type 'TFieldValues' is not assignable to type '{ first_name: string; last_name: string; base_salary: number; is_active: boolean; middle_name?: string | undefined; inn?: string | undefined; position?: string | undefined; hiring_date?: string | undefined; phone?: string | undefined; email?: string | undefined; address?: string | undefined; }'.
                Type 'FieldValues' is missing the following properties from type '{ first_name: string; last_name: string; base_salary: number; is_active: boolean; middle_name?: string | undefined; inn?: string | undefined; position?: string | undefined; hiring_date?: string | undefined; phone?: string | undefined; email?: string | undefined; address?: string | undefined; }': first_name, last_name, base_salary, is_active
src/components/directories/employee-form.tsx(217,33): error TS2322: Type 'Control<{ first_name: string; last_name: string; base_salary: number; is_active: boolean; middle_name?: string | undefined; inn?: string | undefined; position?: string | undefined; hiring_date?: string | undefined; phone?: string | undefined; email?: string | undefined; address?: string | undefined; }, any, TFieldVa...' is not assignable to type 'Control<{ first_name: string; last_name: string; base_salary: number; is_active: boolean; middle_name?: string | undefined; inn?: string | undefined; position?: string | undefined; hiring_date?: string | undefined; phone?: string | undefined; email?: string | undefined; address?: string | undefined; }, any, { ...; }>'.
  The types of '_options.resolver' are incompatible between these types.
    Type 'Resolver<{ first_name: string; last_name: string; base_salary: number; is_active: boolean; middle_name?: string | undefined; inn?: string | undefined; position?: string | undefined; hiring_date?: string | undefined; phone?: string | undefined; email?: string | undefined; address?: string | undefined; }, any, TFieldV...' is not assignable to type 'Resolver<{ first_name: string; last_name: string; base_salary: number; is_active: boolean; middle_name?: string | undefined; inn?: string | undefined; position?: string | undefined; hiring_date?: string | undefined; phone?: string | undefined; email?: string | undefined; address?: string | undefined; }, any, { ...; ...'.
      Type 'Resolver<{ first_name: string; last_name: string; base_salary: number; is_active: boolean; middle_name?: string | undefined; inn?: string | undefined; position?: string | undefined; hiring_date?: string | undefined; phone?: string | undefined; email?: string | undefined; address?: string | undefined; }, any, TFieldV...' is not assignable to type 'Resolver<{ first_name: string; last_name: string; base_salary: number; is_active: boolean; middle_name?: string | undefined; inn?: string | undefined; position?: string | undefined; hiring_date?: string | undefined; phone?: string | undefined; email?: string | undefined; address?: string | undefined; }, any, { ...; }>'.
        Type 'ResolverResult<{ first_name: string; last_name: string; base_salary: number; is_active: boolean; middle_name?: string | undefined; inn?: string | undefined; position?: string | undefined; hiring_date?: string | undefined; phone?: string | undefined; email?: string | undefined; address?: string | undefined; }, TField...' is not assignable to type 'ResolverResult<{ first_name: string; last_name: string; base_salary: number; is_active: boolean; middle_name?: string | undefined; inn?: string | undefined; position?: string | undefined; hiring_date?: string | undefined; phone?: string | undefined; email?: string | undefined; address?: string | undefined; }, { ...;...'.
          Type 'ResolverSuccess<TFieldValues>' is not assignable to type 'ResolverResult<{ first_name: string; last_name: string; base_salary: number; is_active: boolean; middle_name?: string | undefined; inn?: string | undefined; position?: string | undefined; hiring_date?: string | undefined; phone?: string | undefined; email?: string | undefined; address?: string | undefined; }, { ...;...'.
            Type 'ResolverSuccess<TFieldValues>' is not assignable to type 'ResolverSuccess<{ first_name: string; last_name: string; base_salary: number; is_active: boolean; middle_name?: string | undefined; inn?: string | undefined; position?: string | undefined; hiring_date?: string | undefined; phone?: string | undefined; email?: string | undefined; address?: string | undefined; }>'.
              Type 'TFieldValues' is not assignable to type '{ first_name: string; last_name: string; base_salary: number; is_active: boolean; middle_name?: string | undefined; inn?: string | undefined; position?: string | undefined; hiring_date?: string | undefined; phone?: string | undefined; email?: string | undefined; address?: string | undefined; }'.
                Type 'FieldValues' is missing the following properties from type '{ first_name: string; last_name: string; base_salary: number; is_active: boolean; middle_name?: string | undefined; inn?: string | undefined; position?: string | undefined; hiring_date?: string | undefined; phone?: string | undefined; email?: string | undefined; address?: string | undefined; }': first_name, last_name, base_salary, is_active
src/components/directories/employee-form.tsx(233,33): error TS2322: Type 'Control<{ first_name: string; last_name: string; base_salary: number; is_active: boolean; middle_name?: string | undefined; inn?: string | undefined; position?: string | undefined; hiring_date?: string | undefined; phone?: string | undefined; email?: string | undefined; address?: string | undefined; }, any, TFieldVa...' is not assignable to type 'Control<{ first_name: string; last_name: string; base_salary: number; is_active: boolean; middle_name?: string | undefined; inn?: string | undefined; position?: string | undefined; hiring_date?: string | undefined; phone?: string | undefined; email?: string | undefined; address?: string | undefined; }, any, { ...; }>'.
  The types of '_options.resolver' are incompatible between these types.
    Type 'Resolver<{ first_name: string; last_name: string; base_salary: number; is_active: boolean; middle_name?: string | undefined; inn?: string | undefined; position?: string | undefined; hiring_date?: string | undefined; phone?: string | undefined; email?: string | undefined; address?: string | undefined; }, any, TFieldV...' is not assignable to type 'Resolver<{ first_name: string; last_name: string; base_salary: number; is_active: boolean; middle_name?: string | undefined; inn?: string | undefined; position?: string | undefined; hiring_date?: string | undefined; phone?: string | undefined; email?: string | undefined; address?: string | undefined; }, any, { ...; ...'.
      Type 'Resolver<{ first_name: string; last_name: string; base_salary: number; is_active: boolean; middle_name?: string | undefined; inn?: string | undefined; position?: string | undefined; hiring_date?: string | undefined; phone?: string | undefined; email?: string | undefined; address?: string | undefined; }, any, TFieldV...' is not assignable to type 'Resolver<{ first_name: string; last_name: string; base_salary: number; is_active: boolean; middle_name?: string | undefined; inn?: string | undefined; position?: string | undefined; hiring_date?: string | undefined; phone?: string | undefined; email?: string | undefined; address?: string | undefined; }, any, { ...; }>'.
        Type 'ResolverResult<{ first_name: string; last_name: string; base_salary: number; is_active: boolean; middle_name?: string | undefined; inn?: string | undefined; position?: string | undefined; hiring_date?: string | undefined; phone?: string | undefined; email?: string | undefined; address?: string | undefined; }, TField...' is not assignable to type 'ResolverResult<{ first_name: string; last_name: string; base_salary: number; is_active: boolean; middle_name?: string | undefined; inn?: string | undefined; position?: string | undefined; hiring_date?: string | undefined; phone?: string | undefined; email?: string | undefined; address?: string | undefined; }, { ...;...'.
          Type 'ResolverSuccess<TFieldValues>' is not assignable to type 'ResolverResult<{ first_name: string; last_name: string; base_salary: number; is_active: boolean; middle_name?: string | undefined; inn?: string | undefined; position?: string | undefined; hiring_date?: string | undefined; phone?: string | undefined; email?: string | undefined; address?: string | undefined; }, { ...;...'.
            Type 'ResolverSuccess<TFieldValues>' is not assignable to type 'ResolverSuccess<{ first_name: string; last_name: string; base_salary: number; is_active: boolean; middle_name?: string | undefined; inn?: string | undefined; position?: string | undefined; hiring_date?: string | undefined; phone?: string | undefined; email?: string | undefined; address?: string | undefined; }>'.
              Type 'TFieldValues' is not assignable to type '{ first_name: string; last_name: string; base_salary: number; is_active: boolean; middle_name?: string | undefined; inn?: string | undefined; position?: string | undefined; hiring_date?: string | undefined; phone?: string | undefined; email?: string | undefined; address?: string | undefined; }'.
                Type 'FieldValues' is missing the following properties from type '{ first_name: string; last_name: string; base_salary: number; is_active: boolean; middle_name?: string | undefined; inn?: string | undefined; position?: string | undefined; hiring_date?: string | undefined; phone?: string | undefined; email?: string | undefined; address?: string | undefined; }': first_name, last_name, base_salary, is_active
src/components/directories/employee-form.tsx(246,33): error TS2322: Type 'Control<{ first_name: string; last_name: string; base_salary: number; is_active: boolean; middle_name?: string | undefined; inn?: string | undefined; position?: string | undefined; hiring_date?: string | undefined; phone?: string | undefined; email?: string | undefined; address?: string | undefined; }, any, TFieldVa...' is not assignable to type 'Control<{ first_name: string; last_name: string; base_salary: number; is_active: boolean; middle_name?: string | undefined; inn?: string | undefined; position?: string | undefined; hiring_date?: string | undefined; phone?: string | undefined; email?: string | undefined; address?: string | undefined; }, any, { ...; }>'.
  The types of '_options.resolver' are incompatible between these types.
    Type 'Resolver<{ first_name: string; last_name: string; base_salary: number; is_active: boolean; middle_name?: string | undefined; inn?: string | undefined; position?: string | undefined; hiring_date?: string | undefined; phone?: string | undefined; email?: string | undefined; address?: string | undefined; }, any, TFieldV...' is not assignable to type 'Resolver<{ first_name: string; last_name: string; base_salary: number; is_active: boolean; middle_name?: string | undefined; inn?: string | undefined; position?: string | undefined; hiring_date?: string | undefined; phone?: string | undefined; email?: string | undefined; address?: string | undefined; }, any, { ...; ...'.
      Type 'Resolver<{ first_name: string; last_name: string; base_salary: number; is_active: boolean; middle_name?: string | undefined; inn?: string | undefined; position?: string | undefined; hiring_date?: string | undefined; phone?: string | undefined; email?: string | undefined; address?: string | undefined; }, any, TFieldV...' is not assignable to type 'Resolver<{ first_name: string; last_name: string; base_salary: number; is_active: boolean; middle_name?: string | undefined; inn?: string | undefined; position?: string | undefined; hiring_date?: string | undefined; phone?: string | undefined; email?: string | undefined; address?: string | undefined; }, any, { ...; }>'.
        Type 'ResolverResult<{ first_name: string; last_name: string; base_salary: number; is_active: boolean; middle_name?: string | undefined; inn?: string | undefined; position?: string | undefined; hiring_date?: string | undefined; phone?: string | undefined; email?: string | undefined; address?: string | undefined; }, TField...' is not assignable to type 'ResolverResult<{ first_name: string; last_name: string; base_salary: number; is_active: boolean; middle_name?: string | undefined; inn?: string | undefined; position?: string | undefined; hiring_date?: string | undefined; phone?: string | undefined; email?: string | undefined; address?: string | undefined; }, { ...;...'.
          Type 'ResolverSuccess<TFieldValues>' is not assignable to type 'ResolverResult<{ first_name: string; last_name: string; base_salary: number; is_active: boolean; middle_name?: string | undefined; inn?: string | undefined; position?: string | undefined; hiring_date?: string | undefined; phone?: string | undefined; email?: string | undefined; address?: string | undefined; }, { ...;...'.
            Type 'ResolverSuccess<TFieldValues>' is not assignable to type 'ResolverSuccess<{ first_name: string; last_name: string; base_salary: number; is_active: boolean; middle_name?: string | undefined; inn?: string | undefined; position?: string | undefined; hiring_date?: string | undefined; phone?: string | undefined; email?: string | undefined; address?: string | undefined; }>'.
              Type 'TFieldValues' is not assignable to type '{ first_name: string; last_name: string; base_salary: number; is_active: boolean; middle_name?: string | undefined; inn?: string | undefined; position?: string | undefined; hiring_date?: string | undefined; phone?: string | undefined; email?: string | undefined; address?: string | undefined; }'.
                Type 'FieldValues' is missing the following properties from type '{ first_name: string; last_name: string; base_salary: number; is_active: boolean; middle_name?: string | undefined; inn?: string | undefined; position?: string | undefined; hiring_date?: string | undefined; phone?: string | undefined; email?: string | undefined; address?: string | undefined; }': first_name, last_name, base_salary, is_active
src/components/directories/employee-form.tsx(261,29): error TS2322: Type 'Control<{ first_name: string; last_name: string; base_salary: number; is_active: boolean; middle_name?: string | undefined; inn?: string | undefined; position?: string | undefined; hiring_date?: string | undefined; phone?: string | undefined; email?: string | undefined; address?: string | undefined; }, any, TFieldVa...' is not assignable to type 'Control<{ first_name: string; last_name: string; base_salary: number; is_active: boolean; middle_name?: string | undefined; inn?: string | undefined; position?: string | undefined; hiring_date?: string | undefined; phone?: string | undefined; email?: string | undefined; address?: string | undefined; }, any, { ...; }>'.
  The types of '_options.resolver' are incompatible between these types.
    Type 'Resolver<{ first_name: string; last_name: string; base_salary: number; is_active: boolean; middle_name?: string | undefined; inn?: string | undefined; position?: string | undefined; hiring_date?: string | undefined; phone?: string | undefined; email?: string | undefined; address?: string | undefined; }, any, TFieldV...' is not assignable to type 'Resolver<{ first_name: string; last_name: string; base_salary: number; is_active: boolean; middle_name?: string | undefined; inn?: string | undefined; position?: string | undefined; hiring_date?: string | undefined; phone?: string | undefined; email?: string | undefined; address?: string | undefined; }, any, { ...; ...'.
      Type 'Resolver<{ first_name: string; last_name: string; base_salary: number; is_active: boolean; middle_name?: string | undefined; inn?: string | undefined; position?: string | undefined; hiring_date?: string | undefined; phone?: string | undefined; email?: string | undefined; address?: string | undefined; }, any, TFieldV...' is not assignable to type 'Resolver<{ first_name: string; last_name: string; base_salary: number; is_active: boolean; middle_name?: string | undefined; inn?: string | undefined; position?: string | undefined; hiring_date?: string | undefined; phone?: string | undefined; email?: string | undefined; address?: string | undefined; }, any, { ...; }>'.
        Type 'ResolverResult<{ first_name: string; last_name: string; base_salary: number; is_active: boolean; middle_name?: string | undefined; inn?: string | undefined; position?: string | undefined; hiring_date?: string | undefined; phone?: string | undefined; email?: string | undefined; address?: string | undefined; }, TField...' is not assignable to type 'ResolverResult<{ first_name: string; last_name: string; base_salary: number; is_active: boolean; middle_name?: string | undefined; inn?: string | undefined; position?: string | undefined; hiring_date?: string | undefined; phone?: string | undefined; email?: string | undefined; address?: string | undefined; }, { ...;...'.
          Type 'ResolverSuccess<TFieldValues>' is not assignable to type 'ResolverResult<{ first_name: string; last_name: string; base_salary: number; is_active: boolean; middle_name?: string | undefined; inn?: string | undefined; position?: string | undefined; hiring_date?: string | undefined; phone?: string | undefined; email?: string | undefined; address?: string | undefined; }, { ...;...'.
            Type 'ResolverSuccess<TFieldValues>' is not assignable to type 'ResolverSuccess<{ first_name: string; last_name: string; base_salary: number; is_active: boolean; middle_name?: string | undefined; inn?: string | undefined; position?: string | undefined; hiring_date?: string | undefined; phone?: string | undefined; email?: string | undefined; address?: string | undefined; }>'.
              Type 'TFieldValues' is not assignable to type '{ first_name: string; last_name: string; base_salary: number; is_active: boolean; middle_name?: string | undefined; inn?: string | undefined; position?: string | undefined; hiring_date?: string | undefined; phone?: string | undefined; email?: string | undefined; address?: string | undefined; }'.
                Type 'FieldValues' is missing the following properties from type '{ first_name: string; last_name: string; base_salary: number; is_active: boolean; middle_name?: string | undefined; inn?: string | undefined; position?: string | undefined; hiring_date?: string | undefined; phone?: string | undefined; email?: string | undefined; address?: string | undefined; }': first_name, last_name, base_salary, is_active
src/components/directories/employee-form.tsx(275,29): error TS2322: Type 'Control<{ first_name: string; last_name: string; base_salary: number; is_active: boolean; middle_name?: string | undefined; inn?: string | undefined; position?: string | undefined; hiring_date?: string | undefined; phone?: string | undefined; email?: string | undefined; address?: string | undefined; }, any, TFieldVa...' is not assignable to type 'Control<{ first_name: string; last_name: string; base_salary: number; is_active: boolean; middle_name?: string | undefined; inn?: string | undefined; position?: string | undefined; hiring_date?: string | undefined; phone?: string | undefined; email?: string | undefined; address?: string | undefined; }, any, { ...; }>'.
  The types of '_options.resolver' are incompatible between these types.
    Type 'Resolver<{ first_name: string; last_name: string; base_salary: number; is_active: boolean; middle_name?: string | undefined; inn?: string | undefined; position?: string | undefined; hiring_date?: string | undefined; phone?: string | undefined; email?: string | undefined; address?: string | undefined; }, any, TFieldV...' is not assignable to type 'Resolver<{ first_name: string; last_name: string; base_salary: number; is_active: boolean; middle_name?: string | undefined; inn?: string | undefined; position?: string | undefined; hiring_date?: string | undefined; phone?: string | undefined; email?: string | undefined; address?: string | undefined; }, any, { ...; ...'.
      Type 'Resolver<{ first_name: string; last_name: string; base_salary: number; is_active: boolean; middle_name?: string | undefined; inn?: string | undefined; position?: string | undefined; hiring_date?: string | undefined; phone?: string | undefined; email?: string | undefined; address?: string | undefined; }, any, TFieldV...' is not assignable to type 'Resolver<{ first_name: string; last_name: string; base_salary: number; is_active: boolean; middle_name?: string | undefined; inn?: string | undefined; position?: string | undefined; hiring_date?: string | undefined; phone?: string | undefined; email?: string | undefined; address?: string | undefined; }, any, { ...; }>'.
        Type 'ResolverResult<{ first_name: string; last_name: string; base_salary: number; is_active: boolean; middle_name?: string | undefined; inn?: string | undefined; position?: string | undefined; hiring_date?: string | undefined; phone?: string | undefined; email?: string | undefined; address?: string | undefined; }, TField...' is not assignable to type 'ResolverResult<{ first_name: string; last_name: string; base_salary: number; is_active: boolean; middle_name?: string | undefined; inn?: string | undefined; position?: string | undefined; hiring_date?: string | undefined; phone?: string | undefined; email?: string | undefined; address?: string | undefined; }, { ...;...'.
          Type 'ResolverSuccess<TFieldValues>' is not assignable to type 'ResolverResult<{ first_name: string; last_name: string; base_salary: number; is_active: boolean; middle_name?: string | undefined; inn?: string | undefined; position?: string | undefined; hiring_date?: string | undefined; phone?: string | undefined; email?: string | undefined; address?: string | undefined; }, { ...;...'.
            Type 'ResolverSuccess<TFieldValues>' is not assignable to type 'ResolverSuccess<{ first_name: string; last_name: string; base_salary: number; is_active: boolean; middle_name?: string | undefined; inn?: string | undefined; position?: string | undefined; hiring_date?: string | undefined; phone?: string | undefined; email?: string | undefined; address?: string | undefined; }>'.
              Type 'TFieldValues' is not assignable to type '{ first_name: string; last_name: string; base_salary: number; is_active: boolean; middle_name?: string | undefined; inn?: string | undefined; position?: string | undefined; hiring_date?: string | undefined; phone?: string | undefined; email?: string | undefined; address?: string | undefined; }'.
                Type 'FieldValues' is missing the following properties from type '{ first_name: string; last_name: string; base_salary: number; is_active: boolean; middle_name?: string | undefined; inn?: string | undefined; position?: string | undefined; hiring_date?: string | undefined; phone?: string | undefined; email?: string | undefined; address?: string | undefined; }': first_name, last_name, base_salary, is_active
src/components/documents/document-tab.tsx(182,58): error TS2322: Type '{}' is not assignable to type 'ReactNode'.
src/components/documents/fa-receipt-document-form.tsx(126,22): error TS2367: This comparison appears to be unintentional because the types 'DocumentStatus | undefined' and '"POSTED"' have no overlap.
src/components/documents/fa-receipt-document-form.tsx(254,42): error TS2304: Cannot find name 'FormDescription'.
src/components/documents/fa-receipt-document-form.tsx(254,76): error TS2304: Cannot find name 'FormDescription'.
src/components/documents/ia-receipt-document-form.tsx(124,22): error TS2367: This comparison appears to be unintentional because the types 'DocumentStatus | undefined' and '"POSTED"' have no overlap.
src/components/documents/inventory-document-form.tsx(127,21): error TS2322: Type '{ type: string; value: number; onChange: (val: any) => void; disabled: boolean; }' is not assignable to type 'IntrinsicAttributes & ReferenceSelectorProps'.
  Property 'type' does not exist on type 'IntrinsicAttributes & ReferenceSelectorProps'.
src/components/documents/inventory-document-form.tsx(129,32): error TS7006: Parameter 'val' implicitly has an 'any' type.
src/components/documents/inventory-document-form.tsx(281,25): error TS2322: Type '{ actions: CommandBarAction[]; }' is not assignable to type 'IntrinsicAttributes & CommandBarProps'.
  Property 'actions' does not exist on type 'IntrinsicAttributes & CommandBarProps'.
src/components/documents/inventory-document-form.tsx(307,33): error TS2322: Type '{ type: string; value: number | undefined; onChange: (val: any) => void; disabled: boolean; }' is not assignable to type 'IntrinsicAttributes & ReferenceSelectorProps'.
  Property 'type' does not exist on type 'IntrinsicAttributes & ReferenceSelectorProps'.
src/components/documents/inventory-document-form.tsx(309,44): error TS7006: Parameter 'val' implicitly has an 'any' type.
src/components/documents/live-settlement-panel.tsx(8,26): error TS2307: Cannot find module '@/components/ui/progress' or its corresponding type declarations.
src/components/documents/payroll-form.tsx(84,9): error TS2322: Type 'Resolver<{ number: string; date: string; period_start: string; period_end: string; lines: { employee: unknown; accrual_type: string; amount: unknown; }[]; comment?: string | undefined; }, any, { number: string; date: string; period_start: string; period_end: string; lines: { ...; }[]; comment?: string | undefined; }>' is not assignable to type 'Resolver<{ number: string; date: string; period_start: string; period_end: string; lines: { employee: number; accrual_type: string; amount: number; }[]; comment?: string | undefined; }, any, { number: string; ... 4 more ...; comment?: string | undefined; }>'.
  Types of parameters 'options' and 'options' are incompatible.
    Type 'ResolverOptions<{ number: string; date: string; period_start: string; period_end: string; lines: { employee: number; accrual_type: string; amount: number; }[]; comment?: string | undefined; }>' is not assignable to type 'ResolverOptions<{ number: string; date: string; period_start: string; period_end: string; lines: { employee: unknown; accrual_type: string; amount: unknown; }[]; comment?: string | undefined; }>'.
      Type '{ employee: unknown; accrual_type: string; amount: unknown; }[]' is not assignable to type '{ employee: number; accrual_type: string; amount: number; }[]'.
        Type '{ employee: unknown; accrual_type: string; amount: unknown; }' is not assignable to type '{ employee: number; accrual_type: string; amount: number; }'.
          Types of property 'employee' are incompatible.
            Type 'unknown' is not assignable to type 'number'.
src/components/documents/payroll-form.tsx(153,40): error TS2345: Argument of type '(values: FormValues) => void' is not assignable to parameter of type 'SubmitHandler<TFieldValues>'.
  Types of parameters 'values' and 'data' are incompatible.
    Type 'TFieldValues' is not assignable to type '{ number: string; date: string; period_start: string; period_end: string; lines: { employee: number; accrual_type: string; amount: number; }[]; comment?: string | undefined; }'.
      Type 'FieldValues' is missing the following properties from type '{ number: string; date: string; period_start: string; period_end: string; lines: { employee: number; accrual_type: string; amount: number; }[]; comment?: string | undefined; }': number, date, period_start, period_end, lines
src/components/documents/payroll-form.tsx(160,40): error TS2345: Argument of type '(values: FormValues) => void' is not assignable to parameter of type 'SubmitHandler<TFieldValues>'.
  Types of parameters 'values' and 'data' are incompatible.
    Type 'TFieldValues' is not assignable to type '{ number: string; date: string; period_start: string; period_end: string; lines: { employee: number; accrual_type: string; amount: number; }[]; comment?: string | undefined; }'.
      Type 'FieldValues' is missing the following properties from type '{ number: string; date: string; period_start: string; period_end: string; lines: { employee: number; accrual_type: string; amount: number; }[]; comment?: string | undefined; }': number, date, period_start, period_end, lines
src/components/documents/payroll-form.tsx(182,33): error TS2322: Type 'Control<{ number: string; date: string; period_start: string; period_end: string; lines: { employee: number; accrual_type: string; amount: number; }[]; comment?: string | undefined; }, any, TFieldValues>' is not assignable to type 'Control<{ number: string; date: string; period_start: string; period_end: string; lines: { employee: number; accrual_type: string; amount: number; }[]; comment?: string | undefined; }, any, { number: string; ... 4 more ...; comment?: string | undefined; }>'.
  The types of '_options.resolver' are incompatible between these types.
    Type 'Resolver<{ number: string; date: string; period_start: string; period_end: string; lines: { employee: number; accrual_type: string; amount: number; }[]; comment?: string | undefined; }, any, TFieldValues> | undefined' is not assignable to type 'Resolver<{ number: string; date: string; period_start: string; period_end: string; lines: { employee: number; accrual_type: string; amount: number; }[]; comment?: string | undefined; }, any, { number: string; ... 4 more ...; comment?: string | undefined; }> | undefined'.
      Type 'Resolver<{ number: string; date: string; period_start: string; period_end: string; lines: { employee: number; accrual_type: string; amount: number; }[]; comment?: string | undefined; }, any, TFieldValues>' is not assignable to type 'Resolver<{ number: string; date: string; period_start: string; period_end: string; lines: { employee: number; accrual_type: string; amount: number; }[]; comment?: string | undefined; }, any, { number: string; ... 4 more ...; comment?: string | undefined; }>'.
        Type 'ResolverResult<{ number: string; date: string; period_start: string; period_end: string; lines: { employee: number; accrual_type: string; amount: number; }[]; comment?: string | undefined; }, TFieldValues> | Promise<...>' is not assignable to type 'ResolverResult<{ number: string; date: string; period_start: string; period_end: string; lines: { employee: number; accrual_type: string; amount: number; }[]; comment?: string | undefined; }, { number: string; ... 4 more ...; comment?: string | undefined; }> | Promise<...>'.
          Type 'ResolverSuccess<TFieldValues>' is not assignable to type 'ResolverResult<{ number: string; date: string; period_start: string; period_end: string; lines: { employee: number; accrual_type: string; amount: number; }[]; comment?: string | undefined; }, { number: string; ... 4 more ...; comment?: string | undefined; }> | Promise<...>'.
            Type 'ResolverSuccess<TFieldValues>' is not assignable to type 'ResolverSuccess<{ number: string; date: string; period_start: string; period_end: string; lines: { employee: number; accrual_type: string; amount: number; }[]; comment?: string | undefined; }>'.
              Type 'TFieldValues' is not assignable to type '{ number: string; date: string; period_start: string; period_end: string; lines: { employee: number; accrual_type: string; amount: number; }[]; comment?: string | undefined; }'.
                Type 'FieldValues' is missing the following properties from type '{ number: string; date: string; period_start: string; period_end: string; lines: { employee: number; accrual_type: string; amount: number; }[]; comment?: string | undefined; }': number, date, period_start, period_end, lines
src/components/documents/payroll-form.tsx(195,33): error TS2322: Type 'Control<{ number: string; date: string; period_start: string; period_end: string; lines: { employee: number; accrual_type: string; amount: number; }[]; comment?: string | undefined; }, any, TFieldValues>' is not assignable to type 'Control<{ number: string; date: string; period_start: string; period_end: string; lines: { employee: number; accrual_type: string; amount: number; }[]; comment?: string | undefined; }, any, { number: string; ... 4 more ...; comment?: string | undefined; }>'.
  The types of '_options.resolver' are incompatible between these types.
    Type 'Resolver<{ number: string; date: string; period_start: string; period_end: string; lines: { employee: number; accrual_type: string; amount: number; }[]; comment?: string | undefined; }, any, TFieldValues> | undefined' is not assignable to type 'Resolver<{ number: string; date: string; period_start: string; period_end: string; lines: { employee: number; accrual_type: string; amount: number; }[]; comment?: string | undefined; }, any, { number: string; ... 4 more ...; comment?: string | undefined; }> | undefined'.
      Type 'Resolver<{ number: string; date: string; period_start: string; period_end: string; lines: { employee: number; accrual_type: string; amount: number; }[]; comment?: string | undefined; }, any, TFieldValues>' is not assignable to type 'Resolver<{ number: string; date: string; period_start: string; period_end: string; lines: { employee: number; accrual_type: string; amount: number; }[]; comment?: string | undefined; }, any, { number: string; ... 4 more ...; comment?: string | undefined; }>'.
        Type 'ResolverResult<{ number: string; date: string; period_start: string; period_end: string; lines: { employee: number; accrual_type: string; amount: number; }[]; comment?: string | undefined; }, TFieldValues> | Promise<...>' is not assignable to type 'ResolverResult<{ number: string; date: string; period_start: string; period_end: string; lines: { employee: number; accrual_type: string; amount: number; }[]; comment?: string | undefined; }, { number: string; ... 4 more ...; comment?: string | undefined; }> | Promise<...>'.
          Type 'ResolverSuccess<TFieldValues>' is not assignable to type 'ResolverResult<{ number: string; date: string; period_start: string; period_end: string; lines: { employee: number; accrual_type: string; amount: number; }[]; comment?: string | undefined; }, { number: string; ... 4 more ...; comment?: string | undefined; }> | Promise<...>'.
            Type 'ResolverSuccess<TFieldValues>' is not assignable to type 'ResolverSuccess<{ number: string; date: string; period_start: string; period_end: string; lines: { employee: number; accrual_type: string; amount: number; }[]; comment?: string | undefined; }>'.
              Type 'TFieldValues' is not assignable to type '{ number: string; date: string; period_start: string; period_end: string; lines: { employee: number; accrual_type: string; amount: number; }[]; comment?: string | undefined; }'.
                Type 'FieldValues' is missing the following properties from type '{ number: string; date: string; period_start: string; period_end: string; lines: { employee: number; accrual_type: string; amount: number; }[]; comment?: string | undefined; }': number, date, period_start, period_end, lines
src/components/documents/payroll-form.tsx(208,33): error TS2322: Type 'Control<{ number: string; date: string; period_start: string; period_end: string; lines: { employee: number; accrual_type: string; amount: number; }[]; comment?: string | undefined; }, any, TFieldValues>' is not assignable to type 'Control<{ number: string; date: string; period_start: string; period_end: string; lines: { employee: number; accrual_type: string; amount: number; }[]; comment?: string | undefined; }, any, { number: string; ... 4 more ...; comment?: string | undefined; }>'.
  The types of '_options.resolver' are incompatible between these types.
    Type 'Resolver<{ number: string; date: string; period_start: string; period_end: string; lines: { employee: number; accrual_type: string; amount: number; }[]; comment?: string | undefined; }, any, TFieldValues> | undefined' is not assignable to type 'Resolver<{ number: string; date: string; period_start: string; period_end: string; lines: { employee: number; accrual_type: string; amount: number; }[]; comment?: string | undefined; }, any, { number: string; ... 4 more ...; comment?: string | undefined; }> | undefined'.
      Type 'Resolver<{ number: string; date: string; period_start: string; period_end: string; lines: { employee: number; accrual_type: string; amount: number; }[]; comment?: string | undefined; }, any, TFieldValues>' is not assignable to type 'Resolver<{ number: string; date: string; period_start: string; period_end: string; lines: { employee: number; accrual_type: string; amount: number; }[]; comment?: string | undefined; }, any, { number: string; ... 4 more ...; comment?: string | undefined; }>'.
        Type 'ResolverResult<{ number: string; date: string; period_start: string; period_end: string; lines: { employee: number; accrual_type: string; amount: number; }[]; comment?: string | undefined; }, TFieldValues> | Promise<...>' is not assignable to type 'ResolverResult<{ number: string; date: string; period_start: string; period_end: string; lines: { employee: number; accrual_type: string; amount: number; }[]; comment?: string | undefined; }, { number: string; ... 4 more ...; comment?: string | undefined; }> | Promise<...>'.
          Type 'ResolverSuccess<TFieldValues>' is not assignable to type 'ResolverResult<{ number: string; date: string; period_start: string; period_end: string; lines: { employee: number; accrual_type: string; amount: number; }[]; comment?: string | undefined; }, { number: string; ... 4 more ...; comment?: string | undefined; }> | Promise<...>'.
            Type 'ResolverSuccess<TFieldValues>' is not assignable to type 'ResolverSuccess<{ number: string; date: string; period_start: string; period_end: string; lines: { employee: number; accrual_type: string; amount: number; }[]; comment?: string | undefined; }>'.
              Type 'TFieldValues' is not assignable to type '{ number: string; date: string; period_start: string; period_end: string; lines: { employee: number; accrual_type: string; amount: number; }[]; comment?: string | undefined; }'.
                Type 'FieldValues' is missing the following properties from type '{ number: string; date: string; period_start: string; period_end: string; lines: { employee: number; accrual_type: string; amount: number; }[]; comment?: string | undefined; }': number, date, period_start, period_end, lines
src/components/documents/payroll-form.tsx(221,33): error TS2322: Type 'Control<{ number: string; date: string; period_start: string; period_end: string; lines: { employee: number; accrual_type: string; amount: number; }[]; comment?: string | undefined; }, any, TFieldValues>' is not assignable to type 'Control<{ number: string; date: string; period_start: string; period_end: string; lines: { employee: number; accrual_type: string; amount: number; }[]; comment?: string | undefined; }, any, { number: string; ... 4 more ...; comment?: string | undefined; }>'.
  The types of '_options.resolver' are incompatible between these types.
    Type 'Resolver<{ number: string; date: string; period_start: string; period_end: string; lines: { employee: number; accrual_type: string; amount: number; }[]; comment?: string | undefined; }, any, TFieldValues> | undefined' is not assignable to type 'Resolver<{ number: string; date: string; period_start: string; period_end: string; lines: { employee: number; accrual_type: string; amount: number; }[]; comment?: string | undefined; }, any, { number: string; ... 4 more ...; comment?: string | undefined; }> | undefined'.
      Type 'Resolver<{ number: string; date: string; period_start: string; period_end: string; lines: { employee: number; accrual_type: string; amount: number; }[]; comment?: string | undefined; }, any, TFieldValues>' is not assignable to type 'Resolver<{ number: string; date: string; period_start: string; period_end: string; lines: { employee: number; accrual_type: string; amount: number; }[]; comment?: string | undefined; }, any, { number: string; ... 4 more ...; comment?: string | undefined; }>'.
        Type 'ResolverResult<{ number: string; date: string; period_start: string; period_end: string; lines: { employee: number; accrual_type: string; amount: number; }[]; comment?: string | undefined; }, TFieldValues> | Promise<...>' is not assignable to type 'ResolverResult<{ number: string; date: string; period_start: string; period_end: string; lines: { employee: number; accrual_type: string; amount: number; }[]; comment?: string | undefined; }, { number: string; ... 4 more ...; comment?: string | undefined; }> | Promise<...>'.
          Type 'ResolverSuccess<TFieldValues>' is not assignable to type 'ResolverResult<{ number: string; date: string; period_start: string; period_end: string; lines: { employee: number; accrual_type: string; amount: number; }[]; comment?: string | undefined; }, { number: string; ... 4 more ...; comment?: string | undefined; }> | Promise<...>'.
            Type 'ResolverSuccess<TFieldValues>' is not assignable to type 'ResolverSuccess<{ number: string; date: string; period_start: string; period_end: string; lines: { employee: number; accrual_type: string; amount: number; }[]; comment?: string | undefined; }>'.
              Type 'TFieldValues' is not assignable to type '{ number: string; date: string; period_start: string; period_end: string; lines: { employee: number; accrual_type: string; amount: number; }[]; comment?: string | undefined; }'.
                Type 'FieldValues' is missing the following properties from type '{ number: string; date: string; period_start: string; period_end: string; lines: { employee: number; accrual_type: string; amount: number; }[]; comment?: string | undefined; }': number, date, period_start, period_end, lines
src/components/documents/payroll-form.tsx(236,29): error TS2322: Type 'Control<{ number: string; date: string; period_start: string; period_end: string; lines: { employee: number; accrual_type: string; amount: number; }[]; comment?: string | undefined; }, any, TFieldValues>' is not assignable to type 'Control<{ number: string; date: string; period_start: string; period_end: string; lines: { employee: number; accrual_type: string; amount: number; }[]; comment?: string | undefined; }, any, { number: string; ... 4 more ...; comment?: string | undefined; }>'.
  The types of '_options.resolver' are incompatible between these types.
    Type 'Resolver<{ number: string; date: string; period_start: string; period_end: string; lines: { employee: number; accrual_type: string; amount: number; }[]; comment?: string | undefined; }, any, TFieldValues> | undefined' is not assignable to type 'Resolver<{ number: string; date: string; period_start: string; period_end: string; lines: { employee: number; accrual_type: string; amount: number; }[]; comment?: string | undefined; }, any, { number: string; ... 4 more ...; comment?: string | undefined; }> | undefined'.
      Type 'Resolver<{ number: string; date: string; period_start: string; period_end: string; lines: { employee: number; accrual_type: string; amount: number; }[]; comment?: string | undefined; }, any, TFieldValues>' is not assignable to type 'Resolver<{ number: string; date: string; period_start: string; period_end: string; lines: { employee: number; accrual_type: string; amount: number; }[]; comment?: string | undefined; }, any, { number: string; ... 4 more ...; comment?: string | undefined; }>'.
        Type 'ResolverResult<{ number: string; date: string; period_start: string; period_end: string; lines: { employee: number; accrual_type: string; amount: number; }[]; comment?: string | undefined; }, TFieldValues> | Promise<...>' is not assignable to type 'ResolverResult<{ number: string; date: string; period_start: string; period_end: string; lines: { employee: number; accrual_type: string; amount: number; }[]; comment?: string | undefined; }, { number: string; ... 4 more ...; comment?: string | undefined; }> | Promise<...>'.
          Type 'ResolverSuccess<TFieldValues>' is not assignable to type 'ResolverResult<{ number: string; date: string; period_start: string; period_end: string; lines: { employee: number; accrual_type: string; amount: number; }[]; comment?: string | undefined; }, { number: string; ... 4 more ...; comment?: string | undefined; }> | Promise<...>'.
            Type 'ResolverSuccess<TFieldValues>' is not assignable to type 'ResolverSuccess<{ number: string; date: string; period_start: string; period_end: string; lines: { employee: number; accrual_type: string; amount: number; }[]; comment?: string | undefined; }>'.
              Type 'TFieldValues' is not assignable to type '{ number: string; date: string; period_start: string; period_end: string; lines: { employee: number; accrual_type: string; amount: number; }[]; comment?: string | undefined; }'.
                Type 'FieldValues' is missing the following properties from type '{ number: string; date: string; period_start: string; period_end: string; lines: { employee: number; accrual_type: string; amount: number; }[]; comment?: string | undefined; }': number, date, period_start, period_end, lines
src/components/documents/payroll-form.tsx(264,53): error TS2322: Type 'Control<{ number: string; date: string; period_start: string; period_end: string; lines: { employee: number; accrual_type: string; amount: number; }[]; comment?: string | undefined; }, any, TFieldValues>' is not assignable to type 'Control<{ number: string; date: string; period_start: string; period_end: string; lines: { employee: number; accrual_type: string; amount: number; }[]; comment?: string | undefined; }, any, { number: string; ... 4 more ...; comment?: string | undefined; }>'.
  The types of '_options.resolver' are incompatible between these types.
    Type 'Resolver<{ number: string; date: string; period_start: string; period_end: string; lines: { employee: number; accrual_type: string; amount: number; }[]; comment?: string | undefined; }, any, TFieldValues> | undefined' is not assignable to type 'Resolver<{ number: string; date: string; period_start: string; period_end: string; lines: { employee: number; accrual_type: string; amount: number; }[]; comment?: string | undefined; }, any, { number: string; ... 4 more ...; comment?: string | undefined; }> | undefined'.
      Type 'Resolver<{ number: string; date: string; period_start: string; period_end: string; lines: { employee: number; accrual_type: string; amount: number; }[]; comment?: string | undefined; }, any, TFieldValues>' is not assignable to type 'Resolver<{ number: string; date: string; period_start: string; period_end: string; lines: { employee: number; accrual_type: string; amount: number; }[]; comment?: string | undefined; }, any, { number: string; ... 4 more ...; comment?: string | undefined; }>'.
        Type 'ResolverResult<{ number: string; date: string; period_start: string; period_end: string; lines: { employee: number; accrual_type: string; amount: number; }[]; comment?: string | undefined; }, TFieldValues> | Promise<...>' is not assignable to type 'ResolverResult<{ number: string; date: string; period_start: string; period_end: string; lines: { employee: number; accrual_type: string; amount: number; }[]; comment?: string | undefined; }, { number: string; ... 4 more ...; comment?: string | undefined; }> | Promise<...>'.
          Type 'ResolverSuccess<TFieldValues>' is not assignable to type 'ResolverResult<{ number: string; date: string; period_start: string; period_end: string; lines: { employee: number; accrual_type: string; amount: number; }[]; comment?: string | undefined; }, { number: string; ... 4 more ...; comment?: string | undefined; }> | Promise<...>'.
            Type 'ResolverSuccess<TFieldValues>' is not assignable to type 'ResolverSuccess<{ number: string; date: string; period_start: string; period_end: string; lines: { employee: number; accrual_type: string; amount: number; }[]; comment?: string | undefined; }>'.
              Type 'TFieldValues' is not assignable to type '{ number: string; date: string; period_start: string; period_end: string; lines: { employee: number; accrual_type: string; amount: number; }[]; comment?: string | undefined; }'.
                Type 'FieldValues' is missing the following properties from type '{ number: string; date: string; period_start: string; period_end: string; lines: { employee: number; accrual_type: string; amount: number; }[]; comment?: string | undefined; }': number, date, period_start, period_end, lines
src/components/documents/payroll-form.tsx(292,53): error TS2322: Type 'Control<{ number: string; date: string; period_start: string; period_end: string; lines: { employee: number; accrual_type: string; amount: number; }[]; comment?: string | undefined; }, any, TFieldValues>' is not assignable to type 'Control<{ number: string; date: string; period_start: string; period_end: string; lines: { employee: number; accrual_type: string; amount: number; }[]; comment?: string | undefined; }, any, { number: string; ... 4 more ...; comment?: string | undefined; }>'.
  The types of '_options.resolver' are incompatible between these types.
    Type 'Resolver<{ number: string; date: string; period_start: string; period_end: string; lines: { employee: number; accrual_type: string; amount: number; }[]; comment?: string | undefined; }, any, TFieldValues> | undefined' is not assignable to type 'Resolver<{ number: string; date: string; period_start: string; period_end: string; lines: { employee: number; accrual_type: string; amount: number; }[]; comment?: string | undefined; }, any, { number: string; ... 4 more ...; comment?: string | undefined; }> | undefined'.
      Type 'Resolver<{ number: string; date: string; period_start: string; period_end: string; lines: { employee: number; accrual_type: string; amount: number; }[]; comment?: string | undefined; }, any, TFieldValues>' is not assignable to type 'Resolver<{ number: string; date: string; period_start: string; period_end: string; lines: { employee: number; accrual_type: string; amount: number; }[]; comment?: string | undefined; }, any, { number: string; ... 4 more ...; comment?: string | undefined; }>'.
        Type 'ResolverResult<{ number: string; date: string; period_start: string; period_end: string; lines: { employee: number; accrual_type: string; amount: number; }[]; comment?: string | undefined; }, TFieldValues> | Promise<...>' is not assignable to type 'ResolverResult<{ number: string; date: string; period_start: string; period_end: string; lines: { employee: number; accrual_type: string; amount: number; }[]; comment?: string | undefined; }, { number: string; ... 4 more ...; comment?: string | undefined; }> | Promise<...>'.
          Type 'ResolverSuccess<TFieldValues>' is not assignable to type 'ResolverResult<{ number: string; date: string; period_start: string; period_end: string; lines: { employee: number; accrual_type: string; amount: number; }[]; comment?: string | undefined; }, { number: string; ... 4 more ...; comment?: string | undefined; }> | Promise<...>'.
            Type 'ResolverSuccess<TFieldValues>' is not assignable to type 'ResolverSuccess<{ number: string; date: string; period_start: string; period_end: string; lines: { employee: number; accrual_type: string; amount: number; }[]; comment?: string | undefined; }>'.
              Type 'TFieldValues' is not assignable to type '{ number: string; date: string; period_start: string; period_end: string; lines: { employee: number; accrual_type: string; amount: number; }[]; comment?: string | undefined; }'.
                Type 'FieldValues' is missing the following properties from type '{ number: string; date: string; period_start: string; period_end: string; lines: { employee: number; accrual_type: string; amount: number; }[]; comment?: string | undefined; }': number, date, period_start, period_end, lines
src/components/documents/payroll-form.tsx(306,53): error TS2322: Type 'Control<{ number: string; date: string; period_start: string; period_end: string; lines: { employee: number; accrual_type: string; amount: number; }[]; comment?: string | undefined; }, any, TFieldValues>' is not assignable to type 'Control<{ number: string; date: string; period_start: string; period_end: string; lines: { employee: number; accrual_type: string; amount: number; }[]; comment?: string | undefined; }, any, { number: string; ... 4 more ...; comment?: string | undefined; }>'.
  The types of '_options.resolver' are incompatible between these types.
    Type 'Resolver<{ number: string; date: string; period_start: string; period_end: string; lines: { employee: number; accrual_type: string; amount: number; }[]; comment?: string | undefined; }, any, TFieldValues> | undefined' is not assignable to type 'Resolver<{ number: string; date: string; period_start: string; period_end: string; lines: { employee: number; accrual_type: string; amount: number; }[]; comment?: string | undefined; }, any, { number: string; ... 4 more ...; comment?: string | undefined; }> | undefined'.
      Type 'Resolver<{ number: string; date: string; period_start: string; period_end: string; lines: { employee: number; accrual_type: string; amount: number; }[]; comment?: string | undefined; }, any, TFieldValues>' is not assignable to type 'Resolver<{ number: string; date: string; period_start: string; period_end: string; lines: { employee: number; accrual_type: string; amount: number; }[]; comment?: string | undefined; }, any, { number: string; ... 4 more ...; comment?: string | undefined; }>'.
        Type 'ResolverResult<{ number: string; date: string; period_start: string; period_end: string; lines: { employee: number; accrual_type: string; amount: number; }[]; comment?: string | undefined; }, TFieldValues> | Promise<...>' is not assignable to type 'ResolverResult<{ number: string; date: string; period_start: string; period_end: string; lines: { employee: number; accrual_type: string; amount: number; }[]; comment?: string | undefined; }, { number: string; ... 4 more ...; comment?: string | undefined; }> | Promise<...>'.
          Type 'ResolverSuccess<TFieldValues>' is not assignable to type 'ResolverResult<{ number: string; date: string; period_start: string; period_end: string; lines: { employee: number; accrual_type: string; amount: number; }[]; comment?: string | undefined; }, { number: string; ... 4 more ...; comment?: string | undefined; }> | Promise<...>'.
            Type 'ResolverSuccess<TFieldValues>' is not assignable to type 'ResolverSuccess<{ number: string; date: string; period_start: string; period_end: string; lines: { employee: number; accrual_type: string; amount: number; }[]; comment?: string | undefined; }>'.
              Type 'TFieldValues' is not assignable to type '{ number: string; date: string; period_start: string; period_end: string; lines: { employee: number; accrual_type: string; amount: number; }[]; comment?: string | undefined; }'.
                Type 'FieldValues' is missing the following properties from type '{ number: string; date: string; period_start: string; period_end: string; lines: { employee: number; accrual_type: string; amount: number; }[]; comment?: string | undefined; }': number, date, period_start, period_end, lines
src/components/documents/production-form.tsx(100,9): error TS2322: Type 'Resolver<{ number: string; date: string; warehouse: unknown; products: { item: unknown; quantity: unknown; price: unknown; }[]; materials_warehouse?: unknown; production_account_code?: string | undefined; comment?: string | undefined; materials?: { ...; }[] | undefined; }, any, { ...; }>' is not assignable to type 'Resolver<{ number: string; date: string; warehouse: number; production_account_code: string; products: { item: number; quantity: number; price: number; }[]; materials_warehouse?: number | undefined; comment?: string | undefined; materials?: { ...; }[] | undefined; }, any, { ...; }>'.
  Types of parameters 'options' and 'options' are incompatible.
    Type 'ResolverOptions<{ number: string; date: string; warehouse: number; production_account_code: string; products: { item: number; quantity: number; price: number; }[]; materials_warehouse?: number | undefined; comment?: string | undefined; materials?: { ...; }[] | undefined; }>' is not assignable to type 'ResolverOptions<{ number: string; date: string; warehouse: unknown; products: { item: unknown; quantity: unknown; price: unknown; }[]; materials_warehouse?: unknown; production_account_code?: string | undefined; comment?: string | undefined; materials?: { ...; }[] | undefined; }>'.
      Types of property 'names' are incompatible.
        Type 'string[] | undefined' is not assignable to type '("number" | "warehouse" | "date" | "comment" | "materials_warehouse" | "production_account_code" | "products" | "materials")[] | undefined'.
          Type 'string[]' is not assignable to type '("number" | "warehouse" | "date" | "comment" | "materials_warehouse" | "production_account_code" | "products" | "materials")[]'.
            Type 'string' is not assignable to type '"number" | "warehouse" | "date" | "comment" | "materials_warehouse" | "production_account_code" | "products" | "materials"'.
src/components/documents/production-form.tsx(169,40): error TS2345: Argument of type '(values: FormValues) => void' is not assignable to parameter of type 'SubmitHandler<TFieldValues>'.
  Types of parameters 'values' and 'data' are incompatible.
    Type 'TFieldValues' is not assignable to type '{ number: string; date: string; warehouse: number; production_account_code: string; products: { item: number; quantity: number; price: number; }[]; materials_warehouse?: number | undefined; comment?: string | undefined; materials?: { ...; }[] | undefined; }'.
      Type 'FieldValues' is missing the following properties from type '{ number: string; date: string; warehouse: number; production_account_code: string; products: { item: number; quantity: number; price: number; }[]; materials_warehouse?: number | undefined; comment?: string | undefined; materials?: { ...; }[] | undefined; }': number, date, warehouse, production_account_code, products
src/components/documents/production-form.tsx(176,40): error TS2345: Argument of type '(values: FormValues) => void' is not assignable to parameter of type 'SubmitHandler<TFieldValues>'.
  Types of parameters 'values' and 'data' are incompatible.
    Type 'TFieldValues' is not assignable to type '{ number: string; date: string; warehouse: number; production_account_code: string; products: { item: number; quantity: number; price: number; }[]; materials_warehouse?: number | undefined; comment?: string | undefined; materials?: { ...; }[] | undefined; }'.
      Type 'FieldValues' is missing the following properties from type '{ number: string; date: string; warehouse: number; production_account_code: string; products: { item: number; quantity: number; price: number; }[]; materials_warehouse?: number | undefined; comment?: string | undefined; materials?: { ...; }[] | undefined; }': number, date, warehouse, production_account_code, products
src/components/documents/production-form.tsx(199,33): error TS2322: Type 'Control<{ number: string; date: string; warehouse: number; production_account_code: string; products: { item: number; quantity: number; price: number; }[]; materials_warehouse?: number | undefined; comment?: string | undefined; materials?: { ...; }[] | undefined; }, any, TFieldValues>' is not assignable to type 'Control<{ number: string; date: string; warehouse: number; production_account_code: string; products: { item: number; quantity: number; price: number; }[]; materials_warehouse?: number | undefined; comment?: string | undefined; materials?: { ...; }[] | undefined; }, any, { ...; }>'.
  The types of '_options.resolver' are incompatible between these types.
    Type 'Resolver<{ number: string; date: string; warehouse: number; production_account_code: string; products: { item: number; quantity: number; price: number; }[]; materials_warehouse?: number | undefined; comment?: string | undefined; materials?: { ...; }[] | undefined; }, any, TFieldValues> | undefined' is not assignable to type 'Resolver<{ number: string; date: string; warehouse: number; production_account_code: string; products: { item: number; quantity: number; price: number; }[]; materials_warehouse?: number | undefined; comment?: string | undefined; materials?: { ...; }[] | undefined; }, any, { ...; }> | undefined'.
      Type 'Resolver<{ number: string; date: string; warehouse: number; production_account_code: string; products: { item: number; quantity: number; price: number; }[]; materials_warehouse?: number | undefined; comment?: string | undefined; materials?: { ...; }[] | undefined; }, any, TFieldValues>' is not assignable to type 'Resolver<{ number: string; date: string; warehouse: number; production_account_code: string; products: { item: number; quantity: number; price: number; }[]; materials_warehouse?: number | undefined; comment?: string | undefined; materials?: { ...; }[] | undefined; }, any, { ...; }>'.
        Type 'ResolverResult<{ number: string; date: string; warehouse: number; production_account_code: string; products: { item: number; quantity: number; price: number; }[]; materials_warehouse?: number | undefined; comment?: string | undefined; materials?: { ...; }[] | undefined; }, TFieldValues> | Promise<...>' is not assignable to type 'ResolverResult<{ number: string; date: string; warehouse: number; production_account_code: string; products: { item: number; quantity: number; price: number; }[]; materials_warehouse?: number | undefined; comment?: string | undefined; materials?: { ...; }[] | undefined; }, { ...; }> | Promise<...>'.
          Type 'ResolverSuccess<TFieldValues>' is not assignable to type 'ResolverResult<{ number: string; date: string; warehouse: number; production_account_code: string; products: { item: number; quantity: number; price: number; }[]; materials_warehouse?: number | undefined; comment?: string | undefined; materials?: { ...; }[] | undefined; }, { ...; }> | Promise<...>'.
            Type 'ResolverSuccess<TFieldValues>' is not assignable to type 'ResolverSuccess<{ number: string; date: string; warehouse: number; production_account_code: string; products: { item: number; quantity: number; price: number; }[]; materials_warehouse?: number | undefined; comment?: string | undefined; materials?: { ...; }[] | undefined; }>'.
              Type 'TFieldValues' is not assignable to type '{ number: string; date: string; warehouse: number; production_account_code: string; products: { item: number; quantity: number; price: number; }[]; materials_warehouse?: number | undefined; comment?: string | undefined; materials?: { ...; }[] | undefined; }'.
                Type 'FieldValues' is missing the following properties from type '{ number: string; date: string; warehouse: number; production_account_code: string; products: { item: number; quantity: number; price: number; }[]; materials_warehouse?: number | undefined; comment?: string | undefined; materials?: { ...; }[] | undefined; }': number, date, warehouse, production_account_code, products
src/components/documents/production-form.tsx(212,33): error TS2322: Type 'Control<{ number: string; date: string; warehouse: number; production_account_code: string; products: { item: number; quantity: number; price: number; }[]; materials_warehouse?: number | undefined; comment?: string | undefined; materials?: { ...; }[] | undefined; }, any, TFieldValues>' is not assignable to type 'Control<{ number: string; date: string; warehouse: number; production_account_code: string; products: { item: number; quantity: number; price: number; }[]; materials_warehouse?: number | undefined; comment?: string | undefined; materials?: { ...; }[] | undefined; }, any, { ...; }>'.
  The types of '_options.resolver' are incompatible between these types.
    Type 'Resolver<{ number: string; date: string; warehouse: number; production_account_code: string; products: { item: number; quantity: number; price: number; }[]; materials_warehouse?: number | undefined; comment?: string | undefined; materials?: { ...; }[] | undefined; }, any, TFieldValues> | undefined' is not assignable to type 'Resolver<{ number: string; date: string; warehouse: number; production_account_code: string; products: { item: number; quantity: number; price: number; }[]; materials_warehouse?: number | undefined; comment?: string | undefined; materials?: { ...; }[] | undefined; }, any, { ...; }> | undefined'.
      Type 'Resolver<{ number: string; date: string; warehouse: number; production_account_code: string; products: { item: number; quantity: number; price: number; }[]; materials_warehouse?: number | undefined; comment?: string | undefined; materials?: { ...; }[] | undefined; }, any, TFieldValues>' is not assignable to type 'Resolver<{ number: string; date: string; warehouse: number; production_account_code: string; products: { item: number; quantity: number; price: number; }[]; materials_warehouse?: number | undefined; comment?: string | undefined; materials?: { ...; }[] | undefined; }, any, { ...; }>'.
        Type 'ResolverResult<{ number: string; date: string; warehouse: number; production_account_code: string; products: { item: number; quantity: number; price: number; }[]; materials_warehouse?: number | undefined; comment?: string | undefined; materials?: { ...; }[] | undefined; }, TFieldValues> | Promise<...>' is not assignable to type 'ResolverResult<{ number: string; date: string; warehouse: number; production_account_code: string; products: { item: number; quantity: number; price: number; }[]; materials_warehouse?: number | undefined; comment?: string | undefined; materials?: { ...; }[] | undefined; }, { ...; }> | Promise<...>'.
          Type 'ResolverSuccess<TFieldValues>' is not assignable to type 'ResolverResult<{ number: string; date: string; warehouse: number; production_account_code: string; products: { item: number; quantity: number; price: number; }[]; materials_warehouse?: number | undefined; comment?: string | undefined; materials?: { ...; }[] | undefined; }, { ...; }> | Promise<...>'.
            Type 'ResolverSuccess<TFieldValues>' is not assignable to type 'ResolverSuccess<{ number: string; date: string; warehouse: number; production_account_code: string; products: { item: number; quantity: number; price: number; }[]; materials_warehouse?: number | undefined; comment?: string | undefined; materials?: { ...; }[] | undefined; }>'.
              Type 'TFieldValues' is not assignable to type '{ number: string; date: string; warehouse: number; production_account_code: string; products: { item: number; quantity: number; price: number; }[]; materials_warehouse?: number | undefined; comment?: string | undefined; materials?: { ...; }[] | undefined; }'.
                Type 'FieldValues' is missing the following properties from type '{ number: string; date: string; warehouse: number; production_account_code: string; products: { item: number; quantity: number; price: number; }[]; materials_warehouse?: number | undefined; comment?: string | undefined; materials?: { ...; }[] | undefined; }': number, date, warehouse, production_account_code, products
src/components/documents/production-form.tsx(225,33): error TS2322: Type 'Control<{ number: string; date: string; warehouse: number; production_account_code: string; products: { item: number; quantity: number; price: number; }[]; materials_warehouse?: number | undefined; comment?: string | undefined; materials?: { ...; }[] | undefined; }, any, TFieldValues>' is not assignable to type 'Control<{ number: string; date: string; warehouse: number; production_account_code: string; products: { item: number; quantity: number; price: number; }[]; materials_warehouse?: number | undefined; comment?: string | undefined; materials?: { ...; }[] | undefined; }, any, { ...; }>'.
  The types of '_options.resolver' are incompatible between these types.
    Type 'Resolver<{ number: string; date: string; warehouse: number; production_account_code: string; products: { item: number; quantity: number; price: number; }[]; materials_warehouse?: number | undefined; comment?: string | undefined; materials?: { ...; }[] | undefined; }, any, TFieldValues> | undefined' is not assignable to type 'Resolver<{ number: string; date: string; warehouse: number; production_account_code: string; products: { item: number; quantity: number; price: number; }[]; materials_warehouse?: number | undefined; comment?: string | undefined; materials?: { ...; }[] | undefined; }, any, { ...; }> | undefined'.
      Type 'Resolver<{ number: string; date: string; warehouse: number; production_account_code: string; products: { item: number; quantity: number; price: number; }[]; materials_warehouse?: number | undefined; comment?: string | undefined; materials?: { ...; }[] | undefined; }, any, TFieldValues>' is not assignable to type 'Resolver<{ number: string; date: string; warehouse: number; production_account_code: string; products: { item: number; quantity: number; price: number; }[]; materials_warehouse?: number | undefined; comment?: string | undefined; materials?: { ...; }[] | undefined; }, any, { ...; }>'.
        Type 'ResolverResult<{ number: string; date: string; warehouse: number; production_account_code: string; products: { item: number; quantity: number; price: number; }[]; materials_warehouse?: number | undefined; comment?: string | undefined; materials?: { ...; }[] | undefined; }, TFieldValues> | Promise<...>' is not assignable to type 'ResolverResult<{ number: string; date: string; warehouse: number; production_account_code: string; products: { item: number; quantity: number; price: number; }[]; materials_warehouse?: number | undefined; comment?: string | undefined; materials?: { ...; }[] | undefined; }, { ...; }> | Promise<...>'.
          Type 'ResolverSuccess<TFieldValues>' is not assignable to type 'ResolverResult<{ number: string; date: string; warehouse: number; production_account_code: string; products: { item: number; quantity: number; price: number; }[]; materials_warehouse?: number | undefined; comment?: string | undefined; materials?: { ...; }[] | undefined; }, { ...; }> | Promise<...>'.
            Type 'ResolverSuccess<TFieldValues>' is not assignable to type 'ResolverSuccess<{ number: string; date: string; warehouse: number; production_account_code: string; products: { item: number; quantity: number; price: number; }[]; materials_warehouse?: number | undefined; comment?: string | undefined; materials?: { ...; }[] | undefined; }>'.
              Type 'TFieldValues' is not assignable to type '{ number: string; date: string; warehouse: number; production_account_code: string; products: { item: number; quantity: number; price: number; }[]; materials_warehouse?: number | undefined; comment?: string | undefined; materials?: { ...; }[] | undefined; }'.
                Type 'FieldValues' is missing the following properties from type '{ number: string; date: string; warehouse: number; production_account_code: string; products: { item: number; quantity: number; price: number; }[]; materials_warehouse?: number | undefined; comment?: string | undefined; materials?: { ...; }[] | undefined; }': number, date, warehouse, production_account_code, products
src/components/documents/production-form.tsx(252,33): error TS2322: Type 'Control<{ number: string; date: string; warehouse: number; production_account_code: string; products: { item: number; quantity: number; price: number; }[]; materials_warehouse?: number | undefined; comment?: string | undefined; materials?: { ...; }[] | undefined; }, any, TFieldValues>' is not assignable to type 'Control<{ number: string; date: string; warehouse: number; production_account_code: string; products: { item: number; quantity: number; price: number; }[]; materials_warehouse?: number | undefined; comment?: string | undefined; materials?: { ...; }[] | undefined; }, any, { ...; }>'.
  The types of '_options.resolver' are incompatible between these types.
    Type 'Resolver<{ number: string; date: string; warehouse: number; production_account_code: string; products: { item: number; quantity: number; price: number; }[]; materials_warehouse?: number | undefined; comment?: string | undefined; materials?: { ...; }[] | undefined; }, any, TFieldValues> | undefined' is not assignable to type 'Resolver<{ number: string; date: string; warehouse: number; production_account_code: string; products: { item: number; quantity: number; price: number; }[]; materials_warehouse?: number | undefined; comment?: string | undefined; materials?: { ...; }[] | undefined; }, any, { ...; }> | undefined'.
      Type 'Resolver<{ number: string; date: string; warehouse: number; production_account_code: string; products: { item: number; quantity: number; price: number; }[]; materials_warehouse?: number | undefined; comment?: string | undefined; materials?: { ...; }[] | undefined; }, any, TFieldValues>' is not assignable to type 'Resolver<{ number: string; date: string; warehouse: number; production_account_code: string; products: { item: number; quantity: number; price: number; }[]; materials_warehouse?: number | undefined; comment?: string | undefined; materials?: { ...; }[] | undefined; }, any, { ...; }>'.
        Type 'ResolverResult<{ number: string; date: string; warehouse: number; production_account_code: string; products: { item: number; quantity: number; price: number; }[]; materials_warehouse?: number | undefined; comment?: string | undefined; materials?: { ...; }[] | undefined; }, TFieldValues> | Promise<...>' is not assignable to type 'ResolverResult<{ number: string; date: string; warehouse: number; production_account_code: string; products: { item: number; quantity: number; price: number; }[]; materials_warehouse?: number | undefined; comment?: string | undefined; materials?: { ...; }[] | undefined; }, { ...; }> | Promise<...>'.
          Type 'ResolverSuccess<TFieldValues>' is not assignable to type 'ResolverResult<{ number: string; date: string; warehouse: number; production_account_code: string; products: { item: number; quantity: number; price: number; }[]; materials_warehouse?: number | undefined; comment?: string | undefined; materials?: { ...; }[] | undefined; }, { ...; }> | Promise<...>'.
            Type 'ResolverSuccess<TFieldValues>' is not assignable to type 'ResolverSuccess<{ number: string; date: string; warehouse: number; production_account_code: string; products: { item: number; quantity: number; price: number; }[]; materials_warehouse?: number | undefined; comment?: string | undefined; materials?: { ...; }[] | undefined; }>'.
              Type 'TFieldValues' is not assignable to type '{ number: string; date: string; warehouse: number; production_account_code: string; products: { item: number; quantity: number; price: number; }[]; materials_warehouse?: number | undefined; comment?: string | undefined; materials?: { ...; }[] | undefined; }'.
                Type 'FieldValues' is missing the following properties from type '{ number: string; date: string; warehouse: number; production_account_code: string; products: { item: number; quantity: number; price: number; }[]; materials_warehouse?: number | undefined; comment?: string | undefined; materials?: { ...; }[] | undefined; }': number, date, warehouse, production_account_code, products
src/components/documents/production-form.tsx(281,29): error TS2322: Type 'Control<{ number: string; date: string; warehouse: number; production_account_code: string; products: { item: number; quantity: number; price: number; }[]; materials_warehouse?: number | undefined; comment?: string | undefined; materials?: { ...; }[] | undefined; }, any, TFieldValues>' is not assignable to type 'Control<{ number: string; date: string; warehouse: number; production_account_code: string; products: { item: number; quantity: number; price: number; }[]; materials_warehouse?: number | undefined; comment?: string | undefined; materials?: { ...; }[] | undefined; }, any, { ...; }>'.
  The types of '_options.resolver' are incompatible between these types.
    Type 'Resolver<{ number: string; date: string; warehouse: number; production_account_code: string; products: { item: number; quantity: number; price: number; }[]; materials_warehouse?: number | undefined; comment?: string | undefined; materials?: { ...; }[] | undefined; }, any, TFieldValues> | undefined' is not assignable to type 'Resolver<{ number: string; date: string; warehouse: number; production_account_code: string; products: { item: number; quantity: number; price: number; }[]; materials_warehouse?: number | undefined; comment?: string | undefined; materials?: { ...; }[] | undefined; }, any, { ...; }> | undefined'.
      Type 'Resolver<{ number: string; date: string; warehouse: number; production_account_code: string; products: { item: number; quantity: number; price: number; }[]; materials_warehouse?: number | undefined; comment?: string | undefined; materials?: { ...; }[] | undefined; }, any, TFieldValues>' is not assignable to type 'Resolver<{ number: string; date: string; warehouse: number; production_account_code: string; products: { item: number; quantity: number; price: number; }[]; materials_warehouse?: number | undefined; comment?: string | undefined; materials?: { ...; }[] | undefined; }, any, { ...; }>'.
        Type 'ResolverResult<{ number: string; date: string; warehouse: number; production_account_code: string; products: { item: number; quantity: number; price: number; }[]; materials_warehouse?: number | undefined; comment?: string | undefined; materials?: { ...; }[] | undefined; }, TFieldValues> | Promise<...>' is not assignable to type 'ResolverResult<{ number: string; date: string; warehouse: number; production_account_code: string; products: { item: number; quantity: number; price: number; }[]; materials_warehouse?: number | undefined; comment?: string | undefined; materials?: { ...; }[] | undefined; }, { ...; }> | Promise<...>'.
          Type 'ResolverSuccess<TFieldValues>' is not assignable to type 'ResolverResult<{ number: string; date: string; warehouse: number; production_account_code: string; products: { item: number; quantity: number; price: number; }[]; materials_warehouse?: number | undefined; comment?: string | undefined; materials?: { ...; }[] | undefined; }, { ...; }> | Promise<...>'.
            Type 'ResolverSuccess<TFieldValues>' is not assignable to type 'ResolverSuccess<{ number: string; date: string; warehouse: number; production_account_code: string; products: { item: number; quantity: number; price: number; }[]; materials_warehouse?: number | undefined; comment?: string | undefined; materials?: { ...; }[] | undefined; }>'.
              Type 'TFieldValues' is not assignable to type '{ number: string; date: string; warehouse: number; production_account_code: string; products: { item: number; quantity: number; price: number; }[]; materials_warehouse?: number | undefined; comment?: string | undefined; materials?: { ...; }[] | undefined; }'.
                Type 'FieldValues' is missing the following properties from type '{ number: string; date: string; warehouse: number; production_account_code: string; products: { item: number; quantity: number; price: number; }[]; materials_warehouse?: number | undefined; comment?: string | undefined; materials?: { ...; }[] | undefined; }': number, date, warehouse, production_account_code, products
src/components/documents/production-form.tsx(320,61): error TS2322: Type 'Control<{ number: string; date: string; warehouse: number; production_account_code: string; products: { item: number; quantity: number; price: number; }[]; materials_warehouse?: number | undefined; comment?: string | undefined; materials?: { ...; }[] | undefined; }, any, TFieldValues>' is not assignable to type 'Control<{ number: string; date: string; warehouse: number; production_account_code: string; products: { item: number; quantity: number; price: number; }[]; materials_warehouse?: number | undefined; comment?: string | undefined; materials?: { ...; }[] | undefined; }, any, { ...; }>'.
  The types of '_options.resolver' are incompatible between these types.
    Type 'Resolver<{ number: string; date: string; warehouse: number; production_account_code: string; products: { item: number; quantity: number; price: number; }[]; materials_warehouse?: number | undefined; comment?: string | undefined; materials?: { ...; }[] | undefined; }, any, TFieldValues> | undefined' is not assignable to type 'Resolver<{ number: string; date: string; warehouse: number; production_account_code: string; products: { item: number; quantity: number; price: number; }[]; materials_warehouse?: number | undefined; comment?: string | undefined; materials?: { ...; }[] | undefined; }, any, { ...; }> | undefined'.
      Type 'Resolver<{ number: string; date: string; warehouse: number; production_account_code: string; products: { item: number; quantity: number; price: number; }[]; materials_warehouse?: number | undefined; comment?: string | undefined; materials?: { ...; }[] | undefined; }, any, TFieldValues>' is not assignable to type 'Resolver<{ number: string; date: string; warehouse: number; production_account_code: string; products: { item: number; quantity: number; price: number; }[]; materials_warehouse?: number | undefined; comment?: string | undefined; materials?: { ...; }[] | undefined; }, any, { ...; }>'.
        Type 'ResolverResult<{ number: string; date: string; warehouse: number; production_account_code: string; products: { item: number; quantity: number; price: number; }[]; materials_warehouse?: number | undefined; comment?: string | undefined; materials?: { ...; }[] | undefined; }, TFieldValues> | Promise<...>' is not assignable to type 'ResolverResult<{ number: string; date: string; warehouse: number; production_account_code: string; products: { item: number; quantity: number; price: number; }[]; materials_warehouse?: number | undefined; comment?: string | undefined; materials?: { ...; }[] | undefined; }, { ...; }> | Promise<...>'.
          Type 'ResolverSuccess<TFieldValues>' is not assignable to type 'ResolverResult<{ number: string; date: string; warehouse: number; production_account_code: string; products: { item: number; quantity: number; price: number; }[]; materials_warehouse?: number | undefined; comment?: string | undefined; materials?: { ...; }[] | undefined; }, { ...; }> | Promise<...>'.
            Type 'ResolverSuccess<TFieldValues>' is not assignable to type 'ResolverSuccess<{ number: string; date: string; warehouse: number; production_account_code: string; products: { item: number; quantity: number; price: number; }[]; materials_warehouse?: number | undefined; comment?: string | undefined; materials?: { ...; }[] | undefined; }>'.
              Type 'TFieldValues' is not assignable to type '{ number: string; date: string; warehouse: number; production_account_code: string; products: { item: number; quantity: number; price: number; }[]; materials_warehouse?: number | undefined; comment?: string | undefined; materials?: { ...; }[] | undefined; }'.
                Type 'FieldValues' is missing the following properties from type '{ number: string; date: string; warehouse: number; production_account_code: string; products: { item: number; quantity: number; price: number; }[]; materials_warehouse?: number | undefined; comment?: string | undefined; materials?: { ...; }[] | undefined; }': number, date, warehouse, production_account_code, products
src/components/documents/production-form.tsx(348,61): error TS2322: Type 'Control<{ number: string; date: string; warehouse: number; production_account_code: string; products: { item: number; quantity: number; price: number; }[]; materials_warehouse?: number | undefined; comment?: string | undefined; materials?: { ...; }[] | undefined; }, any, TFieldValues>' is not assignable to type 'Control<{ number: string; date: string; warehouse: number; production_account_code: string; products: { item: number; quantity: number; price: number; }[]; materials_warehouse?: number | undefined; comment?: string | undefined; materials?: { ...; }[] | undefined; }, any, { ...; }>'.
  The types of '_options.resolver' are incompatible between these types.
    Type 'Resolver<{ number: string; date: string; warehouse: number; production_account_code: string; products: { item: number; quantity: number; price: number; }[]; materials_warehouse?: number | undefined; comment?: string | undefined; materials?: { ...; }[] | undefined; }, any, TFieldValues> | undefined' is not assignable to type 'Resolver<{ number: string; date: string; warehouse: number; production_account_code: string; products: { item: number; quantity: number; price: number; }[]; materials_warehouse?: number | undefined; comment?: string | undefined; materials?: { ...; }[] | undefined; }, any, { ...; }> | undefined'.
      Type 'Resolver<{ number: string; date: string; warehouse: number; production_account_code: string; products: { item: number; quantity: number; price: number; }[]; materials_warehouse?: number | undefined; comment?: string | undefined; materials?: { ...; }[] | undefined; }, any, TFieldValues>' is not assignable to type 'Resolver<{ number: string; date: string; warehouse: number; production_account_code: string; products: { item: number; quantity: number; price: number; }[]; materials_warehouse?: number | undefined; comment?: string | undefined; materials?: { ...; }[] | undefined; }, any, { ...; }>'.
        Type 'ResolverResult<{ number: string; date: string; warehouse: number; production_account_code: string; products: { item: number; quantity: number; price: number; }[]; materials_warehouse?: number | undefined; comment?: string | undefined; materials?: { ...; }[] | undefined; }, TFieldValues> | Promise<...>' is not assignable to type 'ResolverResult<{ number: string; date: string; warehouse: number; production_account_code: string; products: { item: number; quantity: number; price: number; }[]; materials_warehouse?: number | undefined; comment?: string | undefined; materials?: { ...; }[] | undefined; }, { ...; }> | Promise<...>'.
          Type 'ResolverSuccess<TFieldValues>' is not assignable to type 'ResolverResult<{ number: string; date: string; warehouse: number; production_account_code: string; products: { item: number; quantity: number; price: number; }[]; materials_warehouse?: number | undefined; comment?: string | undefined; materials?: { ...; }[] | undefined; }, { ...; }> | Promise<...>'.
            Type 'ResolverSuccess<TFieldValues>' is not assignable to type 'ResolverSuccess<{ number: string; date: string; warehouse: number; production_account_code: string; products: { item: number; quantity: number; price: number; }[]; materials_warehouse?: number | undefined; comment?: string | undefined; materials?: { ...; }[] | undefined; }>'.
              Type 'TFieldValues' is not assignable to type '{ number: string; date: string; warehouse: number; production_account_code: string; products: { item: number; quantity: number; price: number; }[]; materials_warehouse?: number | undefined; comment?: string | undefined; materials?: { ...; }[] | undefined; }'.
                Type 'FieldValues' is missing the following properties from type '{ number: string; date: string; warehouse: number; production_account_code: string; products: { item: number; quantity: number; price: number; }[]; materials_warehouse?: number | undefined; comment?: string | undefined; materials?: { ...; }[] | undefined; }': number, date, warehouse, production_account_code, products
src/components/documents/production-form.tsx(357,61): error TS2322: Type 'Control<{ number: string; date: string; warehouse: number; production_account_code: string; products: { item: number; quantity: number; price: number; }[]; materials_warehouse?: number | undefined; comment?: string | undefined; materials?: { ...; }[] | undefined; }, any, TFieldValues>' is not assignable to type 'Control<{ number: string; date: string; warehouse: number; production_account_code: string; products: { item: number; quantity: number; price: number; }[]; materials_warehouse?: number | undefined; comment?: string | undefined; materials?: { ...; }[] | undefined; }, any, { ...; }>'.
  The types of '_options.resolver' are incompatible between these types.
    Type 'Resolver<{ number: string; date: string; warehouse: number; production_account_code: string; products: { item: number; quantity: number; price: number; }[]; materials_warehouse?: number | undefined; comment?: string | undefined; materials?: { ...; }[] | undefined; }, any, TFieldValues> | undefined' is not assignable to type 'Resolver<{ number: string; date: string; warehouse: number; production_account_code: string; products: { item: number; quantity: number; price: number; }[]; materials_warehouse?: number | undefined; comment?: string | undefined; materials?: { ...; }[] | undefined; }, any, { ...; }> | undefined'.
      Type 'Resolver<{ number: string; date: string; warehouse: number; production_account_code: string; products: { item: number; quantity: number; price: number; }[]; materials_warehouse?: number | undefined; comment?: string | undefined; materials?: { ...; }[] | undefined; }, any, TFieldValues>' is not assignable to type 'Resolver<{ number: string; date: string; warehouse: number; production_account_code: string; products: { item: number; quantity: number; price: number; }[]; materials_warehouse?: number | undefined; comment?: string | undefined; materials?: { ...; }[] | undefined; }, any, { ...; }>'.
        Type 'ResolverResult<{ number: string; date: string; warehouse: number; production_account_code: string; products: { item: number; quantity: number; price: number; }[]; materials_warehouse?: number | undefined; comment?: string | undefined; materials?: { ...; }[] | undefined; }, TFieldValues> | Promise<...>' is not assignable to type 'ResolverResult<{ number: string; date: string; warehouse: number; production_account_code: string; products: { item: number; quantity: number; price: number; }[]; materials_warehouse?: number | undefined; comment?: string | undefined; materials?: { ...; }[] | undefined; }, { ...; }> | Promise<...>'.
          Type 'ResolverSuccess<TFieldValues>' is not assignable to type 'ResolverResult<{ number: string; date: string; warehouse: number; production_account_code: string; products: { item: number; quantity: number; price: number; }[]; materials_warehouse?: number | undefined; comment?: string | undefined; materials?: { ...; }[] | undefined; }, { ...; }> | Promise<...>'.
            Type 'ResolverSuccess<TFieldValues>' is not assignable to type 'ResolverSuccess<{ number: string; date: string; warehouse: number; production_account_code: string; products: { item: number; quantity: number; price: number; }[]; materials_warehouse?: number | undefined; comment?: string | undefined; materials?: { ...; }[] | undefined; }>'.
              Type 'TFieldValues' is not assignable to type '{ number: string; date: string; warehouse: number; production_account_code: string; products: { item: number; quantity: number; price: number; }[]; materials_warehouse?: number | undefined; comment?: string | undefined; materials?: { ...; }[] | undefined; }'.
                Type 'FieldValues' is missing the following properties from type '{ number: string; date: string; warehouse: number; production_account_code: string; products: { item: number; quantity: number; price: number; }[]; materials_warehouse?: number | undefined; comment?: string | undefined; materials?: { ...; }[] | undefined; }': number, date, warehouse, production_account_code, products
src/components/documents/production-form.tsx(413,57): error TS2322: Type 'Control<{ number: string; date: string; warehouse: number; production_account_code: string; products: { item: number; quantity: number; price: number; }[]; materials_warehouse?: number | undefined; comment?: string | undefined; materials?: { ...; }[] | undefined; }, any, TFieldValues>' is not assignable to type 'Control<{ number: string; date: string; warehouse: number; production_account_code: string; products: { item: number; quantity: number; price: number; }[]; materials_warehouse?: number | undefined; comment?: string | undefined; materials?: { ...; }[] | undefined; }, any, { ...; }>'.
  The types of '_options.resolver' are incompatible between these types.
    Type 'Resolver<{ number: string; date: string; warehouse: number; production_account_code: string; products: { item: number; quantity: number; price: number; }[]; materials_warehouse?: number | undefined; comment?: string | undefined; materials?: { ...; }[] | undefined; }, any, TFieldValues> | undefined' is not assignable to type 'Resolver<{ number: string; date: string; warehouse: number; production_account_code: string; products: { item: number; quantity: number; price: number; }[]; materials_warehouse?: number | undefined; comment?: string | undefined; materials?: { ...; }[] | undefined; }, any, { ...; }> | undefined'.
      Type 'Resolver<{ number: string; date: string; warehouse: number; production_account_code: string; products: { item: number; quantity: number; price: number; }[]; materials_warehouse?: number | undefined; comment?: string | undefined; materials?: { ...; }[] | undefined; }, any, TFieldValues>' is not assignable to type 'Resolver<{ number: string; date: string; warehouse: number; production_account_code: string; products: { item: number; quantity: number; price: number; }[]; materials_warehouse?: number | undefined; comment?: string | undefined; materials?: { ...; }[] | undefined; }, any, { ...; }>'.
        Type 'ResolverResult<{ number: string; date: string; warehouse: number; production_account_code: string; products: { item: number; quantity: number; price: number; }[]; materials_warehouse?: number | undefined; comment?: string | undefined; materials?: { ...; }[] | undefined; }, TFieldValues> | Promise<...>' is not assignable to type 'ResolverResult<{ number: string; date: string; warehouse: number; production_account_code: string; products: { item: number; quantity: number; price: number; }[]; materials_warehouse?: number | undefined; comment?: string | undefined; materials?: { ...; }[] | undefined; }, { ...; }> | Promise<...>'.
          Type 'ResolverSuccess<TFieldValues>' is not assignable to type 'ResolverResult<{ number: string; date: string; warehouse: number; production_account_code: string; products: { item: number; quantity: number; price: number; }[]; materials_warehouse?: number | undefined; comment?: string | undefined; materials?: { ...; }[] | undefined; }, { ...; }> | Promise<...>'.
            Type 'ResolverSuccess<TFieldValues>' is not assignable to type 'ResolverSuccess<{ number: string; date: string; warehouse: number; production_account_code: string; products: { item: number; quantity: number; price: number; }[]; materials_warehouse?: number | undefined; comment?: string | undefined; materials?: { ...; }[] | undefined; }>'.
              Type 'TFieldValues' is not assignable to type '{ number: string; date: string; warehouse: number; production_account_code: string; products: { item: number; quantity: number; price: number; }[]; materials_warehouse?: number | undefined; comment?: string | undefined; materials?: { ...; }[] | undefined; }'.
                Type 'FieldValues' is missing the following properties from type '{ number: string; date: string; warehouse: number; production_account_code: string; products: { item: number; quantity: number; price: number; }[]; materials_warehouse?: number | undefined; comment?: string | undefined; materials?: { ...; }[] | undefined; }': number, date, warehouse, production_account_code, products
src/components/documents/production-form.tsx(441,57): error TS2322: Type 'Control<{ number: string; date: string; warehouse: number; production_account_code: string; products: { item: number; quantity: number; price: number; }[]; materials_warehouse?: number | undefined; comment?: string | undefined; materials?: { ...; }[] | undefined; }, any, TFieldValues>' is not assignable to type 'Control<{ number: string; date: string; warehouse: number; production_account_code: string; products: { item: number; quantity: number; price: number; }[]; materials_warehouse?: number | undefined; comment?: string | undefined; materials?: { ...; }[] | undefined; }, any, { ...; }>'.
  The types of '_options.resolver' are incompatible between these types.
    Type 'Resolver<{ number: string; date: string; warehouse: number; production_account_code: string; products: { item: number; quantity: number; price: number; }[]; materials_warehouse?: number | undefined; comment?: string | undefined; materials?: { ...; }[] | undefined; }, any, TFieldValues> | undefined' is not assignable to type 'Resolver<{ number: string; date: string; warehouse: number; production_account_code: string; products: { item: number; quantity: number; price: number; }[]; materials_warehouse?: number | undefined; comment?: string | undefined; materials?: { ...; }[] | undefined; }, any, { ...; }> | undefined'.
      Type 'Resolver<{ number: string; date: string; warehouse: number; production_account_code: string; products: { item: number; quantity: number; price: number; }[]; materials_warehouse?: number | undefined; comment?: string | undefined; materials?: { ...; }[] | undefined; }, any, TFieldValues>' is not assignable to type 'Resolver<{ number: string; date: string; warehouse: number; production_account_code: string; products: { item: number; quantity: number; price: number; }[]; materials_warehouse?: number | undefined; comment?: string | undefined; materials?: { ...; }[] | undefined; }, any, { ...; }>'.
        Type 'ResolverResult<{ number: string; date: string; warehouse: number; production_account_code: string; products: { item: number; quantity: number; price: number; }[]; materials_warehouse?: number | undefined; comment?: string | undefined; materials?: { ...; }[] | undefined; }, TFieldValues> | Promise<...>' is not assignable to type 'ResolverResult<{ number: string; date: string; warehouse: number; production_account_code: string; products: { item: number; quantity: number; price: number; }[]; materials_warehouse?: number | undefined; comment?: string | undefined; materials?: { ...; }[] | undefined; }, { ...; }> | Promise<...>'.
          Type 'ResolverSuccess<TFieldValues>' is not assignable to type 'ResolverResult<{ number: string; date: string; warehouse: number; production_account_code: string; products: { item: number; quantity: number; price: number; }[]; materials_warehouse?: number | undefined; comment?: string | undefined; materials?: { ...; }[] | undefined; }, { ...; }> | Promise<...>'.
            Type 'ResolverSuccess<TFieldValues>' is not assignable to type 'ResolverSuccess<{ number: string; date: string; warehouse: number; production_account_code: string; products: { item: number; quantity: number; price: number; }[]; materials_warehouse?: number | undefined; comment?: string | undefined; materials?: { ...; }[] | undefined; }>'.
              Type 'TFieldValues' is not assignable to type '{ number: string; date: string; warehouse: number; production_account_code: string; products: { item: number; quantity: number; price: number; }[]; materials_warehouse?: number | undefined; comment?: string | undefined; materials?: { ...; }[] | undefined; }'.
                Type 'FieldValues' is missing the following properties from type '{ number: string; date: string; warehouse: number; production_account_code: string; products: { item: number; quantity: number; price: number; }[]; materials_warehouse?: number | undefined; comment?: string | undefined; materials?: { ...; }[] | undefined; }': number, date, warehouse, production_account_code, products
src/components/documents/transfer-document-form.tsx(81,25): error TS2345: Argument of type 'ErrorResponse' is not assignable to parameter of type 'string | number | bigint | boolean | ReactElement<unknown, string | JSXElementConstructor<any>> | Iterable<ReactNode> | ... 4 more ... | undefined'.
src/components/documents/transfer-document-form.tsx(117,21): error TS2322: Type '{ type: string; value: number; onChange: (val: any) => void; disabled: boolean; }' is not assignable to type 'IntrinsicAttributes & ReferenceSelectorProps'.
  Property 'type' does not exist on type 'IntrinsicAttributes & ReferenceSelectorProps'.
src/components/documents/transfer-document-form.tsx(119,32): error TS7006: Parameter 'val' implicitly has an 'any' type.
src/components/documents/transfer-document-form.tsx(154,19): error TS2322: Type 'IconType' is not assignable to type 'ReactNode'.
src/components/documents/transfer-document-form.tsx(161,19): error TS2322: Type 'IconType' is not assignable to type 'ReactNode'.
src/components/documents/transfer-document-form.tsx(171,25): error TS2322: Type '{ actions: CommandBarAction[]; }' is not assignable to type 'IntrinsicAttributes & CommandBarProps'.
  Property 'actions' does not exist on type 'IntrinsicAttributes & CommandBarProps'.
src/components/documents/transfer-document-form.tsx(197,33): error TS2322: Type '{ type: string; value: number | undefined; onChange: (val: any) => void; disabled: boolean; }' is not assignable to type 'IntrinsicAttributes & ReferenceSelectorProps'.
  Property 'type' does not exist on type 'IntrinsicAttributes & ReferenceSelectorProps'.
src/components/documents/transfer-document-form.tsx(199,44): error TS7006: Parameter 'val' implicitly has an 'any' type.
src/components/documents/transfer-document-form.tsx(206,33): error TS2322: Type '{ type: string; value: number | undefined; onChange: (val: any) => void; disabled: boolean; }' is not assignable to type 'IntrinsicAttributes & ReferenceSelectorProps'.
  Property 'type' does not exist on type 'IntrinsicAttributes & ReferenceSelectorProps'.
src/components/documents/transfer-document-form.tsx(208,44): error TS7006: Parameter 'val' implicitly has an 'any' type.
src/components/layout/help-panel.tsx(85,34): error TS2339: Property 'features' does not exist on type '{ title: string; description: string; shortcuts: { key: string; action: string; }[]; tips: string[]; features: string[]; } | { title: string; description: string; shortcuts: { key: string; action: string; }[]; tips: string[]; } | { ...; } | { ...; } | { ...; } | { ...; }'.
  Property 'features' does not exist on type '{ title: string; description: string; shortcuts: { key: string; action: string; }[]; tips: string[]; }'.
src/components/layout/help-panel.tsx(90,50): error TS2339: Property 'features' does not exist on type '{ title: string; description: string; shortcuts: { key: string; action: string; }[]; tips: string[]; features: string[]; } | { title: string; description: string; shortcuts: { key: string; action: string; }[]; tips: string[]; } | { ...; } | { ...; } | { ...; } | { ...; }'.
  Property 'features' does not exist on type '{ title: string; description: string; shortcuts: { key: string; action: string; }[]; tips: string[]; }'.
src/components/layout/help-panel.tsx(90,64): error TS7006: Parameter 'feature' implicitly has an 'any' type.
src/components/layout/help-panel.tsx(90,73): error TS7006: Parameter 'idx' implicitly has an 'any' type.
